
Discarded input sections

 .group         0x0000000000000000        0xc ./.metadata/.plugins/org.eclipse.cdt.make.core/specs.o
 .text          0x0000000000000000        0x0 ./.metadata/.plugins/org.eclipse.cdt.make.core/specs.o
 .data          0x0000000000000000        0x0 ./.metadata/.plugins/org.eclipse.cdt.make.core/specs.o
 .bss           0x0000000000000000        0x0 ./.metadata/.plugins/org.eclipse.cdt.make.core/specs.o
 .debug_info    0x0000000000000000       0x21 ./.metadata/.plugins/org.eclipse.cdt.make.core/specs.o
 .debug_abbrev  0x0000000000000000       0x13 ./.metadata/.plugins/org.eclipse.cdt.make.core/specs.o
 .debug_aranges
                0x0000000000000000       0x18 ./.metadata/.plugins/org.eclipse.cdt.make.core/specs.o
 .debug_macro   0x0000000000000000       0x11 ./.metadata/.plugins/org.eclipse.cdt.make.core/specs.o
 .debug_macro   0x0000000000000000      0x6e8 ./.metadata/.plugins/org.eclipse.cdt.make.core/specs.o
 .debug_line    0x0000000000000000       0x58 ./.metadata/.plugins/org.eclipse.cdt.make.core/specs.o
 .debug_str     0x0000000000000000     0x2414 ./.metadata/.plugins/org.eclipse.cdt.make.core/specs.o
 .comment       0x0000000000000000       0x13 ./.metadata/.plugins/org.eclipse.cdt.make.core/specs.o
 .riscv.attributes
                0x0000000000000000       0x21 ./.metadata/.plugins/org.eclipse.cdt.make.core/specs.o

Memory Configuration

Name             Origin             Length             Attributes
*default*        0x0000000000000000 0xffffffffffffffff

Linker script and memory map

LOAD ./.metadata/.plugins/org.eclipse.cdt.make.core/specs.o
LOAD ./pr1_0.o
LOAD c:/eclipsedos/eclipse/sysgcc/bin/../lib/gcc/riscv64-unknown-elf/10.1.0/rv32im/ilp32\libgcc.a
START GROUP
LOAD c:/eclipsedos/eclipse/sysgcc/bin/../lib/gcc/riscv64-unknown-elf/10.1.0/../../../../riscv64-unknown-elf/lib/rv32im/ilp32\libc.a
LOAD c:/eclipsedos/eclipse/sysgcc/bin/../lib/gcc/riscv64-unknown-elf/10.1.0/../../../../riscv64-unknown-elf/lib/rv32im/ilp32\libgloss.a
END GROUP
LOAD c:/eclipsedos/eclipse/sysgcc/bin/../lib/gcc/riscv64-unknown-elf/10.1.0/rv32im/ilp32\libgcc.a
                0x0000000000000000                . = 0x0

.text           0x0000000000000000       0x3c
 *(.text)
 .text          0x0000000000000000       0x3c ./pr1_0.o
                0x0000000000000000                main
                0x0000000000010000                . = 0x10000

.data           0x0000000000010000        0x8
 *(.data)
 .data          0x0000000000010000        0x8 ./pr1_0.o

.bss            0x0000000000010008        0x4
 *(.bss)
 .bss           0x0000000000010008        0x4 ./pr1_0.o

.rodata
 *(.rodata)
                [!provide]                        PROVIDE (_stack = 0x20000)
OUTPUT(pr1_0.elf elf32-littleriscv)

.riscv.attributes
                0x0000000000000000       0x21
 .riscv.attributes
                0x0000000000000000       0x1f ./pr1_0.o

.debug_line     0x0000000000000000       0x79
 .debug_line    0x0000000000000000       0x79 ./pr1_0.o

.debug_info     0x0000000000000000       0x26
 .debug_info    0x0000000000000000       0x26 ./pr1_0.o

.debug_abbrev   0x0000000000000000       0x14
 .debug_abbrev  0x0000000000000000       0x14 ./pr1_0.o

.debug_aranges  0x0000000000000000       0x20
 .debug_aranges
                0x0000000000000000       0x20 ./pr1_0.o

.debug_str      0x0000000000000000       0x70
 .debug_str     0x0000000000000000       0x70 ./pr1_0.o
