Archive member included because of file (symbol)

../../BSP/Debug\libBSP.a(uart.o)
                              ./lab11.o (uart0_init)
c:/eclipsearm/sourcery-g++-lite-arm-2011.03/bin/../lib/gcc/arm-none-eabi/4.5.2/../../../../arm-none-eabi/lib\libc.a(lib_a-atoi.o)
                              ../../BSP/Debug\libBSP.a(uart.o) (atoi)
c:/eclipsearm/sourcery-g++-lite-arm-2011.03/bin/../lib/gcc/arm-none-eabi/4.5.2/../../../../arm-none-eabi/lib\libc.a(lib_a-strtol.o)
                              c:/eclipsearm/sourcery-g++-lite-arm-2011.03/bin/../lib/gcc/arm-none-eabi/4.5.2/../../../../arm-none-eabi/lib\libc.a(lib_a-atoi.o) (_strtol_r)
c:/eclipsearm/sourcery-g++-lite-arm-2011.03/bin/../lib/gcc/arm-none-eabi/4.5.2/../../../../arm-none-eabi/lib\libc.a(lib_a-ctype_.o)
                              c:/eclipsearm/sourcery-g++-lite-arm-2011.03/bin/../lib/gcc/arm-none-eabi/4.5.2/../../../../arm-none-eabi/lib\libc.a(lib_a-strtol.o) (__ctype_ptr__)
c:/eclipsearm/sourcery-g++-lite-arm-2011.03/bin/../lib/gcc/arm-none-eabi/4.5.2/../../../../arm-none-eabi/lib\libc.a(lib_a-impure.o)
                              c:/eclipsearm/sourcery-g++-lite-arm-2011.03/bin/../lib/gcc/arm-none-eabi/4.5.2/../../../../arm-none-eabi/lib\libc.a(lib_a-strtol.o) (_impure_ptr)
c:/eclipsearm/sourcery-g++-lite-arm-2011.03/bin/../lib/gcc/arm-none-eabi/4.5.2\libgcc.a(_udivsi3.o)
                              c:/eclipsearm/sourcery-g++-lite-arm-2011.03/bin/../lib/gcc/arm-none-eabi/4.5.2/../../../../arm-none-eabi/lib\libc.a(lib_a-strtol.o) (__aeabi_uidiv)
c:/eclipsearm/sourcery-g++-lite-arm-2011.03/bin/../lib/gcc/arm-none-eabi/4.5.2\libgcc.a(_dvmd_tls.o)
                              c:/eclipsearm/sourcery-g++-lite-arm-2011.03/bin/../lib/gcc/arm-none-eabi/4.5.2\libgcc.a(_udivsi3.o) (__aeabi_idiv0)

Allocating common symbols
Common symbol       size              file

flag                0x1               ./lab11.o

Memory Configuration

Name             Origin             Length             Attributes
*default*        0x00000000         0xffffffff

Linker script and memory map

LOAD ./bootloader.o
LOAD ./lab11.o
LOAD ../../BSP/Debug\libBSP.a
START GROUP
LOAD c:/eclipsearm/sourcery-g++-lite-arm-2011.03/bin/../lib/gcc/arm-none-eabi/4.5.2\libgcc.a
LOAD c:/eclipsearm/sourcery-g++-lite-arm-2011.03/bin/../lib/gcc/arm-none-eabi/4.5.2/../../../../arm-none-eabi/lib\libc.a
END GROUP
                0x0c000000                . = 0xc000000
                0x0c000000                _image_start = .

.text           0x0c000000     0x1644
 bootloader.o()
 .text          0x0c000000      0x584 bootloader.o
 .data          0x0c000584        0x0 bootloader.o
 .bss           0x0c000584        0x0 bootloader.o
 .ARM.attributes
                0x0c000584       0x22 bootloader.o
 .debug_line    0x0c0005a6       0xc6 bootloader.o
 .debug_info    0x0c00066c       0x82 bootloader.o
 .debug_abbrev  0x0c0006ee       0x14 bootloader.o
 *fill*         0x0c000702        0x6 00
 .debug_aranges
                0x0c000708       0x20 bootloader.o
 *(.text)
 .text          0x0c000728      0x584 ./bootloader.o
 .text          0x0c000cac      0x284 ./lab11.o
                0x0c000cac                main
                0x0c000ef0                isr_tick
 .text          0x0c000f30      0x3d8 ../../BSP/Debug\libBSP.a(uart.o)
                0x0c000f30                uart0_init
                0x0c000f94                uart0_putchar
                0x0c000fe4                uart0_getchar
                0x0c00101c                uart0_puts
                0x0c00106c                uart0_putint
                0x0c001170                uart0_puthex
                0x0c001228                uart0_gets
                0x0c001288                uart0_getint
                0x0c0012c4                uart0_gethex
 .text          0x0c001308       0x30 c:/eclipsearm/sourcery-g++-lite-arm-2011.03/bin/../lib/gcc/arm-none-eabi/4.5.2/../../../../arm-none-eabi/lib\libc.a(lib_a-atoi.o)
                0x0c001308                atoi
                0x0c001320                _atoi_r
 .text          0x0c001338      0x1f4 c:/eclipsearm/sourcery-g++-lite-arm-2011.03/bin/../lib/gcc/arm-none-eabi/4.5.2/../../../../arm-none-eabi/lib\libc.a(lib_a-strtol.o)
                0x0c001338                _strtol_r
                0x0c001500                strtol
 .text          0x0c00152c        0x0 c:/eclipsearm/sourcery-g++-lite-arm-2011.03/bin/../lib/gcc/arm-none-eabi/4.5.2/../../../../arm-none-eabi/lib\libc.a(lib_a-ctype_.o)
 .text          0x0c00152c        0x0 c:/eclipsearm/sourcery-g++-lite-arm-2011.03/bin/../lib/gcc/arm-none-eabi/4.5.2/../../../../arm-none-eabi/lib\libc.a(lib_a-impure.o)
 .text          0x0c00152c      0x114 c:/eclipsearm/sourcery-g++-lite-arm-2011.03/bin/../lib/gcc/arm-none-eabi/4.5.2\libgcc.a(_udivsi3.o)
                0x0c00152c                __aeabi_uidiv
                0x0c00152c                __udivsi3
                0x0c001620                __aeabi_uidivmod
 .text          0x0c001640        0x4 c:/eclipsearm/sourcery-g++-lite-arm-2011.03/bin/../lib/gcc/arm-none-eabi/4.5.2\libgcc.a(_dvmd_tls.o)
                0x0c001640                __aeabi_idiv0
                0x0c001640                __aeabi_ldiv0

.glue_7         0x0c001644        0x0
 .glue_7        0x00000000        0x0 linker stubs

.glue_7t        0x0c001644        0x0
 .glue_7t       0x00000000        0x0 linker stubs

.vfp11_veneer   0x0c001644        0x0
 .vfp11_veneer  0x00000000        0x0 linker stubs

.v4_bx          0x0c001644        0x0
 .v4_bx         0x00000000        0x0 linker stubs

.rodata         0x0c001644      0x1c4
 *(.rodata)
 .rodata        0x0c001644       0xbc ./lab11.o
 .rodata        0x0c001700      0x104 c:/eclipsearm/sourcery-g++-lite-arm-2011.03/bin/../lib/gcc/arm-none-eabi/4.5.2/../../../../arm-none-eabi/lib\libc.a(lib_a-ctype_.o)
                0x0c001700                _ctype_
 .rodata        0x0c001804        0x4 c:/eclipsearm/sourcery-g++-lite-arm-2011.03/bin/../lib/gcc/arm-none-eabi/4.5.2/../../../../arm-none-eabi/lib\libc.a(lib_a-impure.o)
                0x0c001804                _global_impure_ptr

.rodata.str1.4  0x0c001808        0x4
 .rodata.str1.4
                0x0c001808        0x4 c:/eclipsearm/sourcery-g++-lite-arm-2011.03/bin/../lib/gcc/arm-none-eabi/4.5.2/../../../../arm-none-eabi/lib\libc.a(lib_a-impure.o)

.data           0x0c001810      0x438
 *(.data)
 .data          0x0c001810        0x0 ./bootloader.o
 .data          0x0c001810        0x0 ./lab11.o
 .data          0x0c001810        0x0 ../../BSP/Debug\libBSP.a(uart.o)
 .data          0x0c001810        0x0 c:/eclipsearm/sourcery-g++-lite-arm-2011.03/bin/../lib/gcc/arm-none-eabi/4.5.2/../../../../arm-none-eabi/lib\libc.a(lib_a-atoi.o)
 .data          0x0c001810        0x0 c:/eclipsearm/sourcery-g++-lite-arm-2011.03/bin/../lib/gcc/arm-none-eabi/4.5.2/../../../../arm-none-eabi/lib\libc.a(lib_a-strtol.o)
 .data          0x0c001810        0x4 c:/eclipsearm/sourcery-g++-lite-arm-2011.03/bin/../lib/gcc/arm-none-eabi/4.5.2/../../../../arm-none-eabi/lib\libc.a(lib_a-ctype_.o)
                0x0c001810                __ctype_ptr__
 *fill*         0x0c001814        0x4 00
 .data          0x0c001818      0x430 c:/eclipsearm/sourcery-g++-lite-arm-2011.03/bin/../lib/gcc/arm-none-eabi/4.5.2/../../../../arm-none-eabi/lib\libc.a(lib_a-impure.o)
                0x0c001818                _impure_ptr
 .data          0x0c001c48        0x0 c:/eclipsearm/sourcery-g++-lite-arm-2011.03/bin/../lib/gcc/arm-none-eabi/4.5.2\libgcc.a(_udivsi3.o)
 .data          0x0c001c48        0x0 c:/eclipsearm/sourcery-g++-lite-arm-2011.03/bin/../lib/gcc/arm-none-eabi/4.5.2\libgcc.a(_dvmd_tls.o)

.bss            0x0c001c48        0x1
 *(.bss)
 .bss           0x0c001c48        0x0 ./bootloader.o
 .bss           0x0c001c48        0x0 ./lab11.o
 .bss           0x0c001c48        0x0 ../../BSP/Debug\libBSP.a(uart.o)
 .bss           0x0c001c48        0x0 c:/eclipsearm/sourcery-g++-lite-arm-2011.03/bin/../lib/gcc/arm-none-eabi/4.5.2/../../../../arm-none-eabi/lib\libc.a(lib_a-atoi.o)
 .bss           0x0c001c48        0x0 c:/eclipsearm/sourcery-g++-lite-arm-2011.03/bin/../lib/gcc/arm-none-eabi/4.5.2/../../../../arm-none-eabi/lib\libc.a(lib_a-strtol.o)
 .bss           0x0c001c48        0x0 c:/eclipsearm/sourcery-g++-lite-arm-2011.03/bin/../lib/gcc/arm-none-eabi/4.5.2/../../../../arm-none-eabi/lib\libc.a(lib_a-ctype_.o)
 .bss           0x0c001c48        0x0 c:/eclipsearm/sourcery-g++-lite-arm-2011.03/bin/../lib/gcc/arm-none-eabi/4.5.2/../../../../arm-none-eabi/lib\libc.a(lib_a-impure.o)
 .bss           0x0c001c48        0x0 c:/eclipsearm/sourcery-g++-lite-arm-2011.03/bin/../lib/gcc/arm-none-eabi/4.5.2\libgcc.a(_udivsi3.o)
 .bss           0x0c001c48        0x0 c:/eclipsearm/sourcery-g++-lite-arm-2011.03/bin/../lib/gcc/arm-none-eabi/4.5.2\libgcc.a(_dvmd_tls.o)
 COMMON         0x0c001c48        0x1 ./lab11.o
                0x0c001c48                flag
                0x0c001c49                _image_end = .
                0x0c001c49                end = .
OUTPUT(lab11.elf elf32-littlearm)

.ARM.attributes
                0x00000000       0x2e
 .ARM.attributes
                0x00000000       0x22 ./bootloader.o
 .ARM.attributes
                0x00000022       0x32 ./lab11.o
 .ARM.attributes
                0x00000054       0x32 ../../BSP/Debug\libBSP.a(uart.o)
 .ARM.attributes
                0x00000086       0x34 c:/eclipsearm/sourcery-g++-lite-arm-2011.03/bin/../lib/gcc/arm-none-eabi/4.5.2/../../../../arm-none-eabi/lib\libc.a(lib_a-atoi.o)
 .ARM.attributes
                0x000000ba       0x34 c:/eclipsearm/sourcery-g++-lite-arm-2011.03/bin/../lib/gcc/arm-none-eabi/4.5.2/../../../../arm-none-eabi/lib\libc.a(lib_a-strtol.o)
 .ARM.attributes
                0x000000ee       0x34 c:/eclipsearm/sourcery-g++-lite-arm-2011.03/bin/../lib/gcc/arm-none-eabi/4.5.2/../../../../arm-none-eabi/lib\libc.a(lib_a-ctype_.o)
 .ARM.attributes
                0x00000122       0x34 c:/eclipsearm/sourcery-g++-lite-arm-2011.03/bin/../lib/gcc/arm-none-eabi/4.5.2/../../../../arm-none-eabi/lib\libc.a(lib_a-impure.o)
 .ARM.attributes
                0x00000156       0x1a c:/eclipsearm/sourcery-g++-lite-arm-2011.03/bin/../lib/gcc/arm-none-eabi/4.5.2\libgcc.a(_udivsi3.o)
 .ARM.attributes
                0x00000170       0x18 c:/eclipsearm/sourcery-g++-lite-arm-2011.03/bin/../lib/gcc/arm-none-eabi/4.5.2\libgcc.a(_dvmd_tls.o)

.comment        0x00000000       0x2a
 .comment       0x00000000       0x2a ./lab11.o
                                 0x2b (size before relaxing)
 .comment       0x00000000       0x2b ../../BSP/Debug\libBSP.a(uart.o)

.debug_line     0x00000000      0x25b
 .debug_line    0x00000000       0xc6 ./bootloader.o
 .debug_line    0x000000c6       0xc6 ./lab11.o
 .debug_line    0x0000018c       0xcf ../../BSP/Debug\libBSP.a(uart.o)

.debug_info     0x00000000      0x446
 .debug_info    0x00000000       0x82 ./bootloader.o
 .debug_info    0x00000082      0x15a ./lab11.o
 .debug_info    0x000001dc      0x26a ../../BSP/Debug\libBSP.a(uart.o)

.debug_abbrev   0x00000000      0x1e6
 .debug_abbrev  0x00000000       0x14 ./bootloader.o
 .debug_abbrev  0x00000014       0xc8 ./lab11.o
 .debug_abbrev  0x000000dc      0x10a ../../BSP/Debug\libBSP.a(uart.o)

.debug_aranges  0x00000000       0x60
 .debug_aranges
                0x00000000       0x20 ./bootloader.o
 .debug_aranges
                0x00000020       0x20 ./lab11.o
 .debug_aranges
                0x00000040       0x20 ../../BSP/Debug\libBSP.a(uart.o)

.debug_macinfo  0x00000000     0x8b2e
 .debug_macinfo
                0x00000000     0x4821 ./lab11.o
 .debug_macinfo
                0x00004821     0x430d ../../BSP/Debug\libBSP.a(uart.o)

.debug_loc      0x00000000      0x1e4
 .debug_loc     0x00000000       0x58 ./lab11.o
 .debug_loc     0x00000058      0x18c ../../BSP/Debug\libBSP.a(uart.o)

.debug_pubnames
                0x00000000       0xd8
 .debug_pubnames
                0x00000000       0x31 ./lab11.o
 .debug_pubnames
                0x00000031       0xa7 ../../BSP/Debug\libBSP.a(uart.o)

.debug_pubtypes
                0x00000000       0x73
 .debug_pubtypes
                0x00000000       0x42 ./lab11.o
 .debug_pubtypes
                0x00000042       0x31 ../../BSP/Debug\libBSP.a(uart.o)

.debug_str      0x00000000      0x1da
 .debug_str     0x00000000       0xfe ./lab11.o
                                0x117 (size before relaxing)
 .debug_str     0x000000fe       0xdc ../../BSP/Debug\libBSP.a(uart.o)
                                0x169 (size before relaxing)

.debug_frame    0x00000000      0x23c
 .debug_frame   0x00000000       0x58 ./lab11.o
 .debug_frame   0x00000058      0x130 ../../BSP/Debug\libBSP.a(uart.o)
 .debug_frame   0x00000188       0x40 c:/eclipsearm/sourcery-g++-lite-arm-2011.03/bin/../lib/gcc/arm-none-eabi/4.5.2/../../../../arm-none-eabi/lib\libc.a(lib_a-atoi.o)
 .debug_frame   0x000001c8       0x54 c:/eclipsearm/sourcery-g++-lite-arm-2011.03/bin/../lib/gcc/arm-none-eabi/4.5.2/../../../../arm-none-eabi/lib\libc.a(lib_a-strtol.o)
 .debug_frame   0x0000021c       0x20 c:/eclipsearm/sourcery-g++-lite-arm-2011.03/bin/../lib/gcc/arm-none-eabi/4.5.2\libgcc.a(_udivsi3.o)
