Archive member included to satisfy reference by file (symbol)

c:/programas/eclipse/sysgcc/bin/../lib/gcc/riscv64-unknown-elf/10.1.0/../../../../riscv64-unknown-elf/lib/rv32im/ilp32\libc.a(lib_a-calloc.o)
                              ./pr4_lab.o (calloc)
c:/programas/eclipse/sysgcc/bin/../lib/gcc/riscv64-unknown-elf/10.1.0/../../../../riscv64-unknown-elf/lib/rv32im/ilp32\libc.a(lib_a-callocr.o)
                              c:/programas/eclipse/sysgcc/bin/../lib/gcc/riscv64-unknown-elf/10.1.0/../../../../riscv64-unknown-elf/lib/rv32im/ilp32\libc.a(lib_a-calloc.o) (_calloc_r)
c:/programas/eclipse/sysgcc/bin/../lib/gcc/riscv64-unknown-elf/10.1.0/../../../../riscv64-unknown-elf/lib/rv32im/ilp32\libc.a(lib_a-impure.o)
                              c:/programas/eclipse/sysgcc/bin/../lib/gcc/riscv64-unknown-elf/10.1.0/../../../../riscv64-unknown-elf/lib/rv32im/ilp32\libc.a(lib_a-calloc.o) (_impure_ptr)
c:/programas/eclipse/sysgcc/bin/../lib/gcc/riscv64-unknown-elf/10.1.0/../../../../riscv64-unknown-elf/lib/rv32im/ilp32\libc.a(lib_a-malloc.o)
                              ./pr4_lab.o (free)
c:/programas/eclipse/sysgcc/bin/../lib/gcc/riscv64-unknown-elf/10.1.0/../../../../riscv64-unknown-elf/lib/rv32im/ilp32\libc.a(lib_a-mallocr.o)
                              c:/programas/eclipse/sysgcc/bin/../lib/gcc/riscv64-unknown-elf/10.1.0/../../../../riscv64-unknown-elf/lib/rv32im/ilp32\libc.a(lib_a-callocr.o) (_malloc_r)
c:/programas/eclipse/sysgcc/bin/../lib/gcc/riscv64-unknown-elf/10.1.0/../../../../riscv64-unknown-elf/lib/rv32im/ilp32\libc.a(lib_a-memset.o)
                              c:/programas/eclipse/sysgcc/bin/../lib/gcc/riscv64-unknown-elf/10.1.0/../../../../riscv64-unknown-elf/lib/rv32im/ilp32\libc.a(lib_a-callocr.o) (memset)
c:/programas/eclipse/sysgcc/bin/../lib/gcc/riscv64-unknown-elf/10.1.0/../../../../riscv64-unknown-elf/lib/rv32im/ilp32\libc.a(lib_a-mlock.o)
                              c:/programas/eclipse/sysgcc/bin/../lib/gcc/riscv64-unknown-elf/10.1.0/../../../../riscv64-unknown-elf/lib/rv32im/ilp32\libc.a(lib_a-mallocr.o) (__malloc_lock)
c:/programas/eclipse/sysgcc/bin/../lib/gcc/riscv64-unknown-elf/10.1.0/../../../../riscv64-unknown-elf/lib/rv32im/ilp32\libc.a(lib_a-printf.o)
                              ./pr4_lab.o (printf)
c:/programas/eclipse/sysgcc/bin/../lib/gcc/riscv64-unknown-elf/10.1.0/../../../../riscv64-unknown-elf/lib/rv32im/ilp32\libc.a(lib_a-putchar.o)
                              ./pr4_lab.o (putchar)
c:/programas/eclipse/sysgcc/bin/../lib/gcc/riscv64-unknown-elf/10.1.0/../../../../riscv64-unknown-elf/lib/rv32im/ilp32\libc.a(lib_a-putc.o)
                              c:/programas/eclipse/sysgcc/bin/../lib/gcc/riscv64-unknown-elf/10.1.0/../../../../riscv64-unknown-elf/lib/rv32im/ilp32\libc.a(lib_a-putchar.o) (_putc_r)
c:/programas/eclipse/sysgcc/bin/../lib/gcc/riscv64-unknown-elf/10.1.0/../../../../riscv64-unknown-elf/lib/rv32im/ilp32\libc.a(lib_a-rand.o)
                              ./pr4_lab.o (rand)
c:/programas/eclipse/sysgcc/bin/../lib/gcc/riscv64-unknown-elf/10.1.0/../../../../riscv64-unknown-elf/lib/rv32im/ilp32\libc.a(lib_a-sbrkr.o)
                              c:/programas/eclipse/sysgcc/bin/../lib/gcc/riscv64-unknown-elf/10.1.0/../../../../riscv64-unknown-elf/lib/rv32im/ilp32\libc.a(lib_a-mallocr.o) (_sbrk_r)
c:/programas/eclipse/sysgcc/bin/../lib/gcc/riscv64-unknown-elf/10.1.0/../../../../riscv64-unknown-elf/lib/rv32im/ilp32\libc.a(lib_a-vfprintf.o)
                              c:/programas/eclipse/sysgcc/bin/../lib/gcc/riscv64-unknown-elf/10.1.0/../../../../riscv64-unknown-elf/lib/rv32im/ilp32\libc.a(lib_a-printf.o) (_vfprintf_r)
c:/programas/eclipse/sysgcc/bin/../lib/gcc/riscv64-unknown-elf/10.1.0/../../../../riscv64-unknown-elf/lib/rv32im/ilp32\libc.a(lib_a-wbuf.o)
                              c:/programas/eclipse/sysgcc/bin/../lib/gcc/riscv64-unknown-elf/10.1.0/../../../../riscv64-unknown-elf/lib/rv32im/ilp32\libc.a(lib_a-putc.o) (__swbuf_r)
c:/programas/eclipse/sysgcc/bin/../lib/gcc/riscv64-unknown-elf/10.1.0/../../../../riscv64-unknown-elf/lib/rv32im/ilp32\libc.a(lib_a-wsetup.o)
                              c:/programas/eclipse/sysgcc/bin/../lib/gcc/riscv64-unknown-elf/10.1.0/../../../../riscv64-unknown-elf/lib/rv32im/ilp32\libc.a(lib_a-vfprintf.o) (__swsetup_r)
c:/programas/eclipse/sysgcc/bin/../lib/gcc/riscv64-unknown-elf/10.1.0/../../../../riscv64-unknown-elf/lib/rv32im/ilp32\libc.a(lib_a-fflush.o)
                              c:/programas/eclipse/sysgcc/bin/../lib/gcc/riscv64-unknown-elf/10.1.0/../../../../riscv64-unknown-elf/lib/rv32im/ilp32\libc.a(lib_a-vfprintf.o) (_fflush_r)
c:/programas/eclipse/sysgcc/bin/../lib/gcc/riscv64-unknown-elf/10.1.0/../../../../riscv64-unknown-elf/lib/rv32im/ilp32\libc.a(lib_a-findfp.o)
                              c:/programas/eclipse/sysgcc/bin/../lib/gcc/riscv64-unknown-elf/10.1.0/../../../../riscv64-unknown-elf/lib/rv32im/ilp32\libc.a(lib_a-putc.o) (__sinit)
[...]
Memory Configuration

Name             Origin             Length             Attributes
*default*        0x0000000000000000 0xffffffffffffffff

Linker script and memory map

LOAD ./fun_asm.o
LOAD ./pr4_lab.o
LOAD c:/programas/eclipse/sysgcc/bin/../lib/gcc/riscv64-unknown-elf/10.1.0/rv32im/ilp32\libgcc.a
START GROUP
LOAD c:/programas/eclipse/sysgcc/bin/../lib/gcc/riscv64-unknown-elf/10.1.0/../../../../riscv64-unknown-elf/lib/rv32im/ilp32\libc.a
LOAD c:/programas/eclipse/sysgcc/bin/../lib/gcc/riscv64-unknown-elf/10.1.0/../../../../riscv64-unknown-elf/lib/rv32im/ilp32\libgloss.a
END GROUP
LOAD c:/programas/eclipse/sysgcc/bin/../lib/gcc/riscv64-unknown-elf/10.1.0/rv32im/ilp32\libgcc.a
                0x0000000000000000                . = 0x0

.text           0x0000000000000000      0xf50
 *(.text)
 .text          0x0000000000000000       0x18 c:/programas/eclipse/sysgcc/bin/../lib/gcc/riscv64-unknown-elf/10.1.0/../../../../riscv64-unknown-elf/lib/rv32im/ilp32\libc.a(lib_a-calloc.o)
                0x0000000000000000                calloc
 .text          0x0000000000000018       0xb0 c:/programas/eclipse/sysgcc/bin/../lib/gcc/riscv64-unknown-elf/10.1.0/../../../../riscv64-unknown-elf/lib/rv32im/ilp32\libc.a(lib_a-callocr.o)
                0x0000000000000018                _calloc_r
 .text          0x00000000000000c8       0x20 c:/programas/eclipse/sysgcc/bin/../lib/gcc/riscv64-unknown-elf/10.1.0/../../../../riscv64-unknown-elf/lib/rv32im/ilp32\libc.a(lib_a-malloc.o)
                0x00000000000000c8                malloc
                0x00000000000000d8                free
 .text          0x00000000000000e8      0x7b8 c:/programas/eclipse/sysgcc/bin/../lib/gcc/riscv64-unknown-elf/10.1.0/../../../../riscv64-unknown-elf/lib/rv32im/ilp32\libc.a(lib_a-mallocr.o)
                0x00000000000000e8                _malloc_r
 .text          0x00000000000008a0       0xdc c:/programas/eclipse/sysgcc/bin/../lib/gcc/riscv64-unknown-elf/10.1.0/../../../../riscv64-unknown-elf/lib/rv32im/ilp32\libc.a(lib_a-memset.o)
                0x00000000000008a0                memset
 .text          0x000000000000097c        0x8 c:/programas/eclipse/sysgcc/bin/../lib/gcc/riscv64-unknown-elf/10.1.0/../../../../riscv64-unknown-elf/lib/rv32im/ilp32\libc.a(lib_a-mlock.o)
                0x000000000000097c                __malloc_lock
                0x0000000000000980                __malloc_unlock
 .text          0x0000000000000984       0x6c c:/programas/eclipse/sysgcc/bin/../lib/gcc/riscv64-unknown-elf/10.1.0/../../../../riscv64-unknown-elf/lib/rv32im/ilp32\libc.a(lib_a-rand.o)
                0x0000000000000984                srand
                0x0000000000000998                rand
 .text          0x00000000000009f0       0x60 c:/programas/eclipse/sysgcc/bin/../lib/gcc/riscv64-unknown-elf/10.1.0/../../../../riscv64-unknown-elf/lib/rv32im/ilp32\libc.a(lib_a-sbrkr.o)
                0x00000000000009f0                _sbrk_r
 .text          0x0000000000000a50      0x454 c:/programas/eclipse/sysgcc/bin/../lib/gcc/riscv64-unknown-elf/10.1.0/../../../../riscv64-unknown-elf/lib/rv32im/ilp32\libc.a(lib_a-freer.o)
                0x0000000000000a50                _malloc_trim_r
                0x0000000000000b90                _free_r
 .text          0x0000000000000ea4       0xa0 c:/programas/eclipse/sysgcc/bin/../lib/gcc/riscv64-unknown-elf/10.1.0/../../../../riscv64-unknown-elf/lib/rv32im/ilp32\libgloss.a(sys_sbrk.o)
                0x0000000000000ea4                _sbrk
 .text          0x0000000000000f44        0xc c:/programas/eclipse/sysgcc/bin/../lib/gcc/riscv64-unknown-elf/10.1.0/../../../../riscv64-unknown-elf/lib/rv32im/ilp32\libc.a(lib_a-errno.o)
                0x0000000000000f44                __errno

.text.swap      0x0000000000000f50       0x4c
 .text.swap     0x0000000000000f50       0x4c ./pr4_lab.o
                0x0000000000000f50                swap

.text.bubbleSort
                0x0000000000000f9c      0x100
 .text.bubbleSort
                0x0000000000000f9c      0x100 ./pr4_lab.o
                0x0000000000000f9c                bubbleSort

.text.test      0x000000000000109c       0xf8
 .text.test     0x000000000000109c       0xf8 ./pr4_lab.o
                0x000000000000109c                test

.text.main      0x0000000000001194       0x34
 .text.main     0x0000000000001194       0x34 ./pr4_lab.o
                0x0000000000001194                main
                0x0000000000010000                . = 0x10000

.data           0x0000000000010000      0x830
 *(.data)
 .data          0x0000000000010000      0x428 c:/programas/eclipse/sysgcc/bin/../lib/gcc/riscv64-unknown-elf/10.1.0/../../../../riscv64-unknown-elf/lib/rv32im/ilp32\libc.a(lib_a-impure.o)
 .data          0x0000000000010428      0x408 c:/programas/eclipse/sysgcc/bin/../lib/gcc/riscv64-unknown-elf/10.1.0/../../../../riscv64-unknown-elf/lib/rv32im/ilp32\libc.a(lib_a-mallocr.o)
                0x0000000000010428                __malloc_av_

.sdata          0x0000000000010830        0xc
 .sdata         0x0000000000010830        0x4 c:/programas/eclipse/sysgcc/bin/../lib/gcc/riscv64-unknown-elf/10.1.0/../../../../riscv64-unknown-elf/lib/rv32im/ilp32\libc.a(lib_a-impure.o)
                0x0000000000010830                _impure_ptr
 .sdata         0x0000000000010834        0x8 c:/programas/eclipse/sysgcc/bin/../lib/gcc/riscv64-unknown-elf/10.1.0/../../../../riscv64-unknown-elf/lib/rv32im/ilp32\libc.a(lib_a-mallocr.o)
                0x0000000000010834                __malloc_sbrk_base
                0x0000000000010838                __malloc_trim_threshold

.bss            0x000000000001083c       0x28
 *(.bss)
 .bss           0x000000000001083c       0x28 c:/programas/eclipse/sysgcc/bin/../lib/gcc/riscv64-unknown-elf/10.1.0/../../../../riscv64-unknown-elf/lib/rv32im/ilp32\libc.a(lib_a-mallocr.o)
                0x000000000001083c                __malloc_current_mallinfo

.sbss           0x0000000000010864       0x14
 .sbss          0x0000000000010864        0xc c:/programas/eclipse/sysgcc/bin/../lib/gcc/riscv64-unknown-elf/10.1.0/../../../../riscv64-unknown-elf/lib/rv32im/ilp32\libc.a(lib_a-mallocr.o)
                0x0000000000010864                __malloc_max_total_mem
                0x0000000000010868                __malloc_max_sbrked_mem
                0x000000000001086c                __malloc_top_pad
 .sbss          0x0000000000010870        0x4 c:/programas/eclipse/sysgcc/bin/../lib/gcc/riscv64-unknown-elf/10.1.0/../../../../riscv64-unknown-elf/lib/rv32im/ilp32\libc.a(lib_a-reent.o)
                0x0000000000010870                errno
 .sbss          0x0000000000010874        0x4 c:/programas/eclipse/sysgcc/bin/../lib/gcc/riscv64-unknown-elf/10.1.0/../../../../riscv64-unknown-elf/lib/rv32im/ilp32\libgloss.a(sys_sbrk.o)

.rodata
 *(.rodata)
                [!provide]                        PROVIDE (_stack = 0x20000)
OUTPUT(pr4_lab.elf elf32-littleriscv)

.debug_info     0x0000000000000000      0x27a
 .debug_info    0x0000000000000000      0x27a ./pr4_lab.o

.debug_abbrev   0x0000000000000000      0x16d
 .debug_abbrev  0x0000000000000000      0x16d ./pr4_lab.o

.debug_aranges  0x0000000000000000       0x40
 .debug_aranges
                0x0000000000000000       0x40 ./pr4_lab.o

.debug_ranges   0x0000000000000000       0x60
 .debug_ranges  0x0000000000000000       0x60 ./pr4_lab.o

.debug_macro    0x0000000000000000      0x6f9
 .debug_macro   0x0000000000000000       0x11 ./pr4_lab.o
 .debug_macro   0x0000000000000011      0x6e8 ./pr4_lab.o

.debug_line     0x0000000000000000      0x2d3
 .debug_line    0x0000000000000000      0x2d3 ./pr4_lab.o

.debug_str      0x0000000000000000     0x244e
 .debug_str     0x0000000000000000     0x244e ./pr4_lab.o
                                       0x2460 (size before relaxing)

.comment        0x0000000000000000       0x12
 .comment       0x0000000000000000       0x12 ./pr4_lab.o
                                         0x13 (size before relaxing)
 .comment       0x0000000000000012       0x13 c:/programas/eclipse/sysgcc/bin/../lib/gcc/riscv64-unknown-elf/10.1.0/../../../../riscv64-unknown-elf/lib/rv32im/ilp32\libc.a(lib_a-calloc.o)
 .comment       0x0000000000000012       0x13 c:/programas/eclipse/sysgcc/bin/../lib/gcc/riscv64-unknown-elf/10.1.0/../../../../riscv64-unknown-elf/lib/rv32im/ilp32\libc.a(lib_a-callocr.o)
 .comment       0x0000000000000012       0x13 c:/programas/eclipse/sysgcc/bin/../lib/gcc/riscv64-unknown-elf/10.1.0/../../../../riscv64-unknown-elf/lib/rv32im/ilp32\libc.a(lib_a-impure.o)
 .comment       0x0000000000000012       0x13 c:/programas/eclipse/sysgcc/bin/../lib/gcc/riscv64-unknown-elf/10.1.0/../../../../riscv64-unknown-elf/lib/rv32im/ilp32\libc.a(lib_a-malloc.o)
 .comment       0x0000000000000012       0x13 c:/programas/eclipse/sysgcc/bin/../lib/gcc/riscv64-unknown-elf/10.1.0/../../../../riscv64-unknown-elf/lib/rv32im/ilp32\libc.a(lib_a-mallocr.o)
 .comment       0x0000000000000012       0x13 c:/programas/eclipse/sysgcc/bin/../lib/gcc/riscv64-unknown-elf/10.1.0/../../../../riscv64-unknown-elf/lib/rv32im/ilp32\libc.a(lib_a-mlock.o)
 .comment       0x0000000000000012       0x13 c:/programas/eclipse/sysgcc/bin/../lib/gcc/riscv64-unknown-elf/10.1.0/../../../../riscv64-unknown-elf/lib/rv32im/ilp32\libc.a(lib_a-rand.o)
 .comment       0x0000000000000012       0x13 c:/programas/eclipse/sysgcc/bin/../lib/gcc/riscv64-unknown-elf/10.1.0/../../../../riscv64-unknown-elf/lib/rv32im/ilp32\libc.a(lib_a-sbrkr.o)
 .comment       0x0000000000000012       0x13 c:/programas/eclipse/sysgcc/bin/../lib/gcc/riscv64-unknown-elf/10.1.0/../../../../riscv64-unknown-elf/lib/rv32im/ilp32\libc.a(lib_a-freer.o)
 .comment       0x0000000000000012       0x13 c:/programas/eclipse/sysgcc/bin/../lib/gcc/riscv64-unknown-elf/10.1.0/../../../../riscv64-unknown-elf/lib/rv32im/ilp32\libc.a(lib_a-reent.o)
 .comment       0x0000000000000012       0x13 c:/programas/eclipse/sysgcc/bin/../lib/gcc/riscv64-unknown-elf/10.1.0/../../../../riscv64-unknown-elf/lib/rv32im/ilp32\libgloss.a(sys_sbrk.o)
 .comment       0x0000000000000012       0x13 c:/programas/eclipse/sysgcc/bin/../lib/gcc/riscv64-unknown-elf/10.1.0/../../../../riscv64-unknown-elf/lib/rv32im/ilp32\libc.a(lib_a-errno.o)

.riscv.attributes
                0x0000000000000000       0x21
 .riscv.attributes
                0x0000000000000000       0x21 ./pr4_lab.o
 .riscv.attributes
                0x0000000000000021       0x21 c:/programas/eclipse/sysgcc/bin/../lib/gcc/riscv64-unknown-elf/10.1.0/../../../../riscv64-unknown-elf/lib/rv32im/ilp32\libc.a(lib_a-calloc.o)
 .riscv.attributes
                0x0000000000000042       0x21 c:/programas/eclipse/sysgcc/bin/../lib/gcc/riscv64-unknown-elf/10.1.0/../../../../riscv64-unknown-elf/lib/rv32im/ilp32\libc.a(lib_a-callocr.o)
 .riscv.attributes
                0x0000000000000063       0x21 c:/programas/eclipse/sysgcc/bin/../lib/gcc/riscv64-unknown-elf/10.1.0/../../../../riscv64-unknown-elf/lib/rv32im/ilp32\libc.a(lib_a-impure.o)
 .riscv.attributes
                0x0000000000000084       0x21 c:/programas/eclipse/sysgcc/bin/../lib/gcc/riscv64-unknown-elf/10.1.0/../../../../riscv64-unknown-elf/lib/rv32im/ilp32\libc.a(lib_a-malloc.o)
 .riscv.attributes
                0x00000000000000a5       0x21 c:/programas/eclipse/sysgcc/bin/../lib/gcc/riscv64-unknown-elf/10.1.0/../../../../riscv64-unknown-elf/lib/rv32im/ilp32\libc.a(lib_a-mallocr.o)
 .riscv.attributes
                0x00000000000000c6       0x1f c:/programas/eclipse/sysgcc/bin/../lib/gcc/riscv64-unknown-elf/10.1.0/../../../../riscv64-unknown-elf/lib/rv32im/ilp32\libc.a(lib_a-memset.o)
 .riscv.attributes
                0x00000000000000e5       0x21 c:/programas/eclipse/sysgcc/bin/../lib/gcc/riscv64-unknown-elf/10.1.0/../../../../riscv64-unknown-elf/lib/rv32im/ilp32\libc.a(lib_a-mlock.o)
 .riscv.attributes
                0x0000000000000106       0x21 c:/programas/eclipse/sysgcc/bin/../lib/gcc/riscv64-unknown-elf/10.1.0/../../../../riscv64-unknown-elf/lib/rv32im/ilp32\libc.a(lib_a-rand.o)
 .riscv.attributes
                0x0000000000000127       0x21 c:/programas/eclipse/sysgcc/bin/../lib/gcc/riscv64-unknown-elf/10.1.0/../../../../riscv64-unknown-elf/lib/rv32im/ilp32\libc.a(lib_a-sbrkr.o)
 .riscv.attributes
                0x0000000000000148       0x21 c:/programas/eclipse/sysgcc/bin/../lib/gcc/riscv64-unknown-elf/10.1.0/../../../../riscv64-unknown-elf/lib/rv32im/ilp32\libc.a(lib_a-freer.o)
 .riscv.attributes
                0x0000000000000169       0x21 c:/programas/eclipse/sysgcc/bin/../lib/gcc/riscv64-unknown-elf/10.1.0/../../../../riscv64-unknown-elf/lib/rv32im/ilp32\libc.a(lib_a-reent.o)
 .riscv.attributes
                0x000000000000018a       0x21 c:/programas/eclipse/sysgcc/bin/../lib/gcc/riscv64-unknown-elf/10.1.0/../../../../riscv64-unknown-elf/lib/rv32im/ilp32\libgloss.a(sys_sbrk.o)
 .riscv.attributes
                0x00000000000001ab       0x21 c:/programas/eclipse/sysgcc/bin/../lib/gcc/riscv64-unknown-elf/10.1.0/../../../../riscv64-unknown-elf/lib/rv32im/ilp32\libc.a(lib_a-errno.o)

.debug_frame    0x0000000000000000       0xd4
 .debug_frame   0x0000000000000000       0xd4 ./pr4_lab.o
