
Discarded input sections

 .text          0x0000000000000000        0x0 ./fun_asm.o
 .data          0x0000000000000000        0x0 ./fun_asm.o
 .bss           0x0000000000000000        0x0 ./fun_asm.o
 .riscv.attributes
                0x0000000000000000       0x1f ./fun_asm.o
 .group         0x0000000000000000        0xc ./pr4_lab.o
 .text          0x0000000000000000        0x0 ./pr4_lab.o
 .data          0x0000000000000000        0x0 ./pr4_lab.o
 .bss           0x0000000000000000        0x0 ./pr4_lab.o
 .debug_info    0x0000000000000000       0x21 ./pr4_lab.o
 .debug_abbrev  0x0000000000000000       0x13 ./pr4_lab.o
 .debug_aranges
                0x0000000000000000       0x18 ./pr4_lab.o
 .debug_macro   0x0000000000000000       0x11 ./pr4_lab.o
 .debug_macro   0x0000000000000000      0x6e8 ./pr4_lab.o
 .debug_line    0x0000000000000000       0x2d ./pr4_lab.o
 .debug_str     0x0000000000000000     0x23eb ./pr4_lab.o
 .comment       0x0000000000000000       0x13 ./pr4_lab.o
 .riscv.attributes
                0x0000000000000000       0x21 ./pr4_lab.o

Memory Configuration

Name             Origin             Length             Attributes
*default*        0x0000000000000000 0xffffffffffffffff

Linker script and memory map

LOAD ./fun_asm.o
LOAD ./pr4_lab.o
LOAD c:/programas/eclipse/sysgcc/bin/../lib/gcc/riscv64-unknown-elf/10.1.0/rv32im/ilp32\libgcc.a
START GROUP
LOAD c:/programas/eclipse/sysgcc/bin/../lib/gcc/riscv64-unknown-elf/10.1.0/../../../../riscv64-unknown-elf/lib/rv32im/ilp32\libc.a
LOAD c:/programas/eclipse/sysgcc/bin/../lib/gcc/riscv64-unknown-elf/10.1.0/../../../../riscv64-unknown-elf/lib/rv32im/ilp32\libgloss.a
END GROUP
LOAD c:/programas/eclipse/sysgcc/bin/../lib/gcc/riscv64-unknown-elf/10.1.0/rv32im/ilp32\libgcc.a
                0x0000000000000000                . = 0x0

.text
 *(.text)
                0x0000000000010000                . = 0x10000

.data
 *(.data)

.bss
 *(.bss)

.rodata
 *(.rodata)
                [!provide]                        PROVIDE (_stack = 0x20000)
OUTPUT(pr4_lab.elf elf32-littleriscv)
