******************************************************************************
                  MSP430 Linker PC v21.6.1                     
******************************************************************************
>> Linked Wed Feb  7 18:07:12 2024

OUTPUT FILE NAME:   <practica2.out>
ENTRY POINT SYMBOL: "_c_int00_noinit_noargs"  address: 0000e02c


MEMORY CONFIGURATION

         name            origin    length      used     unused   attr    fill
----------------------  --------  ---------  --------  --------  ----  --------
  SFR                   00000000   00000010  00000000  00000010  RWIX
  PERIPHERALS_8BIT      00000010   000000f0  00000000  000000f0  RWIX
  PERIPHERALS_16BIT     00000100   00000100  00000000  00000100  RWIX
  INFOD                 00001800   00000080  00000000  00000080  RWIX
  INFOC                 00001880   00000080  00000000  00000080  RWIX
  INFOB                 00001900   00000080  00000000  00000080  RWIX
  INFOA                 00001980   00000080  00000000  00000080  RWIX
  RAM                   00001c00   000007fe  00000050  000007ae  RWIX
  FLASH                 0000e000   00001f80  0000005e  00001f22  RWIX
  INT00                 0000ff80   00000002  00000000  00000002  RWIX
  INT01                 0000ff82   00000002  00000000  00000002  RWIX
  INT02                 0000ff84   00000002  00000000  00000002  RWIX
  INT03                 0000ff86   00000002  00000000  00000002  RWIX
  INT04                 0000ff88   00000002  00000000  00000002  RWIX
  INT05                 0000ff8a   00000002  00000000  00000002  RWIX
  INT06                 0000ff8c   00000002  00000000  00000002  RWIX
  INT07                 0000ff8e   00000002  00000000  00000002  RWIX
  INT08                 0000ff90   00000002  00000000  00000002  RWIX
  INT09                 0000ff92   00000002  00000000  00000002  RWIX
  INT10                 0000ff94   00000002  00000000  00000002  RWIX
  INT11                 0000ff96   00000002  00000000  00000002  RWIX
  INT12                 0000ff98   00000002  00000000  00000002  RWIX
  INT13                 0000ff9a   00000002  00000000  00000002  RWIX
  INT14                 0000ff9c   00000002  00000000  00000002  RWIX
  INT15                 0000ff9e   00000002  00000000  00000002  RWIX
  INT16                 0000ffa0   00000002  00000000  00000002  RWIX
  INT17                 0000ffa2   00000002  00000000  00000002  RWIX
  INT18                 0000ffa4   00000002  00000000  00000002  RWIX
  INT19                 0000ffa6   00000002  00000000  00000002  RWIX
  INT20                 0000ffa8   00000002  00000000  00000002  RWIX
  INT21                 0000ffaa   00000002  00000000  00000002  RWIX
  INT22                 0000ffac   00000002  00000000  00000002  RWIX
  INT23                 0000ffae   00000002  00000000  00000002  RWIX
  INT24                 0000ffb0   00000002  00000000  00000002  RWIX
  INT25                 0000ffb2   00000002  00000000  00000002  RWIX
  INT26                 0000ffb4   00000002  00000000  00000002  RWIX
  INT27                 0000ffb6   00000002  00000000  00000002  RWIX
  INT28                 0000ffb8   00000002  00000000  00000002  RWIX
  INT29                 0000ffba   00000002  00000000  00000002  RWIX
  INT30                 0000ffbc   00000002  00000000  00000002  RWIX
  INT31                 0000ffbe   00000002  00000000  00000002  RWIX
  INT32                 0000ffc0   00000002  00000000  00000002  RWIX
  INT33                 0000ffc2   00000002  00000000  00000002  RWIX
  INT34                 0000ffc4   00000002  00000000  00000002  RWIX
  INT35                 0000ffc6   00000002  00000000  00000002  RWIX
  INT36                 0000ffc8   00000002  00000000  00000002  RWIX
  INT37                 0000ffca   00000002  00000000  00000002  RWIX
  INT38                 0000ffcc   00000002  00000000  00000002  RWIX
  INT39                 0000ffce   00000002  00000000  00000002  RWIX
  INT40                 0000ffd0   00000002  00000000  00000002  RWIX
  INT41                 0000ffd2   00000002  00000000  00000002  RWIX
  INT42                 0000ffd4   00000002  00000000  00000002  RWIX
  INT43                 0000ffd6   00000002  00000000  00000002  RWIX
  INT44                 0000ffd8   00000002  00000000  00000002  RWIX
  INT45                 0000ffda   00000002  00000002  00000000  RWIX
  INT46                 0000ffdc   00000002  00000002  00000000  RWIX
  INT47                 0000ffde   00000002  00000000  00000002  RWIX
  INT48                 0000ffe0   00000002  00000002  00000000  RWIX
  INT49                 0000ffe2   00000002  00000002  00000000  RWIX
  INT50                 0000ffe4   00000002  00000002  00000000  RWIX
  INT51                 0000ffe6   00000002  00000002  00000000  RWIX
  INT52                 0000ffe8   00000002  00000002  00000000  RWIX
  INT53                 0000ffea   00000002  00000002  00000000  RWIX
  INT54                 0000ffec   00000002  00000002  00000000  RWIX
  INT55                 0000ffee   00000002  00000002  00000000  RWIX
  INT56                 0000fff0   00000002  00000002  00000000  RWIX
  INT57                 0000fff2   00000002  00000002  00000000  RWIX
  INT58                 0000fff4   00000002  00000002  00000000  RWIX
  INT59                 0000fff6   00000002  00000002  00000000  RWIX
  INT60                 0000fff8   00000002  00000002  00000000  RWIX
  INT61                 0000fffa   00000002  00000002  00000000  RWIX
  INT62                 0000fffc   00000002  00000002  00000000  RWIX
  RESET                 0000fffe   00000002  00000002  00000000  RWIX


SECTION ALLOCATION MAP

 output                                  attributes/
section   page    origin      length       input sections
--------  ----  ----------  ----------   ----------------
.stack     0    000023ac    00000050     UNINITIALIZED
                  000023ac    00000002     rts430x_lc_sd_eabi.lib : boot.c.obj (.stack)
                  000023ae    0000004e     --HOLE--

.text      0    0000e000    00000052     
                  0000e000    0000002c     main.obj (.text:main)
                  0000e02c    00000014     rts430x_lc_sd_eabi.lib : boot.c.obj (.text:_isr:_c_int00_noinit_noargs)
                  0000e040    00000008                            : isr_trap.asm.obj (.text:_isr:__TI_ISR_TRAP)
                  0000e048    00000006                            : exit.c.obj (.text:abort)
                  0000e04e    00000004                            : pre_init.c.obj (.text:_system_pre_init)

.cinit     0    0000e000    00000000     

.const     0    0000e052    0000000c     
                  0000e052    0000000c     main.obj (.const:.string)

.binit     0    0000e000    00000000     

.init_array 
*          0    0000e000    00000000     UNINITIALIZED

AES        0    0000ffda    00000002     
                  0000ffda    00000002     rts430x_lc_sd_eabi.lib : int45.asm.obj (.int45)

RTC        0    0000ffdc    00000002     
                  0000ffdc    00000002     rts430x_lc_sd_eabi.lib : int46.asm.obj (.int46)

PORT2      0    0000ffe0    00000002     
                  0000ffe0    00000002     rts430x_lc_sd_eabi.lib : int48.asm.obj (.int48)

PORT1      0    0000ffe2    00000002     
                  0000ffe2    00000002     rts430x_lc_sd_eabi.lib : int49.asm.obj (.int49)

TIMER1_A1 
*          0    0000ffe4    00000002     
                  0000ffe4    00000002     rts430x_lc_sd_eabi.lib : int50.asm.obj (.int50)

TIMER1_A0 
*          0    0000ffe6    00000002     
                  0000ffe6    00000002     rts430x_lc_sd_eabi.lib : int51.asm.obj (.int51)

DMA        0    0000ffe8    00000002     
                  0000ffe8    00000002     rts430x_lc_sd_eabi.lib : int52.asm.obj (.int52)

CC1101     0    0000ffea    00000002     
                  0000ffea    00000002     rts430x_lc_sd_eabi.lib : int53.asm.obj (.int53)

TIMER0_A1 
*          0    0000ffec    00000002     
                  0000ffec    00000002     rts430x_lc_sd_eabi.lib : int54.asm.obj (.int54)

TIMER0_A0 
*          0    0000ffee    00000002     
                  0000ffee    00000002     rts430x_lc_sd_eabi.lib : int55.asm.obj (.int55)

ADC10      0    0000fff0    00000002     
                  0000fff0    00000002     rts430x_lc_sd_eabi.lib : int56.asm.obj (.int56)

USCI_B0    0    0000fff2    00000002     
                  0000fff2    00000002     rts430x_lc_sd_eabi.lib : int57.asm.obj (.int57)

USCI_A0    0    0000fff4    00000002     
                  0000fff4    00000002     rts430x_lc_sd_eabi.lib : int58.asm.obj (.int58)

WDT        0    0000fff6    00000002     
                  0000fff6    00000002     rts430x_lc_sd_eabi.lib : int59.asm.obj (.int59)

COMP_B     0    0000fff8    00000002     
                  0000fff8    00000002     rts430x_lc_sd_eabi.lib : int60.asm.obj (.int60)

UNMI       0    0000fffa    00000002     
                  0000fffa    00000002     rts430x_lc_sd_eabi.lib : int61.asm.obj (.int61)

SYSNMI     0    0000fffc    00000002     
                  0000fffc    00000002     rts430x_lc_sd_eabi.lib : int62.asm.obj (.int62)

.reset     0    0000fffe    00000002     
                  0000fffe    00000002     rts430x_lc_sd_eabi.lib : boot.c.obj (.reset)

MODULE SUMMARY

       Module             code   ro data   rw data
       ------             ----   -------   -------
    .\
       main.obj           44     12        0      
    +--+------------------+------+---------+---------+
       Total:             44     12        0      
                                                  
    C:\Users\Catalina\ccs\tools\compiler\ti-cgt-msp430_21.6.1.LTS\lib\rts430x_lc_sd_eabi.lib
       boot.c.obj         20     2         0      
       isr_trap.asm.obj   8      0         0      
       exit.c.obj         6      0         0      
       pre_init.c.obj     4      0         0      
       int45.asm.obj      0      2         0      
       int46.asm.obj      0      2         0      
       int48.asm.obj      0      2         0      
       int49.asm.obj      0      2         0      
       int50.asm.obj      0      2         0      
       int51.asm.obj      0      2         0      
       int52.asm.obj      0      2         0      
       int53.asm.obj      0      2         0      
       int54.asm.obj      0      2         0      
       int55.asm.obj      0      2         0      
       int56.asm.obj      0      2         0      
       int57.asm.obj      0      2         0      
       int58.asm.obj      0      2         0      
       int59.asm.obj      0      2         0      
       int60.asm.obj      0      2         0      
       int61.asm.obj      0      2         0      
       int62.asm.obj      0      2         0      
    +--+------------------+------+---------+---------+
       Total:             38     36        0      
                                                  
       Stack:             0      0         80     
    +--+------------------+------+---------+---------+
       Grand Total:       82     48        80     


GLOBAL SYMBOLS: SORTED ALPHABETICALLY BY Name 

address   name                  
-------   ----                  
00000740  ADC10CTL0             
00000741  ADC10CTL0_H           
00000740  ADC10CTL0_L           
00000742  ADC10CTL1             
00000743  ADC10CTL1_H           
00000742  ADC10CTL1_L           
00000744  ADC10CTL2             
00000745  ADC10CTL2_H           
00000744  ADC10CTL2_L           
00000748  ADC10HI               
00000749  ADC10HI_H             
00000748  ADC10HI_L             
0000075a  ADC10IE               
0000075b  ADC10IE_H             
0000075a  ADC10IE_L             
0000075c  ADC10IFG              
0000075d  ADC10IFG_H            
0000075c  ADC10IFG_L            
0000075e  ADC10IV               
0000075f  ADC10IV_H             
0000075e  ADC10IV_L             
00000746  ADC10LO               
00000747  ADC10LO_H             
00000746  ADC10LO_L             
0000074a  ADC10MCTL0            
0000074b  ADC10MCTL0_H          
0000074a  ADC10MCTL0_L          
00000752  ADC10MEM0             
00000753  ADC10MEM0_H           
00000752  ADC10MEM0_L           
000009c0  AESACTL0              
000009c1  AESACTL0_H            
000009c0  AESACTL0_L            
000009c8  AESADIN               
000009c9  AESADIN_H             
000009c8  AESADIN_L             
000009ca  AESADOUT              
000009cb  AESADOUT_H            
000009ca  AESADOUT_L            
000009c6  AESAKEY               
000009c7  AESAKEY_H             
000009c6  AESAKEY_L             
000009c4  AESASTAT              
000009c5  AESASTAT_H            
000009c4  AESASTAT_L            
000004be  BCD2BIN               
000004bc  BIN2BCD               
0000e048  C$$EXIT               
000008c0  CBCTL0                
000008c1  CBCTL0_H              
000008c0  CBCTL0_L              
000008c2  CBCTL1                
000008c3  CBCTL1_H              
000008c2  CBCTL1_L              
000008c4  CBCTL2                
000008c5  CBCTL2_H              
000008c4  CBCTL2_L              
000008c6  CBCTL3                
000008c7  CBCTL3_H              
000008c6  CBCTL3_L              
000008cc  CBINT                 
000008cd  CBINT_H               
000008cc  CBINT_L               
000008ce  CBIV                  
00000150  CRCDI                 
00000152  CRCDIRB               
00000153  CRCDIRB_H             
00000152  CRCDIRB_L             
00000151  CRCDI_H               
00000150  CRCDI_L               
00000154  CRCINIRES             
00000155  CRCINIRES_H           
00000154  CRCINIRES_L           
00000156  CRCRESR               
00000157  CRCRESR_H             
00000156  CRCRESR_L             
00000510  DMA0CTL               
00000516  DMA0DA                
00000518  DMA0DAH               
00000516  DMA0DAL               
00000512  DMA0SA                
00000514  DMA0SAH               
00000512  DMA0SAL               
0000051a  DMA0SZ                
00000520  DMA1CTL               
00000526  DMA1DA                
00000528  DMA1DAH               
00000526  DMA1DAL               
00000522  DMA1SA                
00000524  DMA1SAH               
00000522  DMA1SAL               
0000052a  DMA1SZ                
00000530  DMA2CTL               
00000536  DMA2DA                
00000538  DMA2DAH               
00000536  DMA2DAL               
00000532  DMA2SA                
00000534  DMA2SAH               
00000532  DMA2SAL               
0000053a  DMA2SZ                
00000500  DMACTL0               
00000502  DMACTL1               
00000504  DMACTL2               
00000506  DMACTL3               
00000508  DMACTL4               
0000050e  DMAIV                 
00000140  FCTL1                 
00000141  FCTL1_H               
00000140  FCTL1_L               
00000144  FCTL3                 
00000145  FCTL3_H               
00000144  FCTL3_L               
00000146  FCTL4                 
00000147  FCTL4_H               
00000146  FCTL4_L               
UNDEFED   Init_Clock            
UNDEFED   Init_LCD              
000004c4  MAC                   
000004da  MAC32H                
000004db  MAC32H_H              
000004da  MAC32H_L              
000004d8  MAC32L                
000004d9  MAC32L_H              
000004d8  MAC32L_L              
000004c6  MACS                  
000004de  MACS32H               
000004df  MACS32H_H             
000004de  MACS32H_L             
000004dc  MACS32L               
000004dd  MACS32L_H             
000004dc  MACS32L_L             
000004c7  MACS_H                
000004c6  MACS_L                
000004c5  MAC_H                 
000004c4  MAC_L                 
000004c0  MPY                   
000004ec  MPY32CTL0             
000004ed  MPY32CTL0_H           
000004ec  MPY32CTL0_L           
000004d2  MPY32H                
000004d3  MPY32H_H              
000004d2  MPY32H_L              
000004d0  MPY32L                
000004d1  MPY32L_H              
000004d0  MPY32L_L              
000004c2  MPYS                  
000004d6  MPYS32H               
000004d7  MPYS32H_H             
000004d6  MPYS32H_L             
000004d4  MPYS32L               
000004d5  MPYS32L_H             
000004d4  MPYS32L_L             
000004c3  MPYS_H                
000004c2  MPYS_L                
000004c1  MPY_H                 
000004c0  MPY_L                 
000004c8  OP2                   
000004e2  OP2H                  
000004e3  OP2H_H                
000004e2  OP2H_L                
000004e0  OP2L                  
000004e1  OP2L_H                
000004e0  OP2L_L                
000004c9  OP2_H                 
000004c8  OP2_L                 
0000020e  P1IV                  
000001c8  P1MAP01               
000001c9  P1MAP01_H             
000001c8  P1MAP01_L             
000001ca  P1MAP23               
000001cb  P1MAP23_H             
000001ca  P1MAP23_L             
000001cc  P1MAP45               
000001cd  P1MAP45_H             
000001cc  P1MAP45_L             
000001ce  P1MAP67               
000001cf  P1MAP67_H             
000001ce  P1MAP67_L             
0000021e  P2IV                  
000001d0  P2MAP01               
000001d1  P2MAP01_H             
000001d0  P2MAP01_L             
000001d2  P2MAP23               
000001d3  P2MAP23_H             
000001d2  P2MAP23_L             
000001d4  P2MAP45               
000001d5  P2MAP45_H             
000001d4  P2MAP45_L             
000001d6  P2MAP67               
000001d7  P2MAP67_H             
000001d6  P2MAP67_L             
000001d8  P3MAP01               
000001d9  P3MAP01_H             
000001d8  P3MAP01_L             
000001da  P3MAP23               
000001db  P3MAP23_H             
000001da  P3MAP23_L             
000001dc  P3MAP45               
000001dd  P3MAP45_H             
000001dc  P3MAP45_L             
000001de  P3MAP67               
000001df  P3MAP67_H             
000001de  P3MAP67_L             
00000204  PADIR                 
00000205  PADIR_H               
00000204  PADIR_L               
00000208  PADS                  
00000209  PADS_H                
00000208  PADS_L                
0000021a  PAIE                  
00000218  PAIES                 
00000219  PAIES_H               
00000218  PAIES_L               
0000021b  PAIE_H                
0000021a  PAIE_L                
0000021c  PAIFG                 
0000021d  PAIFG_H               
0000021c  PAIFG_L               
00000200  PAIN                  
00000201  PAIN_H                
00000200  PAIN_L                
00000202  PAOUT                 
00000203  PAOUT_H               
00000202  PAOUT_L               
00000206  PAREN                 
00000207  PAREN_H               
00000206  PAREN_L               
0000020a  PASEL                 
0000020b  PASEL_H               
0000020a  PASEL_L               
00000224  PBDIR                 
00000225  PBDIR_H               
00000224  PBDIR_L               
00000228  PBDS                  
00000229  PBDS_H                
00000228  PBDS_L                
00000220  PBIN                  
00000221  PBIN_H                
00000220  PBIN_L                
00000222  PBOUT                 
00000223  PBOUT_H               
00000222  PBOUT_L               
00000226  PBREN                 
00000227  PBREN_H               
00000226  PBREN_L               
0000022a  PBSEL                 
0000022b  PBSEL_H               
0000022a  PBSEL_L               
00000244  PCDIR                 
00000245  PCDIR_H               
00000244  PCDIR_L               
00000248  PCDS                  
00000249  PCDS_H                
00000248  PCDS_L                
00000240  PCIN                  
00000241  PCIN_H                
00000240  PCIN_L                
00000242  PCOUT                 
00000243  PCOUT_H               
00000242  PCOUT_L               
00000246  PCREN                 
00000247  PCREN_H               
00000246  PCREN_L               
0000024a  PCSEL                 
0000024b  PCSEL_H               
0000024a  PCSEL_L               
00000324  PJDIR                 
00000325  PJDIR_H               
00000324  PJDIR_L               
00000328  PJDS                  
00000329  PJDS_H                
00000328  PJDS_L                
00000320  PJIN                  
00000321  PJIN_H                
00000320  PJIN_L                
00000322  PJOUT                 
00000323  PJOUT_H               
00000322  PJOUT_L               
00000326  PJREN                 
00000327  PJREN_H               
00000326  PJREN_L               
00000130  PM5CTL0               
00000131  PM5CTL0_H             
00000130  PM5CTL0_L             
000001c2  PMAPCTL               
000001c3  PMAPCTL_H             
000001c2  PMAPCTL_L             
000001c0  PMAPKEYID             
000001c1  PMAPKEYID_H           
000001c0  PMAPKEYID_L           
00000120  PMMCTL0               
00000121  PMMCTL0_H             
00000120  PMMCTL0_L             
00000122  PMMCTL1               
00000123  PMMCTL1_H             
00000122  PMMCTL1_L             
0000012c  PMMIFG                
0000012d  PMMIFG_H              
0000012c  PMMIFG_L              
0000012e  PMMRIE                
0000012f  PMMRIE_H              
0000012e  PMMRIE_L              
UNDEFED   PMM_unlockLPM5        
00000158  RCCTL0                
00000159  RCCTL0_H              
00000158  RCCTL0_L              
000001b0  REFCTL0               
000001b1  REFCTL0_H             
000001b0  REFCTL0_L             
000004e4  RES0                  
000004e5  RES0_H                
000004e4  RES0_L                
000004e6  RES1                  
000004e7  RES1_H                
000004e6  RES1_L                
000004e8  RES2                  
000004e9  RES2_H                
000004e8  RES2_L                
000004ea  RES3                  
000004eb  RES3_H                
000004ea  RES3_L                
000004cc  RESHI                 
000004cd  RESHI_H               
000004cc  RESHI_L               
000004ca  RESLO                 
000004cb  RESLO_H               
000004ca  RESLO_L               
00000f16  RF1ADINW              
00000f17  RF1ADINW_H            
00000f16  RF1ADINW_L            
00000f28  RF1ADOUT0W            
00000f29  RF1ADOUT0W_H          
00000f28  RF1ADOUT0W_L          
00000f2a  RF1ADOUT1W            
00000f2b  RF1ADOUT1W_H          
00000f2a  RF1ADOUT1W_L          
00000f2c  RF1ADOUT2W            
00000f2d  RF1ADOUT2W_H          
00000f2c  RF1ADOUT2W_L          
00000f36  RF1AIE                
00000f34  RF1AIES               
00000f35  RF1AIES_H             
00000f34  RF1AIES_L             
00000f37  RF1AIE_H              
00000f36  RF1AIE_L              
00000f00  RF1AIFCTL0            
00000f01  RF1AIFCTL0_H          
00000f00  RF1AIFCTL0_L          
00000f02  RF1AIFCTL1            
00000f03  RF1AIFCTL1_H          
00000f02  RF1AIFCTL1_L          
00000f04  RF1AIFCTL2            
00000f05  RF1AIFCTL2_H          
00000f04  RF1AIFCTL2_L          
00000f06  RF1AIFERR             
00000f0c  RF1AIFERRV            
00000f0d  RF1AIFERRV_H          
00000f0c  RF1AIFERRV_L          
00000f07  RF1AIFERR_H           
00000f06  RF1AIFERR_L           
00000f32  RF1AIFG               
00000f33  RF1AIFG_H             
00000f32  RF1AIFG_L             
00000f0e  RF1AIFIV              
00000f0f  RF1AIFIV_H            
00000f0e  RF1AIFIV_L            
00000f30  RF1AIN                
00000f12  RF1AINSTR1W           
00000f13  RF1AINSTR1W_H         
00000f12  RF1AINSTR1W_L         
00000f14  RF1AINSTR2W           
00000f15  RF1AINSTR2W_H         
00000f14  RF1AINSTR2W_L         
00000f10  RF1AINSTRW            
00000f11  RF1AINSTRW_H          
00000f10  RF1AINSTRW_L          
00000f31  RF1AIN_H              
00000f30  RF1AIN_L              
00000f38  RF1AIV                
00000f39  RF1AIV_H              
00000f38  RF1AIV_L              
00000f3c  RF1ARXFIFO            
00000f3d  RF1ARXFIFO_H          
00000f3c  RF1ARXFIFO_L          
00000f20  RF1ASTAT0W            
00000f21  RF1ASTAT0W_H          
00000f20  RF1ASTAT0W_L          
00000f22  RF1ASTAT1W            
00000f23  RF1ASTAT1W_H          
00000f22  RF1ASTAT1W_L          
00000f24  RF1ASTAT2W            
00000f25  RF1ASTAT2W_H          
00000f24  RF1ASTAT2W_L          
00000f3e  RF1ATXFIFO            
00000f3f  RF1ATXFIFO_H          
00000f3e  RF1ATXFIFO_L          
000004ba  RTCADOWDAY            
000004bb  RTCADOWDAY_H          
000004ba  RTCADOWDAY_L          
000004b8  RTCAMINHR             
000004b9  RTCAMINHR_H           
000004b8  RTCAMINHR_L           
000004a0  RTCCTL01              
000004a1  RTCCTL01_H            
000004a0  RTCCTL01_L            
000004a2  RTCCTL23              
000004a3  RTCCTL23_H            
000004a2  RTCCTL23_L            
000004b4  RTCDATE               
000004b5  RTCDATE_H             
000004b4  RTCDATE_L             
000004ae  RTCIV                 
000004ac  RTCPS                 
000004a8  RTCPS0CTL             
000004a9  RTCPS0CTL_H           
000004a8  RTCPS0CTL_L           
000004aa  RTCPS1CTL             
000004ab  RTCPS1CTL_H           
000004aa  RTCPS1CTL_L           
000004ad  RTCPS_H               
000004ac  RTCPS_L               
000004b0  RTCTIM0               
000004b1  RTCTIM0_H             
000004b0  RTCTIM0_L             
000004b2  RTCTIM1               
000004b3  RTCTIM1_H             
000004b2  RTCTIM1_L             
000004b6  RTCYEAR               
000004b7  RTCYEAR_H             
000004b6  RTCYEAR_L             
00000100  SFRIE1                
00000101  SFRIE1_H              
00000100  SFRIE1_L              
00000102  SFRIFG1               
00000103  SFRIFG1_H             
00000102  SFRIFG1_L             
00000104  SFRRPCR               
00000105  SFRRPCR_H             
00000104  SFRRPCR_L             
000004ce  SUMEXT                
000004cf  SUMEXT_H              
000004ce  SUMEXT_L              
00000124  SVSMHCTL              
00000125  SVSMHCTL_H            
00000124  SVSMHCTL_L            
00000128  SVSMIO                
00000129  SVSMIO_H              
00000128  SVSMIO_L              
00000126  SVSMLCTL              
00000127  SVSMLCTL_H            
00000126  SVSMLCTL_L            
00000198  SYSBERRIV             
00000199  SYSBERRIV_H           
00000198  SYSBERRIV_L           
00000182  SYSBSLC               
00000183  SYSBSLC_H             
00000182  SYSBSLC_L             
00000180  SYSCTL                
00000181  SYSCTL_H              
00000180  SYSCTL_L              
00000186  SYSJMBC               
00000187  SYSJMBC_H             
00000186  SYSJMBC_L             
00000188  SYSJMBI0              
00000189  SYSJMBI0_H            
00000188  SYSJMBI0_L            
0000018a  SYSJMBI1              
0000018b  SYSJMBI1_H            
0000018a  SYSJMBI1_L            
0000018c  SYSJMBO0              
0000018d  SYSJMBO0_H            
0000018c  SYSJMBO0_L            
0000018e  SYSJMBO1              
0000018f  SYSJMBO1_H            
0000018e  SYSJMBO1_L            
0000019e  SYSRSTIV              
0000019f  SYSRSTIV_H            
0000019e  SYSRSTIV_L            
0000019c  SYSSNIV               
0000019d  SYSSNIV_H             
0000019c  SYSSNIV_L             
0000019a  SYSUNIV               
0000019b  SYSUNIV_H             
0000019a  SYSUNIV_L             
00000352  TA0CCR0               
00000354  TA0CCR1               
00000356  TA0CCR2               
00000358  TA0CCR3               
0000035a  TA0CCR4               
00000342  TA0CCTL0              
00000344  TA0CCTL1              
00000346  TA0CCTL2              
00000348  TA0CCTL3              
0000034a  TA0CCTL4              
00000340  TA0CTL                
00000360  TA0EX0                
0000036e  TA0IV                 
00000350  TA0R                  
00000392  TA1CCR0               
00000394  TA1CCR1               
00000396  TA1CCR2               
00000382  TA1CCTL0              
00000384  TA1CCTL1              
00000386  TA1CCTL2              
00000380  TA1CTL                
000003a0  TA1EX0                
000003ae  TA1IV                 
00000390  TA1R                  
000005d0  UCA0ABCTL             
000005c6  UCA0BRW               
000005c7  UCA0BRW_H             
000005c6  UCA0BRW_L             
000005c0  UCA0CTLW0             
000005c1  UCA0CTLW0_H           
000005c0  UCA0CTLW0_L           
000005dc  UCA0ICTL              
000005dd  UCA0ICTL_H            
000005dc  UCA0ICTL_L            
000005d2  UCA0IRCTL             
000005d3  UCA0IRCTL_H           
000005d2  UCA0IRCTL_L           
000005de  UCA0IV                
000005c8  UCA0MCTL              
000005cc  UCA0RXBUF             
000005ca  UCA0STAT              
000005ce  UCA0TXBUF             
000005e6  UCB0BRW               
000005e7  UCB0BRW_H             
000005e6  UCB0BRW_L             
000005e0  UCB0CTLW0             
000005e1  UCB0CTLW0_H           
000005e0  UCB0CTLW0_L           
000005f0  UCB0I2COA             
000005f1  UCB0I2COA_H           
000005f0  UCB0I2COA_L           
000005f2  UCB0I2CSA             
000005f3  UCB0I2CSA_H           
000005f2  UCB0I2CSA_L           
000005fc  UCB0ICTL              
000005fd  UCB0ICTL_H            
000005fc  UCB0ICTL_L            
000005fe  UCB0IV                
000005ec  UCB0RXBUF             
000005ea  UCB0STAT              
000005ee  UCB0TXBUF             
00000160  UCSCTL0               
00000161  UCSCTL0_H             
00000160  UCSCTL0_L             
00000162  UCSCTL1               
00000163  UCSCTL1_H             
00000162  UCSCTL1_L             
00000164  UCSCTL2               
00000165  UCSCTL2_H             
00000164  UCSCTL2_L             
00000166  UCSCTL3               
00000167  UCSCTL3_H             
00000166  UCSCTL3_L             
00000168  UCSCTL4               
00000169  UCSCTL4_H             
00000168  UCSCTL4_L             
0000016a  UCSCTL5               
0000016b  UCSCTL5_H             
0000016a  UCSCTL5_L             
0000016c  UCSCTL6               
0000016d  UCSCTL6_H             
0000016c  UCSCTL6_L             
0000016e  UCSCTL7               
0000016f  UCSCTL7_H             
0000016e  UCSCTL7_L             
00000170  UCSCTL8               
00000171  UCSCTL8_H             
00000170  UCSCTL8_L             
0000015c  WDTCTL                
0000015d  WDTCTL_H              
0000015c  WDTCTL_L              
UNDEFED   WDT_A_hold            
000023fc  __STACK_END           
00000050  __STACK_SIZE          
0000e000  __TI_CINIT_Base       
0000e000  __TI_CINIT_Limit      
0000e000  __TI_CINIT_Warm       
0000e040  __TI_ISR_TRAP         
0000ffda  __TI_int45            
0000ffdc  __TI_int46            
0000ffe0  __TI_int48            
0000ffe2  __TI_int49            
0000ffe4  __TI_int50            
0000ffe6  __TI_int51            
0000ffe8  __TI_int52            
0000ffea  __TI_int53            
0000ffec  __TI_int54            
0000ffee  __TI_int55            
0000fff0  __TI_int56            
0000fff2  __TI_int57            
0000fff4  __TI_int58            
0000fff6  __TI_int59            
0000fff8  __TI_int60            
0000fffa  __TI_int61            
0000fffc  __TI_int62            
ffffffff  __TI_pprof_out_hndl   
ffffffff  __TI_prof_data_size   
ffffffff  __TI_prof_data_start  
ffffffff  __c_args__            
0000e02c  _c_int00_noinit_noargs
0000fffe  _reset_vector         
000023ac  _stack                
0000e04e  _system_pre_init      
0000e048  abort                 
UNDEFED   displayScrollText     
0000e000  main                  


GLOBAL SYMBOLS: SORTED BY Symbol Address 

address   name                  
-------   ----                  
00000050  __STACK_SIZE          
00000100  SFRIE1                
00000100  SFRIE1_L              
00000101  SFRIE1_H              
00000102  SFRIFG1               
00000102  SFRIFG1_L             
00000103  SFRIFG1_H             
00000104  SFRRPCR               
00000104  SFRRPCR_L             
00000105  SFRRPCR_H             
00000120  PMMCTL0               
00000120  PMMCTL0_L             
00000121  PMMCTL0_H             
00000122  PMMCTL1               
00000122  PMMCTL1_L             
00000123  PMMCTL1_H             
00000124  SVSMHCTL              
00000124  SVSMHCTL_L            
00000125  SVSMHCTL_H            
00000126  SVSMLCTL              
00000126  SVSMLCTL_L            
00000127  SVSMLCTL_H            
00000128  SVSMIO                
00000128  SVSMIO_L              
00000129  SVSMIO_H              
0000012c  PMMIFG                
0000012c  PMMIFG_L              
0000012d  PMMIFG_H              
0000012e  PMMRIE                
0000012e  PMMRIE_L              
0000012f  PMMRIE_H              
00000130  PM5CTL0               
00000130  PM5CTL0_L             
00000131  PM5CTL0_H             
00000140  FCTL1                 
00000140  FCTL1_L               
00000141  FCTL1_H               
00000144  FCTL3                 
00000144  FCTL3_L               
00000145  FCTL3_H               
00000146  FCTL4                 
00000146  FCTL4_L               
00000147  FCTL4_H               
00000150  CRCDI                 
00000150  CRCDI_L               
00000151  CRCDI_H               
00000152  CRCDIRB               
00000152  CRCDIRB_L             
00000153  CRCDIRB_H             
00000154  CRCINIRES             
00000154  CRCINIRES_L           
00000155  CRCINIRES_H           
00000156  CRCRESR               
00000156  CRCRESR_L             
00000157  CRCRESR_H             
00000158  RCCTL0                
00000158  RCCTL0_L              
00000159  RCCTL0_H              
0000015c  WDTCTL                
0000015c  WDTCTL_L              
0000015d  WDTCTL_H              
00000160  UCSCTL0               
00000160  UCSCTL0_L             
00000161  UCSCTL0_H             
00000162  UCSCTL1               
00000162  UCSCTL1_L             
00000163  UCSCTL1_H             
00000164  UCSCTL2               
00000164  UCSCTL2_L             
00000165  UCSCTL2_H             
00000166  UCSCTL3               
00000166  UCSCTL3_L             
00000167  UCSCTL3_H             
00000168  UCSCTL4               
00000168  UCSCTL4_L             
00000169  UCSCTL4_H             
0000016a  UCSCTL5               
0000016a  UCSCTL5_L             
0000016b  UCSCTL5_H             
0000016c  UCSCTL6               
0000016c  UCSCTL6_L             
0000016d  UCSCTL6_H             
0000016e  UCSCTL7               
0000016e  UCSCTL7_L             
0000016f  UCSCTL7_H             
00000170  UCSCTL8               
00000170  UCSCTL8_L             
00000171  UCSCTL8_H             
00000180  SYSCTL                
00000180  SYSCTL_L              
00000181  SYSCTL_H              
00000182  SYSBSLC               
00000182  SYSBSLC_L             
00000183  SYSBSLC_H             
00000186  SYSJMBC               
00000186  SYSJMBC_L             
00000187  SYSJMBC_H             
00000188  SYSJMBI0              
00000188  SYSJMBI0_L            
00000189  SYSJMBI0_H            
0000018a  SYSJMBI1              
0000018a  SYSJMBI1_L            
0000018b  SYSJMBI1_H            
0000018c  SYSJMBO0              
0000018c  SYSJMBO0_L            
0000018d  SYSJMBO0_H            
0000018e  SYSJMBO1              
0000018e  SYSJMBO1_L            
0000018f  SYSJMBO1_H            
00000198  SYSBERRIV             
00000198  SYSBERRIV_L           
00000199  SYSBERRIV_H           
0000019a  SYSUNIV               
0000019a  SYSUNIV_L             
0000019b  SYSUNIV_H             
0000019c  SYSSNIV               
0000019c  SYSSNIV_L             
0000019d  SYSSNIV_H             
0000019e  SYSRSTIV              
0000019e  SYSRSTIV_L            
0000019f  SYSRSTIV_H            
000001b0  REFCTL0               
000001b0  REFCTL0_L             
000001b1  REFCTL0_H             
000001c0  PMAPKEYID             
000001c0  PMAPKEYID_L           
000001c1  PMAPKEYID_H           
000001c2  PMAPCTL               
000001c2  PMAPCTL_L             
000001c3  PMAPCTL_H             
000001c8  P1MAP01               
000001c8  P1MAP01_L             
000001c9  P1MAP01_H             
000001ca  P1MAP23               
000001ca  P1MAP23_L             
000001cb  P1MAP23_H             
000001cc  P1MAP45               
000001cc  P1MAP45_L             
000001cd  P1MAP45_H             
000001ce  P1MAP67               
000001ce  P1MAP67_L             
000001cf  P1MAP67_H             
000001d0  P2MAP01               
000001d0  P2MAP01_L             
000001d1  P2MAP01_H             
000001d2  P2MAP23               
000001d2  P2MAP23_L             
000001d3  P2MAP23_H             
000001d4  P2MAP45               
000001d4  P2MAP45_L             
000001d5  P2MAP45_H             
000001d6  P2MAP67               
000001d6  P2MAP67_L             
000001d7  P2MAP67_H             
000001d8  P3MAP01               
000001d8  P3MAP01_L             
000001d9  P3MAP01_H             
000001da  P3MAP23               
000001da  P3MAP23_L             
000001db  P3MAP23_H             
000001dc  P3MAP45               
000001dc  P3MAP45_L             
000001dd  P3MAP45_H             
000001de  P3MAP67               
000001de  P3MAP67_L             
000001df  P3MAP67_H             
00000200  PAIN                  
00000200  PAIN_L                
00000201  PAIN_H                
00000202  PAOUT                 
00000202  PAOUT_L               
00000203  PAOUT_H               
00000204  PADIR                 
00000204  PADIR_L               
00000205  PADIR_H               
00000206  PAREN                 
00000206  PAREN_L               
00000207  PAREN_H               
00000208  PADS                  
00000208  PADS_L                
00000209  PADS_H                
0000020a  PASEL                 
0000020a  PASEL_L               
0000020b  PASEL_H               
0000020e  P1IV                  
00000218  PAIES                 
00000218  PAIES_L               
00000219  PAIES_H               
0000021a  PAIE                  
0000021a  PAIE_L                
0000021b  PAIE_H                
0000021c  PAIFG                 
0000021c  PAIFG_L               
0000021d  PAIFG_H               
0000021e  P2IV                  
00000220  PBIN                  
00000220  PBIN_L                
00000221  PBIN_H                
00000222  PBOUT                 
00000222  PBOUT_L               
00000223  PBOUT_H               
00000224  PBDIR                 
00000224  PBDIR_L               
00000225  PBDIR_H               
00000226  PBREN                 
00000226  PBREN_L               
00000227  PBREN_H               
00000228  PBDS                  
00000228  PBDS_L                
00000229  PBDS_H                
0000022a  PBSEL                 
0000022a  PBSEL_L               
0000022b  PBSEL_H               
00000240  PCIN                  
00000240  PCIN_L                
00000241  PCIN_H                
00000242  PCOUT                 
00000242  PCOUT_L               
00000243  PCOUT_H               
00000244  PCDIR                 
00000244  PCDIR_L               
00000245  PCDIR_H               
00000246  PCREN                 
00000246  PCREN_L               
00000247  PCREN_H               
00000248  PCDS                  
00000248  PCDS_L                
00000249  PCDS_H                
0000024a  PCSEL                 
0000024a  PCSEL_L               
0000024b  PCSEL_H               
00000320  PJIN                  
00000320  PJIN_L                
00000321  PJIN_H                
00000322  PJOUT                 
00000322  PJOUT_L               
00000323  PJOUT_H               
00000324  PJDIR                 
00000324  PJDIR_L               
00000325  PJDIR_H               
00000326  PJREN                 
00000326  PJREN_L               
00000327  PJREN_H               
00000328  PJDS                  
00000328  PJDS_L                
00000329  PJDS_H                
00000340  TA0CTL                
00000342  TA0CCTL0              
00000344  TA0CCTL1              
00000346  TA0CCTL2              
00000348  TA0CCTL3              
0000034a  TA0CCTL4              
00000350  TA0R                  
00000352  TA0CCR0               
00000354  TA0CCR1               
00000356  TA0CCR2               
00000358  TA0CCR3               
0000035a  TA0CCR4               
00000360  TA0EX0                
0000036e  TA0IV                 
00000380  TA1CTL                
00000382  TA1CCTL0              
00000384  TA1CCTL1              
00000386  TA1CCTL2              
00000390  TA1R                  
00000392  TA1CCR0               
00000394  TA1CCR1               
00000396  TA1CCR2               
000003a0  TA1EX0                
000003ae  TA1IV                 
000004a0  RTCCTL01              
000004a0  RTCCTL01_L            
000004a1  RTCCTL01_H            
000004a2  RTCCTL23              
000004a2  RTCCTL23_L            
000004a3  RTCCTL23_H            
000004a8  RTCPS0CTL             
000004a8  RTCPS0CTL_L           
000004a9  RTCPS0CTL_H           
000004aa  RTCPS1CTL             
000004aa  RTCPS1CTL_L           
000004ab  RTCPS1CTL_H           
000004ac  RTCPS                 
000004ac  RTCPS_L               
000004ad  RTCPS_H               
000004ae  RTCIV                 
000004b0  RTCTIM0               
000004b0  RTCTIM0_L             
000004b1  RTCTIM0_H             
000004b2  RTCTIM1               
000004b2  RTCTIM1_L             
000004b3  RTCTIM1_H             
000004b4  RTCDATE               
000004b4  RTCDATE_L             
000004b5  RTCDATE_H             
000004b6  RTCYEAR               
000004b6  RTCYEAR_L             
000004b7  RTCYEAR_H             
000004b8  RTCAMINHR             
000004b8  RTCAMINHR_L           
000004b9  RTCAMINHR_H           
000004ba  RTCADOWDAY            
000004ba  RTCADOWDAY_L          
000004bb  RTCADOWDAY_H          
000004bc  BIN2BCD               
000004be  BCD2BIN               
000004c0  MPY                   
000004c0  MPY_L                 
000004c1  MPY_H                 
000004c2  MPYS                  
000004c2  MPYS_L                
000004c3  MPYS_H                
000004c4  MAC                   
000004c4  MAC_L                 
000004c5  MAC_H                 
000004c6  MACS                  
000004c6  MACS_L                
000004c7  MACS_H                
000004c8  OP2                   
000004c8  OP2_L                 
000004c9  OP2_H                 
000004ca  RESLO                 
000004ca  RESLO_L               
000004cb  RESLO_H               
000004cc  RESHI                 
000004cc  RESHI_L               
000004cd  RESHI_H               
000004ce  SUMEXT                
000004ce  SUMEXT_L              
000004cf  SUMEXT_H              
000004d0  MPY32L                
000004d0  MPY32L_L              
000004d1  MPY32L_H              
000004d2  MPY32H                
000004d2  MPY32H_L              
000004d3  MPY32H_H              
000004d4  MPYS32L               
000004d4  MPYS32L_L             
000004d5  MPYS32L_H             
000004d6  MPYS32H               
000004d6  MPYS32H_L             
000004d7  MPYS32H_H             
000004d8  MAC32L                
000004d8  MAC32L_L              
000004d9  MAC32L_H              
000004da  MAC32H                
000004da  MAC32H_L              
000004db  MAC32H_H              
000004dc  MACS32L               
000004dc  MACS32L_L             
000004dd  MACS32L_H             
000004de  MACS32H               
000004de  MACS32H_L             
000004df  MACS32H_H             
000004e0  OP2L                  
000004e0  OP2L_L                
000004e1  OP2L_H                
000004e2  OP2H                  
000004e2  OP2H_L                
000004e3  OP2H_H                
000004e4  RES0                  
000004e4  RES0_L                
000004e5  RES0_H                
000004e6  RES1                  
000004e6  RES1_L                
000004e7  RES1_H                
000004e8  RES2                  
000004e8  RES2_L                
000004e9  RES2_H                
000004ea  RES3                  
000004ea  RES3_L                
000004eb  RES3_H                
000004ec  MPY32CTL0             
000004ec  MPY32CTL0_L           
000004ed  MPY32CTL0_H           
00000500  DMACTL0               
00000502  DMACTL1               
00000504  DMACTL2               
00000506  DMACTL3               
00000508  DMACTL4               
0000050e  DMAIV                 
00000510  DMA0CTL               
00000512  DMA0SA                
00000512  DMA0SAL               
00000514  DMA0SAH               
00000516  DMA0DA                
00000516  DMA0DAL               
00000518  DMA0DAH               
0000051a  DMA0SZ                
00000520  DMA1CTL               
00000522  DMA1SA                
00000522  DMA1SAL               
00000524  DMA1SAH               
00000526  DMA1DA                
00000526  DMA1DAL               
00000528  DMA1DAH               
0000052a  DMA1SZ                
00000530  DMA2CTL               
00000532  DMA2SA                
00000532  DMA2SAL               
00000534  DMA2SAH               
00000536  DMA2DA                
00000536  DMA2DAL               
00000538  DMA2DAH               
0000053a  DMA2SZ                
000005c0  UCA0CTLW0             
000005c0  UCA0CTLW0_L           
000005c1  UCA0CTLW0_H           
000005c6  UCA0BRW               
000005c6  UCA0BRW_L             
000005c7  UCA0BRW_H             
000005c8  UCA0MCTL              
000005ca  UCA0STAT              
000005cc  UCA0RXBUF             
000005ce  UCA0TXBUF             
000005d0  UCA0ABCTL             
000005d2  UCA0IRCTL             
000005d2  UCA0IRCTL_L           
000005d3  UCA0IRCTL_H           
000005dc  UCA0ICTL              
000005dc  UCA0ICTL_L            
000005dd  UCA0ICTL_H            
000005de  UCA0IV                
000005e0  UCB0CTLW0             
000005e0  UCB0CTLW0_L           
000005e1  UCB0CTLW0_H           
000005e6  UCB0BRW               
000005e6  UCB0BRW_L             
000005e7  UCB0BRW_H             
000005ea  UCB0STAT              
000005ec  UCB0RXBUF             
000005ee  UCB0TXBUF             
000005f0  UCB0I2COA             
000005f0  UCB0I2COA_L           
000005f1  UCB0I2COA_H           
000005f2  UCB0I2CSA             
000005f2  UCB0I2CSA_L           
000005f3  UCB0I2CSA_H           
000005fc  UCB0ICTL              
000005fc  UCB0ICTL_L            
000005fd  UCB0ICTL_H            
000005fe  UCB0IV                
00000740  ADC10CTL0             
00000740  ADC10CTL0_L           
00000741  ADC10CTL0_H           
00000742  ADC10CTL1             
00000742  ADC10CTL1_L           
00000743  ADC10CTL1_H           
00000744  ADC10CTL2             
00000744  ADC10CTL2_L           
00000745  ADC10CTL2_H           
00000746  ADC10LO               
00000746  ADC10LO_L             
00000747  ADC10LO_H             
00000748  ADC10HI               
00000748  ADC10HI_L             
00000749  ADC10HI_H             
0000074a  ADC10MCTL0            
0000074a  ADC10MCTL0_L          
0000074b  ADC10MCTL0_H          
00000752  ADC10MEM0             
00000752  ADC10MEM0_L           
00000753  ADC10MEM0_H           
0000075a  ADC10IE               
0000075a  ADC10IE_L             
0000075b  ADC10IE_H             
0000075c  ADC10IFG              
0000075c  ADC10IFG_L            
0000075d  ADC10IFG_H            
0000075e  ADC10IV               
0000075e  ADC10IV_L             
0000075f  ADC10IV_H             
000008c0  CBCTL0                
000008c0  CBCTL0_L              
000008c1  CBCTL0_H              
000008c2  CBCTL1                
000008c2  CBCTL1_L              
000008c3  CBCTL1_H              
000008c4  CBCTL2                
000008c4  CBCTL2_L              
000008c5  CBCTL2_H              
000008c6  CBCTL3                
000008c6  CBCTL3_L              
000008c7  CBCTL3_H              
000008cc  CBINT                 
000008cc  CBINT_L               
000008cd  CBINT_H               
000008ce  CBIV                  
000009c0  AESACTL0              
000009c0  AESACTL0_L            
000009c1  AESACTL0_H            
000009c4  AESASTAT              
000009c4  AESASTAT_L            
000009c5  AESASTAT_H            
000009c6  AESAKEY               
000009c6  AESAKEY_L             
000009c7  AESAKEY_H             
000009c8  AESADIN               
000009c8  AESADIN_L             
000009c9  AESADIN_H             
000009ca  AESADOUT              
000009ca  AESADOUT_L            
000009cb  AESADOUT_H            
00000f00  RF1AIFCTL0            
00000f00  RF1AIFCTL0_L          
00000f01  RF1AIFCTL0_H          
00000f02  RF1AIFCTL1            
00000f02  RF1AIFCTL1_L          
00000f03  RF1AIFCTL1_H          
00000f04  RF1AIFCTL2            
00000f04  RF1AIFCTL2_L          
00000f05  RF1AIFCTL2_H          
00000f06  RF1AIFERR             
00000f06  RF1AIFERR_L           
00000f07  RF1AIFERR_H           
00000f0c  RF1AIFERRV            
00000f0c  RF1AIFERRV_L          
00000f0d  RF1AIFERRV_H          
00000f0e  RF1AIFIV              
00000f0e  RF1AIFIV_L            
00000f0f  RF1AIFIV_H            
00000f10  RF1AINSTRW            
00000f10  RF1AINSTRW_L          
00000f11  RF1AINSTRW_H          
00000f12  RF1AINSTR1W           
00000f12  RF1AINSTR1W_L         
00000f13  RF1AINSTR1W_H         
00000f14  RF1AINSTR2W           
00000f14  RF1AINSTR2W_L         
00000f15  RF1AINSTR2W_H         
00000f16  RF1ADINW              
00000f16  RF1ADINW_L            
00000f17  RF1ADINW_H            
00000f20  RF1ASTAT0W            
00000f20  RF1ASTAT0W_L          
00000f21  RF1ASTAT0W_H          
00000f22  RF1ASTAT1W            
00000f22  RF1ASTAT1W_L          
00000f23  RF1ASTAT1W_H          
00000f24  RF1ASTAT2W            
00000f24  RF1ASTAT2W_L          
00000f25  RF1ASTAT2W_H          
00000f28  RF1ADOUT0W            
00000f28  RF1ADOUT0W_L          
00000f29  RF1ADOUT0W_H          
00000f2a  RF1ADOUT1W            
00000f2a  RF1ADOUT1W_L          
00000f2b  RF1ADOUT1W_H          
00000f2c  RF1ADOUT2W            
00000f2c  RF1ADOUT2W_L          
00000f2d  RF1ADOUT2W_H          
00000f30  RF1AIN                
00000f30  RF1AIN_L              
00000f31  RF1AIN_H              
00000f32  RF1AIFG               
00000f32  RF1AIFG_L             
00000f33  RF1AIFG_H             
00000f34  RF1AIES               
00000f34  RF1AIES_L             
00000f35  RF1AIES_H             
00000f36  RF1AIE                
00000f36  RF1AIE_L              
00000f37  RF1AIE_H              
00000f38  RF1AIV                
00000f38  RF1AIV_L              
00000f39  RF1AIV_H              
00000f3c  RF1ARXFIFO            
00000f3c  RF1ARXFIFO_L          
00000f3d  RF1ARXFIFO_H          
00000f3e  RF1ATXFIFO            
00000f3e  RF1ATXFIFO_L          
00000f3f  RF1ATXFIFO_H          
000023ac  _stack                
000023fc  __STACK_END           
0000e000  __TI_CINIT_Base       
0000e000  __TI_CINIT_Limit      
0000e000  __TI_CINIT_Warm       
0000e000  main                  
0000e02c  _c_int00_noinit_noargs
0000e040  __TI_ISR_TRAP         
0000e048  C$$EXIT               
0000e048  abort                 
0000e04e  _system_pre_init      
0000ffda  __TI_int45            
0000ffdc  __TI_int46            
0000ffe0  __TI_int48            
0000ffe2  __TI_int49            
0000ffe4  __TI_int50            
0000ffe6  __TI_int51            
0000ffe8  __TI_int52            
0000ffea  __TI_int53            
0000ffec  __TI_int54            
0000ffee  __TI_int55            
0000fff0  __TI_int56            
0000fff2  __TI_int57            
0000fff4  __TI_int58            
0000fff6  __TI_int59            
0000fff8  __TI_int60            
0000fffa  __TI_int61            
0000fffc  __TI_int62            
0000fffe  _reset_vector         
ffffffff  __TI_pprof_out_hndl   
ffffffff  __TI_prof_data_size   
ffffffff  __TI_prof_data_start  
ffffffff  __c_args__            
UNDEFED   Init_Clock            
UNDEFED   Init_LCD              
UNDEFED   PMM_unlockLPM5        
UNDEFED   WDT_A_hold            
UNDEFED   displayScrollText     

[610 symbols]
