<?xml version="1.0" encoding="ISO-8859-1" ?>
<link_info>
   <banner>MSP430 Linker PC v21.6.1.LTS</banner>
   <copyright>Copyright (c) 2003-2018 Texas Instruments Incorporated</copyright>
   <link_time>0x65c3b8c0</link_time>
   <link_errors>0x1</link_errors>
   <output_file>practica2.out</output_file>
   <entry_point>
      <name>_c_int00_noinit_noargs</name>
      <address>0xe02c</address>
   </entry_point>
   <input_file_list>
      <input_file id="fl-2">
         <path>.\</path>
         <kind>object</kind>
         <file>main.obj</file>
         <name>main.obj</name>
      </input_file>
      <input_file id="fl-8">
         <kind>object</kind>
         <file>&lt;internal&gt;</file>
         <name>&lt;internal&gt;</name>
      </input_file>
      <input_file id="fl-23">
         <path>C:\Users\Catalina\ccs\tools\compiler\ti-cgt-msp430_21.6.1.LTS\lib\</path>
         <kind>archive</kind>
         <file>rts430x_lc_sd_eabi.lib</file>
         <name>int45.asm.obj</name>
      </input_file>
      <input_file id="fl-24">
         <path>C:\Users\Catalina\ccs\tools\compiler\ti-cgt-msp430_21.6.1.LTS\lib\</path>
         <kind>archive</kind>
         <file>rts430x_lc_sd_eabi.lib</file>
         <name>int46.asm.obj</name>
      </input_file>
      <input_file id="fl-25">
         <path>C:\Users\Catalina\ccs\tools\compiler\ti-cgt-msp430_21.6.1.LTS\lib\</path>
         <kind>archive</kind>
         <file>rts430x_lc_sd_eabi.lib</file>
         <name>int48.asm.obj</name>
      </input_file>
      <input_file id="fl-26">
         <path>C:\Users\Catalina\ccs\tools\compiler\ti-cgt-msp430_21.6.1.LTS\lib\</path>
         <kind>archive</kind>
         <file>rts430x_lc_sd_eabi.lib</file>
         <name>int49.asm.obj</name>
      </input_file>
      <input_file id="fl-27">
         <path>C:\Users\Catalina\ccs\tools\compiler\ti-cgt-msp430_21.6.1.LTS\lib\</path>
         <kind>archive</kind>
         <file>rts430x_lc_sd_eabi.lib</file>
         <name>int50.asm.obj</name>
      </input_file>
      <input_file id="fl-28">
         <path>C:\Users\Catalina\ccs\tools\compiler\ti-cgt-msp430_21.6.1.LTS\lib\</path>
         <kind>archive</kind>
         <file>rts430x_lc_sd_eabi.lib</file>
         <name>int51.asm.obj</name>
      </input_file>
      <input_file id="fl-29">
         <path>C:\Users\Catalina\ccs\tools\compiler\ti-cgt-msp430_21.6.1.LTS\lib\</path>
         <kind>archive</kind>
         <file>rts430x_lc_sd_eabi.lib</file>
         <name>int52.asm.obj</name>
      </input_file>
      <input_file id="fl-2a">
         <path>C:\Users\Catalina\ccs\tools\compiler\ti-cgt-msp430_21.6.1.LTS\lib\</path>
         <kind>archive</kind>
         <file>rts430x_lc_sd_eabi.lib</file>
         <name>int53.asm.obj</name>
      </input_file>
      <input_file id="fl-2b">
         <path>C:\Users\Catalina\ccs\tools\compiler\ti-cgt-msp430_21.6.1.LTS\lib\</path>
         <kind>archive</kind>
         <file>rts430x_lc_sd_eabi.lib</file>
         <name>int54.asm.obj</name>
      </input_file>
      <input_file id="fl-2c">
         <path>C:\Users\Catalina\ccs\tools\compiler\ti-cgt-msp430_21.6.1.LTS\lib\</path>
         <kind>archive</kind>
         <file>rts430x_lc_sd_eabi.lib</file>
         <name>int55.asm.obj</name>
      </input_file>
      <input_file id="fl-2d">
         <path>C:\Users\Catalina\ccs\tools\compiler\ti-cgt-msp430_21.6.1.LTS\lib\</path>
         <kind>archive</kind>
         <file>rts430x_lc_sd_eabi.lib</file>
         <name>int56.asm.obj</name>
      </input_file>
      <input_file id="fl-2e">
         <path>C:\Users\Catalina\ccs\tools\compiler\ti-cgt-msp430_21.6.1.LTS\lib\</path>
         <kind>archive</kind>
         <file>rts430x_lc_sd_eabi.lib</file>
         <name>int57.asm.obj</name>
      </input_file>
      <input_file id="fl-2f">
         <path>C:\Users\Catalina\ccs\tools\compiler\ti-cgt-msp430_21.6.1.LTS\lib\</path>
         <kind>archive</kind>
         <file>rts430x_lc_sd_eabi.lib</file>
         <name>int58.asm.obj</name>
      </input_file>
      <input_file id="fl-30">
         <path>C:\Users\Catalina\ccs\tools\compiler\ti-cgt-msp430_21.6.1.LTS\lib\</path>
         <kind>archive</kind>
         <file>rts430x_lc_sd_eabi.lib</file>
         <name>int59.asm.obj</name>
      </input_file>
      <input_file id="fl-31">
         <path>C:\Users\Catalina\ccs\tools\compiler\ti-cgt-msp430_21.6.1.LTS\lib\</path>
         <kind>archive</kind>
         <file>rts430x_lc_sd_eabi.lib</file>
         <name>int60.asm.obj</name>
      </input_file>
      <input_file id="fl-32">
         <path>C:\Users\Catalina\ccs\tools\compiler\ti-cgt-msp430_21.6.1.LTS\lib\</path>
         <kind>archive</kind>
         <file>rts430x_lc_sd_eabi.lib</file>
         <name>int61.asm.obj</name>
      </input_file>
      <input_file id="fl-33">
         <path>C:\Users\Catalina\ccs\tools\compiler\ti-cgt-msp430_21.6.1.LTS\lib\</path>
         <kind>archive</kind>
         <file>rts430x_lc_sd_eabi.lib</file>
         <name>int62.asm.obj</name>
      </input_file>
      <input_file id="fl-34">
         <path>C:\Users\Catalina\ccs\tools\compiler\ti-cgt-msp430_21.6.1.LTS\lib\</path>
         <kind>archive</kind>
         <file>rts430x_lc_sd_eabi.lib</file>
         <name>isr_trap.asm.obj</name>
      </input_file>
      <input_file id="fl-35">
         <path>C:\Users\Catalina\ccs\tools\compiler\ti-cgt-msp430_21.6.1.LTS\lib\</path>
         <kind>archive</kind>
         <file>rts430x_lc_sd_eabi.lib</file>
         <name>mult16_f5hw.asm.obj</name>
      </input_file>
      <input_file id="fl-36">
         <path>C:\Users\Catalina\ccs\tools\compiler\ti-cgt-msp430_21.6.1.LTS\lib\</path>
         <kind>archive</kind>
         <file>rts430x_lc_sd_eabi.lib</file>
         <name>mult1632_f5hw.asm.obj</name>
      </input_file>
      <input_file id="fl-37">
         <path>C:\Users\Catalina\ccs\tools\compiler\ti-cgt-msp430_21.6.1.LTS\lib\</path>
         <kind>archive</kind>
         <file>rts430x_lc_sd_eabi.lib</file>
         <name>mult32_f5hw.asm.obj</name>
      </input_file>
      <input_file id="fl-38">
         <path>C:\Users\Catalina\ccs\tools\compiler\ti-cgt-msp430_21.6.1.LTS\lib\</path>
         <kind>archive</kind>
         <file>rts430x_lc_sd_eabi.lib</file>
         <name>mult3264_f5hw.asm.obj</name>
      </input_file>
      <input_file id="fl-39">
         <path>C:\Users\Catalina\ccs\tools\compiler\ti-cgt-msp430_21.6.1.LTS\lib\</path>
         <kind>archive</kind>
         <file>rts430x_lc_sd_eabi.lib</file>
         <name>mult64_f5hw.asm.obj</name>
      </input_file>
      <input_file id="fl-3a">
         <path>C:\Users\Catalina\ccs\tools\compiler\ti-cgt-msp430_21.6.1.LTS\lib\</path>
         <kind>archive</kind>
         <file>rts430x_lc_sd_eabi.lib</file>
         <name>boot.c.obj</name>
      </input_file>
      <input_file id="fl-3b">
         <path>C:\Users\Catalina\ccs\tools\compiler\ti-cgt-msp430_21.6.1.LTS\lib\</path>
         <kind>archive</kind>
         <file>rts430x_lc_sd_eabi.lib</file>
         <name>autoinit.c.obj</name>
      </input_file>
      <input_file id="fl-3c">
         <path>C:\Users\Catalina\ccs\tools\compiler\ti-cgt-msp430_21.6.1.LTS\lib\</path>
         <kind>archive</kind>
         <file>rts430x_lc_sd_eabi.lib</file>
         <name>copy_zero_init.c.obj</name>
      </input_file>
      <input_file id="fl-3d">
         <path>C:\Users\Catalina\ccs\tools\compiler\ti-cgt-msp430_21.6.1.LTS\lib\</path>
         <kind>archive</kind>
         <file>rts430x_lc_sd_eabi.lib</file>
         <name>cpy_tbl.c.obj</name>
      </input_file>
      <input_file id="fl-3e">
         <path>C:\Users\Catalina\ccs\tools\compiler\ti-cgt-msp430_21.6.1.LTS\lib\</path>
         <kind>archive</kind>
         <file>rts430x_lc_sd_eabi.lib</file>
         <name>mpu_init.c.obj</name>
      </input_file>
      <input_file id="fl-3f">
         <path>C:\Users\Catalina\ccs\tools\compiler\ti-cgt-msp430_21.6.1.LTS\lib\</path>
         <kind>archive</kind>
         <file>rts430x_lc_sd_eabi.lib</file>
         <name>pre_init.c.obj</name>
      </input_file>
      <input_file id="fl-40">
         <path>C:\Users\Catalina\ccs\tools\compiler\ti-cgt-msp430_21.6.1.LTS\lib\</path>
         <kind>archive</kind>
         <file>rts430x_lc_sd_eabi.lib</file>
         <name>startup.c.obj</name>
      </input_file>
      <input_file id="fl-41">
         <path>C:\Users\Catalina\ccs\tools\compiler\ti-cgt-msp430_21.6.1.LTS\lib\</path>
         <kind>archive</kind>
         <file>rts430x_lc_sd_eabi.lib</file>
         <name>copy_decompress_none.c.obj</name>
      </input_file>
      <input_file id="fl-42">
         <path>C:\Users\Catalina\ccs\tools\compiler\ti-cgt-msp430_21.6.1.LTS\lib\</path>
         <kind>archive</kind>
         <file>rts430x_lc_sd_eabi.lib</file>
         <name>copy_decompress_lzss.c.obj</name>
      </input_file>
      <input_file id="fl-43">
         <path>C:\Users\Catalina\ccs\tools\compiler\ti-cgt-msp430_21.6.1.LTS\lib\</path>
         <kind>archive</kind>
         <file>rts430x_lc_sd_eabi.lib</file>
         <name>exit.c.obj</name>
      </input_file>
      <input_file id="fl-44">
         <path>C:\Users\Catalina\ccs\tools\compiler\ti-cgt-msp430_21.6.1.LTS\lib\</path>
         <kind>archive</kind>
         <file>rts430x_lc_sd_eabi.lib</file>
         <name>_lock.c.obj</name>
      </input_file>
      <input_file id="fl-45">
         <path>C:\Users\Catalina\ccs\tools\compiler\ti-cgt-msp430_21.6.1.LTS\lib\</path>
         <kind>archive</kind>
         <file>rts430x_lc_sd_eabi.lib</file>
         <name>args_main.c.obj</name>
      </input_file>
      <input_file id="fl-46">
         <path>C:\Users\Catalina\ccs\tools\compiler\ti-cgt-msp430_21.6.1.LTS\lib\</path>
         <kind>archive</kind>
         <file>rts430x_lc_sd_eabi.lib</file>
         <name>memcpy.c.obj</name>
      </input_file>
      <input_file id="fl-47">
         <path>C:\Users\Catalina\ccs\tools\compiler\ti-cgt-msp430_21.6.1.LTS\lib\</path>
         <kind>archive</kind>
         <file>rts430x_lc_sd_eabi.lib</file>
         <name>cpy_util.asm.obj</name>
      </input_file>
      <input_file id="fl-48">
         <path>C:\Users\Catalina\ccs\tools\compiler\ti-cgt-msp430_21.6.1.LTS\lib\</path>
         <kind>archive</kind>
         <file>rts430x_lc_sd_eabi.lib</file>
         <name>mult16.asm.obj</name>
      </input_file>
      <input_file id="fl-49">
         <path>C:\Users\Catalina\ccs\tools\compiler\ti-cgt-msp430_21.6.1.LTS\lib\</path>
         <kind>archive</kind>
         <file>rts430x_lc_sd_eabi.lib</file>
         <name>exit_gvars.c.obj</name>
      </input_file>
   </input_file_list>
   <object_component_list>
      <object_component id="oc-2c1">
         <name>.stack</name>
         <uninitialized>true</uninitialized>
         <run_address>0x23ac</run_address>
         <size>0x2</size>
         <input_file_ref idref="fl-3a"/>
      </object_component>
      <object_component id="oc-484">
         <name>.stack</name>
         <uninitialized>true</uninitialized>
         <run_address>0x23ac</run_address>
         <size>0x0</size>
      </object_component>
      <object_component id="oc-335">
         <name>.text:main</name>
         <load_address>0xe000</load_address>
         <run_address>0xe000</run_address>
         <size>0x2c</size>
         <input_file_ref idref="fl-2"/>
      </object_component>
      <object_component id="oc-2ed">
         <name>.text:_isr:_c_int00_noinit_noargs</name>
         <load_address>0xe02c</load_address>
         <run_address>0xe02c</run_address>
         <size>0x14</size>
         <input_file_ref idref="fl-3a"/>
      </object_component>
      <object_component id="oc-2dc">
         <name>.text:_isr:__TI_ISR_TRAP</name>
         <load_address>0xe040</load_address>
         <run_address>0xe040</run_address>
         <size>0x8</size>
         <input_file_ref idref="fl-34"/>
      </object_component>
      <object_component id="oc-359">
         <name>.text:abort</name>
         <load_address>0xe048</load_address>
         <run_address>0xe048</run_address>
         <size>0x6</size>
         <input_file_ref idref="fl-43"/>
      </object_component>
      <object_component id="oc-32f">
         <name>.text:_system_pre_init</name>
         <load_address>0xe04e</load_address>
         <run_address>0xe04e</run_address>
         <size>0x4</size>
         <input_file_ref idref="fl-3f"/>
      </object_component>
      <object_component id="oc-483">
         <name>__TI_cinit_table</name>
         <load_address>0xe000</load_address>
         <run_address>0xe000</run_address>
         <size>0x0</size>
      </object_component>
      <object_component id="oc-357">
         <name>.const:.string</name>
         <load_address>0xe052</load_address>
         <run_address>0xe052</run_address>
         <size>0xc</size>
         <input_file_ref idref="fl-2"/>
      </object_component>
      <object_component id="oc-415">
         <name>.binit</name>
         <load_address>0xe000</load_address>
         <run_address>0xe000</run_address>
         <size>0x0</size>
      </object_component>
      <object_component id="oc-73">
         <name>.int45</name>
         <load_address>0xffda</load_address>
         <run_address>0xffda</run_address>
         <size>0x2</size>
         <input_file_ref idref="fl-23"/>
      </object_component>
      <object_component id="oc-74">
         <name>.int46</name>
         <load_address>0xffdc</load_address>
         <run_address>0xffdc</run_address>
         <size>0x2</size>
         <input_file_ref idref="fl-24"/>
      </object_component>
      <object_component id="oc-75">
         <name>.int48</name>
         <load_address>0xffe0</load_address>
         <run_address>0xffe0</run_address>
         <size>0x2</size>
         <input_file_ref idref="fl-25"/>
      </object_component>
      <object_component id="oc-76">
         <name>.int49</name>
         <load_address>0xffe2</load_address>
         <run_address>0xffe2</run_address>
         <size>0x2</size>
         <input_file_ref idref="fl-26"/>
      </object_component>
      <object_component id="oc-77">
         <name>.int50</name>
         <load_address>0xffe4</load_address>
         <run_address>0xffe4</run_address>
         <size>0x2</size>
         <input_file_ref idref="fl-27"/>
      </object_component>
      <object_component id="oc-78">
         <name>.int51</name>
         <load_address>0xffe6</load_address>
         <run_address>0xffe6</run_address>
         <size>0x2</size>
         <input_file_ref idref="fl-28"/>
      </object_component>
      <object_component id="oc-79">
         <name>.int52</name>
         <load_address>0xffe8</load_address>
         <run_address>0xffe8</run_address>
         <size>0x2</size>
         <input_file_ref idref="fl-29"/>
      </object_component>
      <object_component id="oc-7a">
         <name>.int53</name>
         <load_address>0xffea</load_address>
         <run_address>0xffea</run_address>
         <size>0x2</size>
         <input_file_ref idref="fl-2a"/>
      </object_component>
      <object_component id="oc-7b">
         <name>.int54</name>
         <load_address>0xffec</load_address>
         <run_address>0xffec</run_address>
         <size>0x2</size>
         <input_file_ref idref="fl-2b"/>
      </object_component>
      <object_component id="oc-7c">
         <name>.int55</name>
         <load_address>0xffee</load_address>
         <run_address>0xffee</run_address>
         <size>0x2</size>
         <input_file_ref idref="fl-2c"/>
      </object_component>
      <object_component id="oc-7d">
         <name>.int56</name>
         <load_address>0xfff0</load_address>
         <run_address>0xfff0</run_address>
         <size>0x2</size>
         <input_file_ref idref="fl-2d"/>
      </object_component>
      <object_component id="oc-7e">
         <name>.int57</name>
         <load_address>0xfff2</load_address>
         <run_address>0xfff2</run_address>
         <size>0x2</size>
         <input_file_ref idref="fl-2e"/>
      </object_component>
      <object_component id="oc-7f">
         <name>.int58</name>
         <load_address>0xfff4</load_address>
         <run_address>0xfff4</run_address>
         <size>0x2</size>
         <input_file_ref idref="fl-2f"/>
      </object_component>
      <object_component id="oc-80">
         <name>.int59</name>
         <load_address>0xfff6</load_address>
         <run_address>0xfff6</run_address>
         <size>0x2</size>
         <input_file_ref idref="fl-30"/>
      </object_component>
      <object_component id="oc-81">
         <name>.int60</name>
         <load_address>0xfff8</load_address>
         <run_address>0xfff8</run_address>
         <size>0x2</size>
         <input_file_ref idref="fl-31"/>
      </object_component>
      <object_component id="oc-82">
         <name>.int61</name>
         <load_address>0xfffa</load_address>
         <run_address>0xfffa</run_address>
         <size>0x2</size>
         <input_file_ref idref="fl-32"/>
      </object_component>
      <object_component id="oc-83">
         <name>.int62</name>
         <load_address>0xfffc</load_address>
         <run_address>0xfffc</run_address>
         <size>0x2</size>
         <input_file_ref idref="fl-33"/>
      </object_component>
      <object_component id="oc-2c4">
         <name>.reset</name>
         <load_address>0xfffe</load_address>
         <run_address>0xfffe</run_address>
         <size>0x2</size>
         <input_file_ref idref="fl-3a"/>
      </object_component>
      <object_component id="oc-336">
         <name>.debug_info</name>
         <load_address>0x0</load_address>
         <run_address>0x0</run_address>
         <size>0x169</size>
         <input_file_ref idref="fl-2"/>
      </object_component>
      <object_component id="oc-2cb">
         <name>.debug_info</name>
         <load_address>0x169</load_address>
         <run_address>0x169</run_address>
         <size>0x84</size>
         <input_file_ref idref="fl-2"/>
      </object_component>
      <object_component id="oc-2dd">
         <name>.debug_info</name>
         <load_address>0x1ed</load_address>
         <run_address>0x1ed</run_address>
         <size>0x10f</size>
         <input_file_ref idref="fl-34"/>
      </object_component>
      <object_component id="oc-2c2">
         <name>.debug_info</name>
         <load_address>0x2fc</load_address>
         <run_address>0x2fc</run_address>
         <size>0x100</size>
         <input_file_ref idref="fl-3a"/>
      </object_component>
      <object_component id="oc-2ee">
         <name>.debug_info</name>
         <load_address>0x3fc</load_address>
         <run_address>0x3fc</run_address>
         <size>0x177</size>
         <input_file_ref idref="fl-3a"/>
      </object_component>
      <object_component id="oc-331">
         <name>.debug_info</name>
         <load_address>0x573</load_address>
         <run_address>0x573</run_address>
         <size>0x153</size>
         <input_file_ref idref="fl-3f"/>
      </object_component>
      <object_component id="oc-35a">
         <name>.debug_info</name>
         <load_address>0x6c6</load_address>
         <run_address>0x6c6</run_address>
         <size>0x122</size>
         <input_file_ref idref="fl-43"/>
      </object_component>
      <object_component id="oc-485">
         <name>.debug_info</name>
         <load_address>0x7e8</load_address>
         <run_address>0x7e8</run_address>
         <size>0xb4</size>
      </object_component>
      <object_component id="oc-339">
         <name>.debug_line</name>
         <load_address>0x0</load_address>
         <run_address>0x0</run_address>
         <size>0x49</size>
         <input_file_ref idref="fl-2"/>
      </object_component>
      <object_component id="oc-2ce">
         <name>.debug_line</name>
         <load_address>0x49</load_address>
         <run_address>0x49</run_address>
         <size>0x20</size>
         <input_file_ref idref="fl-2"/>
      </object_component>
      <object_component id="oc-2e0">
         <name>.debug_line</name>
         <load_address>0x69</load_address>
         <run_address>0x69</run_address>
         <size>0x3d</size>
         <input_file_ref idref="fl-34"/>
      </object_component>
      <object_component id="oc-31e">
         <name>.debug_line</name>
         <load_address>0xa6</load_address>
         <run_address>0xa6</run_address>
         <size>0x2a</size>
         <input_file_ref idref="fl-3a"/>
      </object_component>
      <object_component id="oc-2f2">
         <name>.debug_line</name>
         <load_address>0xd0</load_address>
         <run_address>0xd0</run_address>
         <size>0x43</size>
         <input_file_ref idref="fl-3a"/>
      </object_component>
      <object_component id="oc-330">
         <name>.debug_line</name>
         <load_address>0x113</load_address>
         <run_address>0x113</run_address>
         <size>0x3e</size>
         <input_file_ref idref="fl-3f"/>
      </object_component>
      <object_component id="oc-35e">
         <name>.debug_line</name>
         <load_address>0x151</load_address>
         <run_address>0x151</run_address>
         <size>0x3d</size>
         <input_file_ref idref="fl-43"/>
      </object_component>
      <object_component id="oc-33a">
         <name>.debug_frame</name>
         <load_address>0x0</load_address>
         <run_address>0x0</run_address>
         <size>0x3c</size>
         <input_file_ref idref="fl-2"/>
      </object_component>
      <object_component id="oc-2f1">
         <name>.debug_frame</name>
         <load_address>0x3c</load_address>
         <run_address>0x3c</run_address>
         <size>0x34</size>
         <input_file_ref idref="fl-3a"/>
      </object_component>
      <object_component id="oc-334">
         <name>.debug_frame</name>
         <load_address>0x70</load_address>
         <run_address>0x70</run_address>
         <size>0x3c</size>
         <input_file_ref idref="fl-3f"/>
      </object_component>
      <object_component id="oc-35d">
         <name>.debug_frame</name>
         <load_address>0xac</load_address>
         <run_address>0xac</run_address>
         <size>0x3c</size>
         <input_file_ref idref="fl-43"/>
      </object_component>
      <object_component id="oc-358">
         <name>.debug_abbrev</name>
         <load_address>0x0</load_address>
         <run_address>0x0</run_address>
         <size>0x60</size>
         <input_file_ref idref="fl-2"/>
      </object_component>
      <object_component id="oc-2cd">
         <name>.debug_abbrev</name>
         <load_address>0x60</load_address>
         <run_address>0x60</run_address>
         <size>0x1f</size>
         <input_file_ref idref="fl-2"/>
      </object_component>
      <object_component id="oc-327">
         <name>.debug_abbrev</name>
         <load_address>0x7f</load_address>
         <run_address>0x7f</run_address>
         <size>0x28</size>
         <input_file_ref idref="fl-34"/>
      </object_component>
      <object_component id="oc-31d">
         <name>.debug_abbrev</name>
         <load_address>0xa7</load_address>
         <run_address>0xa7</run_address>
         <size>0x29</size>
         <input_file_ref idref="fl-3a"/>
      </object_component>
      <object_component id="oc-33c">
         <name>.debug_abbrev</name>
         <load_address>0xd0</load_address>
         <run_address>0xd0</run_address>
         <size>0x58</size>
         <input_file_ref idref="fl-3a"/>
      </object_component>
      <object_component id="oc-356">
         <name>.debug_abbrev</name>
         <load_address>0x128</load_address>
         <run_address>0x128</run_address>
         <size>0x55</size>
         <input_file_ref idref="fl-3f"/>
      </object_component>
      <object_component id="oc-398">
         <name>.debug_abbrev</name>
         <load_address>0x17d</load_address>
         <run_address>0x17d</run_address>
         <size>0x45</size>
         <input_file_ref idref="fl-43"/>
      </object_component>
      <object_component id="oc-486">
         <name>.debug_abbrev</name>
         <load_address>0x1c2</load_address>
         <run_address>0x1c2</run_address>
         <size>0xf</size>
      </object_component>
      <object_component id="oc-2cf">
         <name>.debug_str</name>
         <load_address>0x0</load_address>
         <run_address>0x0</run_address>
         <size>0xfd</size>
         <input_file_ref idref="fl-2"/>
      </object_component>
      <object_component id="oc-337">
         <name>.debug_aranges</name>
         <load_address>0x0</load_address>
         <run_address>0x0</run_address>
         <size>0x20</size>
         <input_file_ref idref="fl-2"/>
      </object_component>
      <object_component id="oc-2df">
         <name>.debug_aranges</name>
         <load_address>0x20</load_address>
         <run_address>0x20</run_address>
         <size>0x20</size>
         <input_file_ref idref="fl-34"/>
      </object_component>
      <object_component id="oc-2ef">
         <name>.debug_aranges</name>
         <load_address>0x40</load_address>
         <run_address>0x40</run_address>
         <size>0x20</size>
         <input_file_ref idref="fl-3a"/>
      </object_component>
      <object_component id="oc-332">
         <name>.debug_aranges</name>
         <load_address>0x60</load_address>
         <run_address>0x60</run_address>
         <size>0x20</size>
         <input_file_ref idref="fl-3f"/>
      </object_component>
      <object_component id="oc-35b">
         <name>.debug_aranges</name>
         <load_address>0x80</load_address>
         <run_address>0x80</run_address>
         <size>0x20</size>
         <input_file_ref idref="fl-43"/>
      </object_component>
      <object_component id="oc-338">
         <name>.debug_pubnames</name>
         <load_address>0x0</load_address>
         <run_address>0x0</run_address>
         <size>0x1b</size>
         <input_file_ref idref="fl-2"/>
      </object_component>
      <object_component id="oc-2de">
         <name>.debug_pubnames</name>
         <load_address>0x1b</load_address>
         <run_address>0x1b</run_address>
         <size>0x2b</size>
         <input_file_ref idref="fl-34"/>
      </object_component>
      <object_component id="oc-2c3">
         <name>.debug_pubnames</name>
         <load_address>0x46</load_address>
         <run_address>0x46</run_address>
         <size>0x1d</size>
         <input_file_ref idref="fl-3a"/>
      </object_component>
      <object_component id="oc-2f0">
         <name>.debug_pubnames</name>
         <load_address>0x63</load_address>
         <run_address>0x63</run_address>
         <size>0x2d</size>
         <input_file_ref idref="fl-3a"/>
      </object_component>
      <object_component id="oc-333">
         <name>.debug_pubnames</name>
         <load_address>0x90</load_address>
         <run_address>0x90</run_address>
         <size>0x27</size>
         <input_file_ref idref="fl-3f"/>
      </object_component>
      <object_component id="oc-35c">
         <name>.debug_pubnames</name>
         <load_address>0xb7</load_address>
         <run_address>0xb7</run_address>
         <size>0x1c</size>
         <input_file_ref idref="fl-43"/>
      </object_component>
      <object_component id="oc-2cc">
         <name>.debug_pubtypes</name>
         <load_address>0x0</load_address>
         <run_address>0x0</run_address>
         <size>0xed</size>
         <input_file_ref idref="fl-2"/>
      </object_component>
   </object_component_list>
   <logical_group_list>
      <logical_group id="lg-2" display="no" color="cyan">
         <name>.bss</name>
         <run_address>0x0</run_address>
         <size>0x0</size>
         <contents>
         </contents>
      </logical_group>
      <logical_group id="lg-3" display="no" color="cyan">
         <name>.data</name>
         <run_address>0x0</run_address>
         <size>0x0</size>
         <contents>
         </contents>
      </logical_group>
      <logical_group id="lg-4" display="no" color="cyan">
         <name>.TI.noinit</name>
         <run_address>0x0</run_address>
         <size>0x0</size>
         <contents>
         </contents>
      </logical_group>
      <logical_group id="lg-5" display="no" color="cyan">
         <name>.sysmem</name>
         <run_address>0x0</run_address>
         <size>0x0</size>
         <contents>
         </contents>
      </logical_group>
      <logical_group id="lg-6" display="no" color="cyan">
         <name>.stack</name>
         <run_address>0x23ac</run_address>
         <size>0x50</size>
         <contents>
            <object_component_ref idref="oc-2c1"/>
            <object_component_ref idref="oc-484"/>
         </contents>
      </logical_group>
      <logical_group id="lg-7" display="no" color="cyan">
         <name>.text</name>
         <load_address>0xe000</load_address>
         <run_address>0xe000</run_address>
         <size>0x52</size>
         <contents>
            <object_component_ref idref="oc-335"/>
            <object_component_ref idref="oc-2ed"/>
            <object_component_ref idref="oc-2dc"/>
            <object_component_ref idref="oc-359"/>
            <object_component_ref idref="oc-32f"/>
         </contents>
      </logical_group>
      <logical_group id="lg-8" display="no" color="cyan">
         <name>.cinit</name>
         <load_address>0xe000</load_address>
         <run_address>0xe000</run_address>
         <size>0x0</size>
         <contents>
            <object_component_ref idref="oc-483"/>
         </contents>
      </logical_group>
      <logical_group id="lg-9" display="no" color="cyan">
         <name>.const</name>
         <load_address>0xe052</load_address>
         <run_address>0xe052</run_address>
         <size>0xc</size>
         <contents>
            <object_component_ref idref="oc-357"/>
         </contents>
      </logical_group>
      <logical_group id="lg-a" display="no" color="cyan">
         <name>.cio</name>
         <run_address>0x0</run_address>
         <size>0x0</size>
         <contents>
         </contents>
      </logical_group>
      <logical_group id="lg-b" display="no" color="cyan">
         <name>.pinit</name>
         <run_address>0x0</run_address>
         <size>0x0</size>
         <contents>
         </contents>
      </logical_group>
      <logical_group id="lg-c" display="no" color="cyan">
         <name>.binit</name>
         <load_address>0xe000</load_address>
         <run_address>0xe000</run_address>
         <size>0x0</size>
         <contents>
            <object_component_ref idref="oc-415"/>
         </contents>
      </logical_group>
      <logical_group id="lg-d" display="no" color="cyan">
         <name>.init_array</name>
         <run_address>0x0</run_address>
         <size>0x0</size>
         <contents>
         </contents>
      </logical_group>
      <logical_group id="lg-e" display="no" color="cyan">
         <name>.mspabi.exidx</name>
         <run_address>0x0</run_address>
         <size>0x0</size>
         <contents>
         </contents>
      </logical_group>
      <logical_group id="lg-f" display="no" color="cyan">
         <name>.mspabi.extab</name>
         <run_address>0x0</run_address>
         <size>0x0</size>
         <contents>
         </contents>
      </logical_group>
      <logical_group id="lg-10" display="no" color="cyan">
         <name>.TI.ramfunc</name>
         <run_address>0x0</run_address>
         <size>0x0</size>
         <contents>
         </contents>
      </logical_group>
      <logical_group id="lg-11" display="no" color="cyan">
         <name>.infoA</name>
         <run_address>0x0</run_address>
         <size>0x0</size>
         <contents>
         </contents>
      </logical_group>
      <logical_group id="lg-12" display="no" color="cyan">
         <name>.infoB</name>
         <run_address>0x0</run_address>
         <size>0x0</size>
         <contents>
         </contents>
      </logical_group>
      <logical_group id="lg-13" display="no" color="cyan">
         <name>.infoC</name>
         <run_address>0x0</run_address>
         <size>0x0</size>
         <contents>
         </contents>
      </logical_group>
      <logical_group id="lg-14" display="no" color="cyan">
         <name>.infoD</name>
         <run_address>0x0</run_address>
         <size>0x0</size>
         <contents>
         </contents>
      </logical_group>
      <logical_group id="lg-15" display="no" color="cyan">
         <name>.int00</name>
         <run_address>0x0</run_address>
         <size>0x0</size>
         <contents>
         </contents>
      </logical_group>
      <logical_group id="lg-16" display="no" color="cyan">
         <name>.int01</name>
         <run_address>0x0</run_address>
         <size>0x0</size>
         <contents>
         </contents>
      </logical_group>
      <logical_group id="lg-17" display="no" color="cyan">
         <name>.int02</name>
         <run_address>0x0</run_address>
         <size>0x0</size>
         <contents>
         </contents>
      </logical_group>
      <logical_group id="lg-18" display="no" color="cyan">
         <name>.int03</name>
         <run_address>0x0</run_address>
         <size>0x0</size>
         <contents>
         </contents>
      </logical_group>
      <logical_group id="lg-19" display="no" color="cyan">
         <name>.int04</name>
         <run_address>0x0</run_address>
         <size>0x0</size>
         <contents>
         </contents>
      </logical_group>
      <logical_group id="lg-1a" display="no" color="cyan">
         <name>.int05</name>
         <run_address>0x0</run_address>
         <size>0x0</size>
         <contents>
         </contents>
      </logical_group>
      <logical_group id="lg-1b" display="no" color="cyan">
         <name>.int06</name>
         <run_address>0x0</run_address>
         <size>0x0</size>
         <contents>
         </contents>
      </logical_group>
      <logical_group id="lg-1c" display="no" color="cyan">
         <name>.int07</name>
         <run_address>0x0</run_address>
         <size>0x0</size>
         <contents>
         </contents>
      </logical_group>
      <logical_group id="lg-1d" display="no" color="cyan">
         <name>.int08</name>
         <run_address>0x0</run_address>
         <size>0x0</size>
         <contents>
         </contents>
      </logical_group>
      <logical_group id="lg-1e" display="no" color="cyan">
         <name>.int09</name>
         <run_address>0x0</run_address>
         <size>0x0</size>
         <contents>
         </contents>
      </logical_group>
      <logical_group id="lg-1f" display="no" color="cyan">
         <name>.int10</name>
         <run_address>0x0</run_address>
         <size>0x0</size>
         <contents>
         </contents>
      </logical_group>
      <logical_group id="lg-20" display="no" color="cyan">
         <name>.int11</name>
         <run_address>0x0</run_address>
         <size>0x0</size>
         <contents>
         </contents>
      </logical_group>
      <logical_group id="lg-21" display="no" color="cyan">
         <name>.int12</name>
         <run_address>0x0</run_address>
         <size>0x0</size>
         <contents>
         </contents>
      </logical_group>
      <logical_group id="lg-22" display="no" color="cyan">
         <name>.int13</name>
         <run_address>0x0</run_address>
         <size>0x0</size>
         <contents>
         </contents>
      </logical_group>
      <logical_group id="lg-23" display="no" color="cyan">
         <name>.int14</name>
         <run_address>0x0</run_address>
         <size>0x0</size>
         <contents>
         </contents>
      </logical_group>
      <logical_group id="lg-24" display="no" color="cyan">
         <name>.int15</name>
         <run_address>0x0</run_address>
         <size>0x0</size>
         <contents>
         </contents>
      </logical_group>
      <logical_group id="lg-25" display="no" color="cyan">
         <name>.int16</name>
         <run_address>0x0</run_address>
         <size>0x0</size>
         <contents>
         </contents>
      </logical_group>
      <logical_group id="lg-26" display="no" color="cyan">
         <name>.int17</name>
         <run_address>0x0</run_address>
         <size>0x0</size>
         <contents>
         </contents>
      </logical_group>
      <logical_group id="lg-27" display="no" color="cyan">
         <name>.int18</name>
         <run_address>0x0</run_address>
         <size>0x0</size>
         <contents>
         </contents>
      </logical_group>
      <logical_group id="lg-28" display="no" color="cyan">
         <name>.int19</name>
         <run_address>0x0</run_address>
         <size>0x0</size>
         <contents>
         </contents>
      </logical_group>
      <logical_group id="lg-29" display="no" color="cyan">
         <name>.int20</name>
         <run_address>0x0</run_address>
         <size>0x0</size>
         <contents>
         </contents>
      </logical_group>
      <logical_group id="lg-2a" display="no" color="cyan">
         <name>.int21</name>
         <run_address>0x0</run_address>
         <size>0x0</size>
         <contents>
         </contents>
      </logical_group>
      <logical_group id="lg-2b" display="no" color="cyan">
         <name>.int22</name>
         <run_address>0x0</run_address>
         <size>0x0</size>
         <contents>
         </contents>
      </logical_group>
      <logical_group id="lg-2c" display="no" color="cyan">
         <name>.int23</name>
         <run_address>0x0</run_address>
         <size>0x0</size>
         <contents>
         </contents>
      </logical_group>
      <logical_group id="lg-2d" display="no" color="cyan">
         <name>.int24</name>
         <run_address>0x0</run_address>
         <size>0x0</size>
         <contents>
         </contents>
      </logical_group>
      <logical_group id="lg-2e" display="no" color="cyan">
         <name>.int25</name>
         <run_address>0x0</run_address>
         <size>0x0</size>
         <contents>
         </contents>
      </logical_group>
      <logical_group id="lg-2f" display="no" color="cyan">
         <name>.int26</name>
         <run_address>0x0</run_address>
         <size>0x0</size>
         <contents>
         </contents>
      </logical_group>
      <logical_group id="lg-30" display="no" color="cyan">
         <name>.int27</name>
         <run_address>0x0</run_address>
         <size>0x0</size>
         <contents>
         </contents>
      </logical_group>
      <logical_group id="lg-31" display="no" color="cyan">
         <name>.int28</name>
         <run_address>0x0</run_address>
         <size>0x0</size>
         <contents>
         </contents>
      </logical_group>
      <logical_group id="lg-32" display="no" color="cyan">
         <name>.int29</name>
         <run_address>0x0</run_address>
         <size>0x0</size>
         <contents>
         </contents>
      </logical_group>
      <logical_group id="lg-33" display="no" color="cyan">
         <name>.int30</name>
         <run_address>0x0</run_address>
         <size>0x0</size>
         <contents>
         </contents>
      </logical_group>
      <logical_group id="lg-34" display="no" color="cyan">
         <name>.int31</name>
         <run_address>0x0</run_address>
         <size>0x0</size>
         <contents>
         </contents>
      </logical_group>
      <logical_group id="lg-35" display="no" color="cyan">
         <name>.int32</name>
         <run_address>0x0</run_address>
         <size>0x0</size>
         <contents>
         </contents>
      </logical_group>
      <logical_group id="lg-36" display="no" color="cyan">
         <name>.int33</name>
         <run_address>0x0</run_address>
         <size>0x0</size>
         <contents>
         </contents>
      </logical_group>
      <logical_group id="lg-37" display="no" color="cyan">
         <name>.int34</name>
         <run_address>0x0</run_address>
         <size>0x0</size>
         <contents>
         </contents>
      </logical_group>
      <logical_group id="lg-38" display="no" color="cyan">
         <name>.int35</name>
         <run_address>0x0</run_address>
         <size>0x0</size>
         <contents>
         </contents>
      </logical_group>
      <logical_group id="lg-39" display="no" color="cyan">
         <name>.int36</name>
         <run_address>0x0</run_address>
         <size>0x0</size>
         <contents>
         </contents>
      </logical_group>
      <logical_group id="lg-3a" display="no" color="cyan">
         <name>.int37</name>
         <run_address>0x0</run_address>
         <size>0x0</size>
         <contents>
         </contents>
      </logical_group>
      <logical_group id="lg-3b" display="no" color="cyan">
         <name>.int38</name>
         <run_address>0x0</run_address>
         <size>0x0</size>
         <contents>
         </contents>
      </logical_group>
      <logical_group id="lg-3c" display="no" color="cyan">
         <name>.int39</name>
         <run_address>0x0</run_address>
         <size>0x0</size>
         <contents>
         </contents>
      </logical_group>
      <logical_group id="lg-3d" display="no" color="cyan">
         <name>.int40</name>
         <run_address>0x0</run_address>
         <size>0x0</size>
         <contents>
         </contents>
      </logical_group>
      <logical_group id="lg-3e" display="no" color="cyan">
         <name>.int41</name>
         <run_address>0x0</run_address>
         <size>0x0</size>
         <contents>
         </contents>
      </logical_group>
      <logical_group id="lg-3f" display="no" color="cyan">
         <name>.int42</name>
         <run_address>0x0</run_address>
         <size>0x0</size>
         <contents>
         </contents>
      </logical_group>
      <logical_group id="lg-40" display="no" color="cyan">
         <name>.int43</name>
         <run_address>0x0</run_address>
         <size>0x0</size>
         <contents>
         </contents>
      </logical_group>
      <logical_group id="lg-41" display="no" color="cyan">
         <name>.int44</name>
         <run_address>0x0</run_address>
         <size>0x0</size>
         <contents>
         </contents>
      </logical_group>
      <logical_group id="lg-42" display="no" color="cyan">
         <name>AES</name>
         <load_address>0xffda</load_address>
         <run_address>0xffda</run_address>
         <size>0x2</size>
         <contents>
            <object_component_ref idref="oc-73"/>
         </contents>
      </logical_group>
      <logical_group id="lg-44" display="no" color="cyan">
         <name>RTC</name>
         <load_address>0xffdc</load_address>
         <run_address>0xffdc</run_address>
         <size>0x2</size>
         <contents>
            <object_component_ref idref="oc-74"/>
         </contents>
      </logical_group>
      <logical_group id="lg-46" display="no" color="cyan">
         <name>.int47</name>
         <run_address>0x0</run_address>
         <size>0x0</size>
         <contents>
         </contents>
      </logical_group>
      <logical_group id="lg-47" display="no" color="cyan">
         <name>PORT2</name>
         <load_address>0xffe0</load_address>
         <run_address>0xffe0</run_address>
         <size>0x2</size>
         <contents>
            <object_component_ref idref="oc-75"/>
         </contents>
      </logical_group>
      <logical_group id="lg-49" display="no" color="cyan">
         <name>PORT1</name>
         <load_address>0xffe2</load_address>
         <run_address>0xffe2</run_address>
         <size>0x2</size>
         <contents>
            <object_component_ref idref="oc-76"/>
         </contents>
      </logical_group>
      <logical_group id="lg-4b" display="no" color="cyan">
         <name>TIMER1_A1</name>
         <load_address>0xffe4</load_address>
         <run_address>0xffe4</run_address>
         <size>0x2</size>
         <contents>
            <object_component_ref idref="oc-77"/>
         </contents>
      </logical_group>
      <logical_group id="lg-4d" display="no" color="cyan">
         <name>TIMER1_A0</name>
         <load_address>0xffe6</load_address>
         <run_address>0xffe6</run_address>
         <size>0x2</size>
         <contents>
            <object_component_ref idref="oc-78"/>
         </contents>
      </logical_group>
      <logical_group id="lg-4f" display="no" color="cyan">
         <name>DMA</name>
         <load_address>0xffe8</load_address>
         <run_address>0xffe8</run_address>
         <size>0x2</size>
         <contents>
            <object_component_ref idref="oc-79"/>
         </contents>
      </logical_group>
      <logical_group id="lg-51" display="no" color="cyan">
         <name>CC1101</name>
         <load_address>0xffea</load_address>
         <run_address>0xffea</run_address>
         <size>0x2</size>
         <contents>
            <object_component_ref idref="oc-7a"/>
         </contents>
      </logical_group>
      <logical_group id="lg-53" display="no" color="cyan">
         <name>TIMER0_A1</name>
         <load_address>0xffec</load_address>
         <run_address>0xffec</run_address>
         <size>0x2</size>
         <contents>
            <object_component_ref idref="oc-7b"/>
         </contents>
      </logical_group>
      <logical_group id="lg-55" display="no" color="cyan">
         <name>TIMER0_A0</name>
         <load_address>0xffee</load_address>
         <run_address>0xffee</run_address>
         <size>0x2</size>
         <contents>
            <object_component_ref idref="oc-7c"/>
         </contents>
      </logical_group>
      <logical_group id="lg-57" display="no" color="cyan">
         <name>ADC10</name>
         <load_address>0xfff0</load_address>
         <run_address>0xfff0</run_address>
         <size>0x2</size>
         <contents>
            <object_component_ref idref="oc-7d"/>
         </contents>
      </logical_group>
      <logical_group id="lg-59" display="no" color="cyan">
         <name>USCI_B0</name>
         <load_address>0xfff2</load_address>
         <run_address>0xfff2</run_address>
         <size>0x2</size>
         <contents>
            <object_component_ref idref="oc-7e"/>
         </contents>
      </logical_group>
      <logical_group id="lg-5b" display="no" color="cyan">
         <name>USCI_A0</name>
         <load_address>0xfff4</load_address>
         <run_address>0xfff4</run_address>
         <size>0x2</size>
         <contents>
            <object_component_ref idref="oc-7f"/>
         </contents>
      </logical_group>
      <logical_group id="lg-5d" display="no" color="cyan">
         <name>WDT</name>
         <load_address>0xfff6</load_address>
         <run_address>0xfff6</run_address>
         <size>0x2</size>
         <contents>
            <object_component_ref idref="oc-80"/>
         </contents>
      </logical_group>
      <logical_group id="lg-5f" display="no" color="cyan">
         <name>COMP_B</name>
         <load_address>0xfff8</load_address>
         <run_address>0xfff8</run_address>
         <size>0x2</size>
         <contents>
            <object_component_ref idref="oc-81"/>
         </contents>
      </logical_group>
      <logical_group id="lg-61" display="no" color="cyan">
         <name>UNMI</name>
         <load_address>0xfffa</load_address>
         <run_address>0xfffa</run_address>
         <size>0x2</size>
         <contents>
            <object_component_ref idref="oc-82"/>
         </contents>
      </logical_group>
      <logical_group id="lg-63" display="no" color="cyan">
         <name>SYSNMI</name>
         <load_address>0xfffc</load_address>
         <run_address>0xfffc</run_address>
         <size>0x2</size>
         <contents>
            <object_component_ref idref="oc-83"/>
         </contents>
      </logical_group>
      <logical_group id="lg-65" display="no" color="cyan">
         <name>.reset</name>
         <load_address>0xfffe</load_address>
         <run_address>0xfffe</run_address>
         <size>0x2</size>
         <contents>
            <object_component_ref idref="oc-2c4"/>
         </contents>
      </logical_group>
      <logical_group id="lg-414" display="no" color="cyan">
         <name>.TI.persistent</name>
         <run_address>0x0</run_address>
         <size>0x0</size>
         <contents>
         </contents>
      </logical_group>
      <logical_group id="lg-46a" display="never" color="cyan">
         <name>.debug_info</name>
         <load_address>0x0</load_address>
         <run_address>0x0</run_address>
         <size>0x89c</size>
         <contents>
            <object_component_ref idref="oc-336"/>
            <object_component_ref idref="oc-2cb"/>
            <object_component_ref idref="oc-2dd"/>
            <object_component_ref idref="oc-2c2"/>
            <object_component_ref idref="oc-2ee"/>
            <object_component_ref idref="oc-331"/>
            <object_component_ref idref="oc-35a"/>
            <object_component_ref idref="oc-485"/>
         </contents>
      </logical_group>
      <logical_group id="lg-46c" display="never" color="cyan">
         <name>.debug_line</name>
         <load_address>0x0</load_address>
         <run_address>0x0</run_address>
         <size>0x18e</size>
         <contents>
            <object_component_ref idref="oc-339"/>
            <object_component_ref idref="oc-2ce"/>
            <object_component_ref idref="oc-2e0"/>
            <object_component_ref idref="oc-31e"/>
            <object_component_ref idref="oc-2f2"/>
            <object_component_ref idref="oc-330"/>
            <object_component_ref idref="oc-35e"/>
         </contents>
      </logical_group>
      <logical_group id="lg-46e" display="never" color="cyan">
         <name>.debug_frame</name>
         <load_address>0x0</load_address>
         <run_address>0x0</run_address>
         <size>0xe8</size>
         <contents>
            <object_component_ref idref="oc-33a"/>
            <object_component_ref idref="oc-2f1"/>
            <object_component_ref idref="oc-334"/>
            <object_component_ref idref="oc-35d"/>
         </contents>
      </logical_group>
      <logical_group id="lg-470" display="never" color="cyan">
         <name>.debug_abbrev</name>
         <load_address>0x0</load_address>
         <run_address>0x0</run_address>
         <size>0x1d1</size>
         <contents>
            <object_component_ref idref="oc-358"/>
            <object_component_ref idref="oc-2cd"/>
            <object_component_ref idref="oc-327"/>
            <object_component_ref idref="oc-31d"/>
            <object_component_ref idref="oc-33c"/>
            <object_component_ref idref="oc-356"/>
            <object_component_ref idref="oc-398"/>
            <object_component_ref idref="oc-486"/>
         </contents>
      </logical_group>
      <logical_group id="lg-472" display="never" color="cyan">
         <name>.debug_str</name>
         <load_address>0x0</load_address>
         <run_address>0x0</run_address>
         <size>0xfd</size>
         <contents>
            <object_component_ref idref="oc-2cf"/>
         </contents>
      </logical_group>
      <logical_group id="lg-474" display="never" color="cyan">
         <name>.debug_aranges</name>
         <load_address>0x0</load_address>
         <run_address>0x0</run_address>
         <size>0xa0</size>
         <contents>
            <object_component_ref idref="oc-337"/>
            <object_component_ref idref="oc-2df"/>
            <object_component_ref idref="oc-2ef"/>
            <object_component_ref idref="oc-332"/>
            <object_component_ref idref="oc-35b"/>
         </contents>
      </logical_group>
      <logical_group id="lg-476" display="never" color="cyan">
         <name>.debug_pubnames</name>
         <load_address>0x0</load_address>
         <run_address>0x0</run_address>
         <size>0xd3</size>
         <contents>
            <object_component_ref idref="oc-338"/>
            <object_component_ref idref="oc-2de"/>
            <object_component_ref idref="oc-2c3"/>
            <object_component_ref idref="oc-2f0"/>
            <object_component_ref idref="oc-333"/>
            <object_component_ref idref="oc-35c"/>
         </contents>
      </logical_group>
      <logical_group id="lg-478" display="never" color="cyan">
         <name>.debug_pubtypes</name>
         <load_address>0x0</load_address>
         <run_address>0x0</run_address>
         <size>0xed</size>
         <contents>
            <object_component_ref idref="oc-2cc"/>
         </contents>
      </logical_group>
      <load_segment id="lg-487" display="no" color="cyan">
         <name>SEGMENT_0</name>
         <run_address>0x23ac</run_address>
         <size>0x50</size>
         <flags>0x6</flags>
         <contents>
            <logical_group_ref idref="lg-6"/>
         </contents>
      </load_segment>
      <load_segment id="lg-488" display="no" color="cyan">
         <name>SEGMENT_1</name>
         <load_address>0xe000</load_address>
         <run_address>0xe000</run_address>
         <size>0x5e</size>
         <flags>0x5</flags>
         <contents>
            <logical_group_ref idref="lg-7"/>
            <logical_group_ref idref="lg-9"/>
         </contents>
      </load_segment>
      <load_segment id="lg-489" display="no" color="cyan">
         <name>SEGMENT_2</name>
         <load_address>0xffda</load_address>
         <run_address>0xffda</run_address>
         <size>0x4</size>
         <flags>0x4</flags>
         <contents>
            <logical_group_ref idref="lg-42"/>
            <logical_group_ref idref="lg-44"/>
         </contents>
      </load_segment>
      <load_segment id="lg-48a" display="no" color="cyan">
         <name>SEGMENT_3</name>
         <load_address>0xffe0</load_address>
         <run_address>0xffe0</run_address>
         <size>0x20</size>
         <flags>0x4</flags>
         <contents>
            <logical_group_ref idref="lg-47"/>
            <logical_group_ref idref="lg-49"/>
            <logical_group_ref idref="lg-4b"/>
            <logical_group_ref idref="lg-4d"/>
            <logical_group_ref idref="lg-4f"/>
            <logical_group_ref idref="lg-51"/>
            <logical_group_ref idref="lg-53"/>
            <logical_group_ref idref="lg-55"/>
            <logical_group_ref idref="lg-57"/>
            <logical_group_ref idref="lg-59"/>
            <logical_group_ref idref="lg-5b"/>
            <logical_group_ref idref="lg-5d"/>
            <logical_group_ref idref="lg-5f"/>
            <logical_group_ref idref="lg-61"/>
            <logical_group_ref idref="lg-63"/>
            <logical_group_ref idref="lg-65"/>
         </contents>
      </load_segment>
   </logical_group_list>
   <placement_map>
      <memory_area display="no" color="green">
         <name>SFR</name>
         <page_id>0x0</page_id>
         <origin>0x0</origin>
         <length>0x10</length>
         <used_space>0x0</used_space>
         <unused_space>0x10</unused_space>
         <attributes>RWIX</attributes>
         <usage_details>
         </usage_details>
      </memory_area>
      <memory_area display="yes" color="green">
         <name>PERIPHERALS_8BIT</name>
         <page_id>0x0</page_id>
         <origin>0x10</origin>
         <length>0xf0</length>
         <used_space>0x0</used_space>
         <unused_space>0xf0</unused_space>
         <attributes>RWIX</attributes>
         <usage_details>
         </usage_details>
      </memory_area>
      <memory_area display="yes" color="green">
         <name>PERIPHERALS_16BIT</name>
         <page_id>0x0</page_id>
         <origin>0x100</origin>
         <length>0x100</length>
         <used_space>0x0</used_space>
         <unused_space>0x100</unused_space>
         <attributes>RWIX</attributes>
         <usage_details>
         </usage_details>
      </memory_area>
      <memory_area display="yes" color="green">
         <name>INFOD</name>
         <page_id>0x0</page_id>
         <origin>0x1800</origin>
         <length>0x80</length>
         <used_space>0x0</used_space>
         <unused_space>0x80</unused_space>
         <attributes>RWIX</attributes>
         <usage_details>
         </usage_details>
      </memory_area>
      <memory_area display="yes" color="green">
         <name>INFOC</name>
         <page_id>0x0</page_id>
         <origin>0x1880</origin>
         <length>0x80</length>
         <used_space>0x0</used_space>
         <unused_space>0x80</unused_space>
         <attributes>RWIX</attributes>
         <usage_details>
         </usage_details>
      </memory_area>
      <memory_area display="yes" color="green">
         <name>INFOB</name>
         <page_id>0x0</page_id>
         <origin>0x1900</origin>
         <length>0x80</length>
         <used_space>0x0</used_space>
         <unused_space>0x80</unused_space>
         <attributes>RWIX</attributes>
         <usage_details>
         </usage_details>
      </memory_area>
      <memory_area display="yes" color="green">
         <name>INFOA</name>
         <page_id>0x0</page_id>
         <origin>0x1980</origin>
         <length>0x80</length>
         <used_space>0x0</used_space>
         <unused_space>0x80</unused_space>
         <attributes>RWIX</attributes>
         <usage_details>
         </usage_details>
      </memory_area>
      <memory_area display="yes" color="green">
         <name>RAM</name>
         <page_id>0x0</page_id>
         <origin>0x1c00</origin>
         <length>0x7fe</length>
         <used_space>0x50</used_space>
         <unused_space>0x7ae</unused_space>
         <attributes>RWIX</attributes>
         <usage_details>
            <available_space>
               <start_address>0x1c00</start_address>
               <size>0x7ac</size>
            </available_space>
            <allocated_space>
               <start_address>0x23ac</start_address>
               <size>0x50</size>
               <logical_group_ref idref="lg-6"/>
            </allocated_space>
            <available_space>
               <start_address>0x23fc</start_address>
               <size>0x2</size>
            </available_space>
         </usage_details>
      </memory_area>
      <memory_area display="yes" color="green">
         <name>FLASH</name>
         <page_id>0x0</page_id>
         <origin>0xe000</origin>
         <length>0x1f80</length>
         <used_space>0x5e</used_space>
         <unused_space>0x1f22</unused_space>
         <attributes>RWIX</attributes>
         <usage_details>
            <allocated_space>
               <start_address>0xe000</start_address>
               <size>0x0</size>
               <logical_group_ref idref="lg-8"/>
            </allocated_space>
            <allocated_space>
               <start_address>0xe000</start_address>
               <size>0x0</size>
               <logical_group_ref idref="lg-c"/>
            </allocated_space>
            <allocated_space>
               <start_address>0xe000</start_address>
               <size>0x52</size>
               <logical_group_ref idref="lg-7"/>
            </allocated_space>
            <allocated_space>
               <start_address>0xe052</start_address>
               <size>0xc</size>
               <logical_group_ref idref="lg-9"/>
            </allocated_space>
            <available_space>
               <start_address>0xe05e</start_address>
               <size>0x1f22</size>
            </available_space>
         </usage_details>
      </memory_area>
      <memory_area display="no" color="green">
         <name>INT00</name>
         <page_id>0x0</page_id>
         <origin>0xff80</origin>
         <length>0x2</length>
         <used_space>0x0</used_space>
         <unused_space>0x2</unused_space>
         <attributes>RWIX</attributes>
         <usage_details>
         </usage_details>
      </memory_area>
      <memory_area display="no" color="green">
         <name>INT01</name>
         <page_id>0x0</page_id>
         <origin>0xff82</origin>
         <length>0x2</length>
         <used_space>0x0</used_space>
         <unused_space>0x2</unused_space>
         <attributes>RWIX</attributes>
         <usage_details>
         </usage_details>
      </memory_area>
      <memory_area display="no" color="green">
         <name>INT02</name>
         <page_id>0x0</page_id>
         <origin>0xff84</origin>
         <length>0x2</length>
         <used_space>0x0</used_space>
         <unused_space>0x2</unused_space>
         <attributes>RWIX</attributes>
         <usage_details>
         </usage_details>
      </memory_area>
      <memory_area display="no" color="green">
         <name>INT03</name>
         <page_id>0x0</page_id>
         <origin>0xff86</origin>
         <length>0x2</length>
         <used_space>0x0</used_space>
         <unused_space>0x2</unused_space>
         <attributes>RWIX</attributes>
         <usage_details>
         </usage_details>
      </memory_area>
      <memory_area display="no" color="green">
         <name>INT04</name>
         <page_id>0x0</page_id>
         <origin>0xff88</origin>
         <length>0x2</length>
         <used_space>0x0</used_space>
         <unused_space>0x2</unused_space>
         <attributes>RWIX</attributes>
         <usage_details>
         </usage_details>
      </memory_area>
      <memory_area display="no" color="green">
         <name>INT05</name>
         <page_id>0x0</page_id>
         <origin>0xff8a</origin>
         <length>0x2</length>
         <used_space>0x0</used_space>
         <unused_space>0x2</unused_space>
         <attributes>RWIX</attributes>
         <usage_details>
         </usage_details>
      </memory_area>
      <memory_area display="no" color="green">
         <name>INT06</name>
         <page_id>0x0</page_id>
         <origin>0xff8c</origin>
         <length>0x2</length>
         <used_space>0x0</used_space>
         <unused_space>0x2</unused_space>
         <attributes>RWIX</attributes>
         <usage_details>
         </usage_details>
      </memory_area>
      <memory_area display="no" color="green">
         <name>INT07</name>
         <page_id>0x0</page_id>
         <origin>0xff8e</origin>
         <length>0x2</length>
         <used_space>0x0</used_space>
         <unused_space>0x2</unused_space>
         <attributes>RWIX</attributes>
         <usage_details>
         </usage_details>
      </memory_area>
      <memory_area display="no" color="green">
         <name>INT08</name>
         <page_id>0x0</page_id>
         <origin>0xff90</origin>
         <length>0x2</length>
         <used_space>0x0</used_space>
         <unused_space>0x2</unused_space>
         <attributes>RWIX</attributes>
         <usage_details>
         </usage_details>
      </memory_area>
      <memory_area display="no" color="green">
         <name>INT09</name>
         <page_id>0x0</page_id>
         <origin>0xff92</origin>
         <length>0x2</length>
         <used_space>0x0</used_space>
         <unused_space>0x2</unused_space>
         <attributes>RWIX</attributes>
         <usage_details>
         </usage_details>
      </memory_area>
      <memory_area display="no" color="green">
         <name>INT10</name>
         <page_id>0x0</page_id>
         <origin>0xff94</origin>
         <length>0x2</length>
         <used_space>0x0</used_space>
         <unused_space>0x2</unused_space>
         <attributes>RWIX</attributes>
         <usage_details>
         </usage_details>
      </memory_area>
      <memory_area display="no" color="green">
         <name>INT11</name>
         <page_id>0x0</page_id>
         <origin>0xff96</origin>
         <length>0x2</length>
         <used_space>0x0</used_space>
         <unused_space>0x2</unused_space>
         <attributes>RWIX</attributes>
         <usage_details>
         </usage_details>
      </memory_area>
      <memory_area display="no" color="green">
         <name>INT12</name>
         <page_id>0x0</page_id>
         <origin>0xff98</origin>
         <length>0x2</length>
         <used_space>0x0</used_space>
         <unused_space>0x2</unused_space>
         <attributes>RWIX</attributes>
         <usage_details>
         </usage_details>
      </memory_area>
      <memory_area display="no" color="green">
         <name>INT13</name>
         <page_id>0x0</page_id>
         <origin>0xff9a</origin>
         <length>0x2</length>
         <used_space>0x0</used_space>
         <unused_space>0x2</unused_space>
         <attributes>RWIX</attributes>
         <usage_details>
         </usage_details>
      </memory_area>
      <memory_area display="no" color="green">
         <name>INT14</name>
         <page_id>0x0</page_id>
         <origin>0xff9c</origin>
         <length>0x2</length>
         <used_space>0x0</used_space>
         <unused_space>0x2</unused_space>
         <attributes>RWIX</attributes>
         <usage_details>
         </usage_details>
      </memory_area>
      <memory_area display="no" color="green">
         <name>INT15</name>
         <page_id>0x0</page_id>
         <origin>0xff9e</origin>
         <length>0x2</length>
         <used_space>0x0</used_space>
         <unused_space>0x2</unused_space>
         <attributes>RWIX</attributes>
         <usage_details>
         </usage_details>
      </memory_area>
      <memory_area display="no" color="green">
         <name>INT16</name>
         <page_id>0x0</page_id>
         <origin>0xffa0</origin>
         <length>0x2</length>
         <used_space>0x0</used_space>
         <unused_space>0x2</unused_space>
         <attributes>RWIX</attributes>
         <usage_details>
         </usage_details>
      </memory_area>
      <memory_area display="no" color="green">
         <name>INT17</name>
         <page_id>0x0</page_id>
         <origin>0xffa2</origin>
         <length>0x2</length>
         <used_space>0x0</used_space>
         <unused_space>0x2</unused_space>
         <attributes>RWIX</attributes>
         <usage_details>
         </usage_details>
      </memory_area>
      <memory_area display="no" color="green">
         <name>INT18</name>
         <page_id>0x0</page_id>
         <origin>0xffa4</origin>
         <length>0x2</length>
         <used_space>0x0</used_space>
         <unused_space>0x2</unused_space>
         <attributes>RWIX</attributes>
         <usage_details>
         </usage_details>
      </memory_area>
      <memory_area display="no" color="green">
         <name>INT19</name>
         <page_id>0x0</page_id>
         <origin>0xffa6</origin>
         <length>0x2</length>
         <used_space>0x0</used_space>
         <unused_space>0x2</unused_space>
         <attributes>RWIX</attributes>
         <usage_details>
         </usage_details>
      </memory_area>
      <memory_area display="no" color="green">
         <name>INT20</name>
         <page_id>0x0</page_id>
         <origin>0xffa8</origin>
         <length>0x2</length>
         <used_space>0x0</used_space>
         <unused_space>0x2</unused_space>
         <attributes>RWIX</attributes>
         <usage_details>
         </usage_details>
      </memory_area>
      <memory_area display="no" color="green">
         <name>INT21</name>
         <page_id>0x0</page_id>
         <origin>0xffaa</origin>
         <length>0x2</length>
         <used_space>0x0</used_space>
         <unused_space>0x2</unused_space>
         <attributes>RWIX</attributes>
         <usage_details>
         </usage_details>
      </memory_area>
      <memory_area display="no" color="green">
         <name>INT22</name>
         <page_id>0x0</page_id>
         <origin>0xffac</origin>
         <length>0x2</length>
         <used_space>0x0</used_space>
         <unused_space>0x2</unused_space>
         <attributes>RWIX</attributes>
         <usage_details>
         </usage_details>
      </memory_area>
      <memory_area display="no" color="green">
         <name>INT23</name>
         <page_id>0x0</page_id>
         <origin>0xffae</origin>
         <length>0x2</length>
         <used_space>0x0</used_space>
         <unused_space>0x2</unused_space>
         <attributes>RWIX</attributes>
         <usage_details>
         </usage_details>
      </memory_area>
      <memory_area display="no" color="green">
         <name>INT24</name>
         <page_id>0x0</page_id>
         <origin>0xffb0</origin>
         <length>0x2</length>
         <used_space>0x0</used_space>
         <unused_space>0x2</unused_space>
         <attributes>RWIX</attributes>
         <usage_details>
         </usage_details>
      </memory_area>
      <memory_area display="no" color="green">
         <name>INT25</name>
         <page_id>0x0</page_id>
         <origin>0xffb2</origin>
         <length>0x2</length>
         <used_space>0x0</used_space>
         <unused_space>0x2</unused_space>
         <attributes>RWIX</attributes>
         <usage_details>
         </usage_details>
      </memory_area>
      <memory_area display="no" color="green">
         <name>INT26</name>
         <page_id>0x0</page_id>
         <origin>0xffb4</origin>
         <length>0x2</length>
         <used_space>0x0</used_space>
         <unused_space>0x2</unused_space>
         <attributes>RWIX</attributes>
         <usage_details>
         </usage_details>
      </memory_area>
      <memory_area display="no" color="green">
         <name>INT27</name>
         <page_id>0x0</page_id>
         <origin>0xffb6</origin>
         <length>0x2</length>
         <used_space>0x0</used_space>
         <unused_space>0x2</unused_space>
         <attributes>RWIX</attributes>
         <usage_details>
         </usage_details>
      </memory_area>
      <memory_area display="no" color="green">
         <name>INT28</name>
         <page_id>0x0</page_id>
         <origin>0xffb8</origin>
         <length>0x2</length>
         <used_space>0x0</used_space>
         <unused_space>0x2</unused_space>
         <attributes>RWIX</attributes>
         <usage_details>
         </usage_details>
      </memory_area>
      <memory_area display="no" color="green">
         <name>INT29</name>
         <page_id>0x0</page_id>
         <origin>0xffba</origin>
         <length>0x2</length>
         <used_space>0x0</used_space>
         <unused_space>0x2</unused_space>
         <attributes>RWIX</attributes>
         <usage_details>
         </usage_details>
      </memory_area>
      <memory_area display="no" color="green">
         <name>INT30</name>
         <page_id>0x0</page_id>
         <origin>0xffbc</origin>
         <length>0x2</length>
         <used_space>0x0</used_space>
         <unused_space>0x2</unused_space>
         <attributes>RWIX</attributes>
         <usage_details>
         </usage_details>
      </memory_area>
      <memory_area display="no" color="green">
         <name>INT31</name>
         <page_id>0x0</page_id>
         <origin>0xffbe</origin>
         <length>0x2</length>
         <used_space>0x0</used_space>
         <unused_space>0x2</unused_space>
         <attributes>RWIX</attributes>
         <usage_details>
         </usage_details>
      </memory_area>
      <memory_area display="no" color="green">
         <name>INT32</name>
         <page_id>0x0</page_id>
         <origin>0xffc0</origin>
         <length>0x2</length>
         <used_space>0x0</used_space>
         <unused_space>0x2</unused_space>
         <attributes>RWIX</attributes>
         <usage_details>
         </usage_details>
      </memory_area>
      <memory_area display="no" color="green">
         <name>INT33</name>
         <page_id>0x0</page_id>
         <origin>0xffc2</origin>
         <length>0x2</length>
         <used_space>0x0</used_space>
         <unused_space>0x2</unused_space>
         <attributes>RWIX</attributes>
         <usage_details>
         </usage_details>
      </memory_area>
      <memory_area display="no" color="green">
         <name>INT34</name>
         <page_id>0x0</page_id>
         <origin>0xffc4</origin>
         <length>0x2</length>
         <used_space>0x0</used_space>
         <unused_space>0x2</unused_space>
         <attributes>RWIX</attributes>
         <usage_details>
         </usage_details>
      </memory_area>
      <memory_area display="no" color="green">
         <name>INT35</name>
         <page_id>0x0</page_id>
         <origin>0xffc6</origin>
         <length>0x2</length>
         <used_space>0x0</used_space>
         <unused_space>0x2</unused_space>
         <attributes>RWIX</attributes>
         <usage_details>
         </usage_details>
      </memory_area>
      <memory_area display="no" color="green">
         <name>INT36</name>
         <page_id>0x0</page_id>
         <origin>0xffc8</origin>
         <length>0x2</length>
         <used_space>0x0</used_space>
         <unused_space>0x2</unused_space>
         <attributes>RWIX</attributes>
         <usage_details>
         </usage_details>
      </memory_area>
      <memory_area display="no" color="green">
         <name>INT37</name>
         <page_id>0x0</page_id>
         <origin>0xffca</origin>
         <length>0x2</length>
         <used_space>0x0</used_space>
         <unused_space>0x2</unused_space>
         <attributes>RWIX</attributes>
         <usage_details>
         </usage_details>
      </memory_area>
      <memory_area display="no" color="green">
         <name>INT38</name>
         <page_id>0x0</page_id>
         <origin>0xffcc</origin>
         <length>0x2</length>
         <used_space>0x0</used_space>
         <unused_space>0x2</unused_space>
         <attributes>RWIX</attributes>
         <usage_details>
         </usage_details>
      </memory_area>
      <memory_area display="no" color="green">
         <name>INT39</name>
         <page_id>0x0</page_id>
         <origin>0xffce</origin>
         <length>0x2</length>
         <used_space>0x0</used_space>
         <unused_space>0x2</unused_space>
         <attributes>RWIX</attributes>
         <usage_details>
         </usage_details>
      </memory_area>
      <memory_area display="no" color="green">
         <name>INT40</name>
         <page_id>0x0</page_id>
         <origin>0xffd0</origin>
         <length>0x2</length>
         <used_space>0x0</used_space>
         <unused_space>0x2</unused_space>
         <attributes>RWIX</attributes>
         <usage_details>
         </usage_details>
      </memory_area>
      <memory_area display="no" color="green">
         <name>INT41</name>
         <page_id>0x0</page_id>
         <origin>0xffd2</origin>
         <length>0x2</length>
         <used_space>0x0</used_space>
         <unused_space>0x2</unused_space>
         <attributes>RWIX</attributes>
         <usage_details>
         </usage_details>
      </memory_area>
      <memory_area display="no" color="green">
         <name>INT42</name>
         <page_id>0x0</page_id>
         <origin>0xffd4</origin>
         <length>0x2</length>
         <used_space>0x0</used_space>
         <unused_space>0x2</unused_space>
         <attributes>RWIX</attributes>
         <usage_details>
         </usage_details>
      </memory_area>
      <memory_area display="no" color="green">
         <name>INT43</name>
         <page_id>0x0</page_id>
         <origin>0xffd6</origin>
         <length>0x2</length>
         <used_space>0x0</used_space>
         <unused_space>0x2</unused_space>
         <attributes>RWIX</attributes>
         <usage_details>
         </usage_details>
      </memory_area>
      <memory_area display="no" color="green">
         <name>INT44</name>
         <page_id>0x0</page_id>
         <origin>0xffd8</origin>
         <length>0x2</length>
         <used_space>0x0</used_space>
         <unused_space>0x2</unused_space>
         <attributes>RWIX</attributes>
         <usage_details>
         </usage_details>
      </memory_area>
      <memory_area display="no" color="green">
         <name>INT45</name>
         <page_id>0x0</page_id>
         <origin>0xffda</origin>
         <length>0x2</length>
         <used_space>0x2</used_space>
         <unused_space>0x0</unused_space>
         <attributes>RWIX</attributes>
         <usage_details>
            <allocated_space>
               <start_address>0xffda</start_address>
               <size>0x2</size>
               <logical_group_ref idref="lg-42"/>
            </allocated_space>
         </usage_details>
      </memory_area>
      <memory_area display="no" color="green">
         <name>INT46</name>
         <page_id>0x0</page_id>
         <origin>0xffdc</origin>
         <length>0x2</length>
         <used_space>0x2</used_space>
         <unused_space>0x0</unused_space>
         <attributes>RWIX</attributes>
         <usage_details>
            <allocated_space>
               <start_address>0xffdc</start_address>
               <size>0x2</size>
               <logical_group_ref idref="lg-44"/>
            </allocated_space>
         </usage_details>
      </memory_area>
      <memory_area display="no" color="green">
         <name>INT47</name>
         <page_id>0x0</page_id>
         <origin>0xffde</origin>
         <length>0x2</length>
         <used_space>0x0</used_space>
         <unused_space>0x2</unused_space>
         <attributes>RWIX</attributes>
         <usage_details>
         </usage_details>
      </memory_area>
      <memory_area display="no" color="green">
         <name>INT48</name>
         <page_id>0x0</page_id>
         <origin>0xffe0</origin>
         <length>0x2</length>
         <used_space>0x2</used_space>
         <unused_space>0x0</unused_space>
         <attributes>RWIX</attributes>
         <usage_details>
            <allocated_space>
               <start_address>0xffe0</start_address>
               <size>0x2</size>
               <logical_group_ref idref="lg-47"/>
            </allocated_space>
         </usage_details>
      </memory_area>
      <memory_area display="no" color="green">
         <name>INT49</name>
         <page_id>0x0</page_id>
         <origin>0xffe2</origin>
         <length>0x2</length>
         <used_space>0x2</used_space>
         <unused_space>0x0</unused_space>
         <attributes>RWIX</attributes>
         <usage_details>
            <allocated_space>
               <start_address>0xffe2</start_address>
               <size>0x2</size>
               <logical_group_ref idref="lg-49"/>
            </allocated_space>
         </usage_details>
      </memory_area>
      <memory_area display="no" color="green">
         <name>INT50</name>
         <page_id>0x0</page_id>
         <origin>0xffe4</origin>
         <length>0x2</length>
         <used_space>0x2</used_space>
         <unused_space>0x0</unused_space>
         <attributes>RWIX</attributes>
         <usage_details>
            <allocated_space>
               <start_address>0xffe4</start_address>
               <size>0x2</size>
               <logical_group_ref idref="lg-4b"/>
            </allocated_space>
         </usage_details>
      </memory_area>
      <memory_area display="no" color="green">
         <name>INT51</name>
         <page_id>0x0</page_id>
         <origin>0xffe6</origin>
         <length>0x2</length>
         <used_space>0x2</used_space>
         <unused_space>0x0</unused_space>
         <attributes>RWIX</attributes>
         <usage_details>
            <allocated_space>
               <start_address>0xffe6</start_address>
               <size>0x2</size>
               <logical_group_ref idref="lg-4d"/>
            </allocated_space>
         </usage_details>
      </memory_area>
      <memory_area display="no" color="green">
         <name>INT52</name>
         <page_id>0x0</page_id>
         <origin>0xffe8</origin>
         <length>0x2</length>
         <used_space>0x2</used_space>
         <unused_space>0x0</unused_space>
         <attributes>RWIX</attributes>
         <usage_details>
            <allocated_space>
               <start_address>0xffe8</start_address>
               <size>0x2</size>
               <logical_group_ref idref="lg-4f"/>
            </allocated_space>
         </usage_details>
      </memory_area>
      <memory_area display="no" color="green">
         <name>INT53</name>
         <page_id>0x0</page_id>
[...]
         <value>0x4b9</value>
      </symbol>
      <symbol id="sm-1b2">
         <name>RTCADOWDAY</name>
         <value>0x4ba</value>
      </symbol>
      <symbol id="sm-1b3">
         <name>RTCADOWDAY_L</name>
         <value>0x4ba</value>
      </symbol>
      <symbol id="sm-1b4">
         <name>RTCADOWDAY_H</name>
         <value>0x4bb</value>
      </symbol>
      <symbol id="sm-1b5">
         <name>BIN2BCD</name>
         <value>0x4bc</value>
      </symbol>
      <symbol id="sm-1b6">
         <name>BCD2BIN</name>
         <value>0x4be</value>
      </symbol>
      <symbol id="sm-1b7">
         <name>SFRIE1</name>
         <value>0x100</value>
      </symbol>
      <symbol id="sm-1b8">
         <name>SFRIE1_L</name>
         <value>0x100</value>
      </symbol>
      <symbol id="sm-1b9">
         <name>SFRIE1_H</name>
         <value>0x101</value>
      </symbol>
      <symbol id="sm-1ba">
         <name>SFRIFG1</name>
         <value>0x102</value>
      </symbol>
      <symbol id="sm-1bb">
         <name>SFRIFG1_L</name>
         <value>0x102</value>
      </symbol>
      <symbol id="sm-1bc">
         <name>SFRIFG1_H</name>
         <value>0x103</value>
      </symbol>
      <symbol id="sm-1bd">
         <name>SFRRPCR</name>
         <value>0x104</value>
      </symbol>
      <symbol id="sm-1be">
         <name>SFRRPCR_L</name>
         <value>0x104</value>
      </symbol>
      <symbol id="sm-1bf">
         <name>SFRRPCR_H</name>
         <value>0x105</value>
      </symbol>
      <symbol id="sm-1c0">
         <name>SYSCTL</name>
         <value>0x180</value>
      </symbol>
      <symbol id="sm-1c1">
         <name>SYSCTL_L</name>
         <value>0x180</value>
      </symbol>
      <symbol id="sm-1c2">
         <name>SYSCTL_H</name>
         <value>0x181</value>
      </symbol>
      <symbol id="sm-1c3">
         <name>SYSBSLC</name>
         <value>0x182</value>
      </symbol>
      <symbol id="sm-1c4">
         <name>SYSBSLC_L</name>
         <value>0x182</value>
      </symbol>
      <symbol id="sm-1c5">
         <name>SYSBSLC_H</name>
         <value>0x183</value>
      </symbol>
      <symbol id="sm-1c6">
         <name>SYSJMBC</name>
         <value>0x186</value>
      </symbol>
      <symbol id="sm-1c7">
         <name>SYSJMBC_L</name>
         <value>0x186</value>
      </symbol>
      <symbol id="sm-1c8">
         <name>SYSJMBC_H</name>
         <value>0x187</value>
      </symbol>
      <symbol id="sm-1c9">
         <name>SYSJMBI0</name>
         <value>0x188</value>
      </symbol>
      <symbol id="sm-1ca">
         <name>SYSJMBI0_L</name>
         <value>0x188</value>
      </symbol>
      <symbol id="sm-1cb">
         <name>SYSJMBI0_H</name>
         <value>0x189</value>
      </symbol>
      <symbol id="sm-1cc">
         <name>SYSJMBI1</name>
         <value>0x18a</value>
      </symbol>
      <symbol id="sm-1cd">
         <name>SYSJMBI1_L</name>
         <value>0x18a</value>
      </symbol>
      <symbol id="sm-1ce">
         <name>SYSJMBI1_H</name>
         <value>0x18b</value>
      </symbol>
      <symbol id="sm-1cf">
         <name>SYSJMBO0</name>
         <value>0x18c</value>
      </symbol>
      <symbol id="sm-1d0">
         <name>SYSJMBO0_L</name>
         <value>0x18c</value>
      </symbol>
      <symbol id="sm-1d1">
         <name>SYSJMBO0_H</name>
         <value>0x18d</value>
      </symbol>
      <symbol id="sm-1d2">
         <name>SYSJMBO1</name>
         <value>0x18e</value>
      </symbol>
      <symbol id="sm-1d3">
         <name>SYSJMBO1_L</name>
         <value>0x18e</value>
      </symbol>
      <symbol id="sm-1d4">
         <name>SYSJMBO1_H</name>
         <value>0x18f</value>
      </symbol>
      <symbol id="sm-1d5">
         <name>SYSBERRIV</name>
         <value>0x198</value>
      </symbol>
      <symbol id="sm-1d6">
         <name>SYSBERRIV_L</name>
         <value>0x198</value>
      </symbol>
      <symbol id="sm-1d7">
         <name>SYSBERRIV_H</name>
         <value>0x199</value>
      </symbol>
      <symbol id="sm-1d8">
         <name>SYSUNIV</name>
         <value>0x19a</value>
      </symbol>
      <symbol id="sm-1d9">
         <name>SYSUNIV_L</name>
         <value>0x19a</value>
      </symbol>
      <symbol id="sm-1da">
         <name>SYSUNIV_H</name>
         <value>0x19b</value>
      </symbol>
      <symbol id="sm-1db">
         <name>SYSSNIV</name>
         <value>0x19c</value>
      </symbol>
      <symbol id="sm-1dc">
         <name>SYSSNIV_L</name>
         <value>0x19c</value>
      </symbol>
      <symbol id="sm-1dd">
         <name>SYSSNIV_H</name>
         <value>0x19d</value>
      </symbol>
      <symbol id="sm-1de">
         <name>SYSRSTIV</name>
         <value>0x19e</value>
      </symbol>
      <symbol id="sm-1df">
         <name>SYSRSTIV_L</name>
         <value>0x19e</value>
      </symbol>
      <symbol id="sm-1e0">
         <name>SYSRSTIV_H</name>
         <value>0x19f</value>
      </symbol>
      <symbol id="sm-1e1">
         <name>TA0CTL</name>
         <value>0x340</value>
      </symbol>
      <symbol id="sm-1e2">
         <name>TA0CCTL0</name>
         <value>0x342</value>
      </symbol>
      <symbol id="sm-1e3">
         <name>TA0CCTL1</name>
         <value>0x344</value>
      </symbol>
      <symbol id="sm-1e4">
         <name>TA0CCTL2</name>
         <value>0x346</value>
      </symbol>
      <symbol id="sm-1e5">
         <name>TA0CCTL3</name>
         <value>0x348</value>
      </symbol>
      <symbol id="sm-1e6">
         <name>TA0CCTL4</name>
         <value>0x34a</value>
      </symbol>
      <symbol id="sm-1e7">
         <name>TA0R</name>
         <value>0x350</value>
      </symbol>
      <symbol id="sm-1e8">
         <name>TA0CCR0</name>
         <value>0x352</value>
      </symbol>
      <symbol id="sm-1e9">
         <name>TA0CCR1</name>
         <value>0x354</value>
      </symbol>
      <symbol id="sm-1ea">
         <name>TA0CCR2</name>
         <value>0x356</value>
      </symbol>
      <symbol id="sm-1eb">
         <name>TA0CCR3</name>
         <value>0x358</value>
      </symbol>
      <symbol id="sm-1ec">
         <name>TA0CCR4</name>
         <value>0x35a</value>
      </symbol>
      <symbol id="sm-1ed">
         <name>TA0IV</name>
         <value>0x36e</value>
      </symbol>
      <symbol id="sm-1ee">
         <name>TA0EX0</name>
         <value>0x360</value>
      </symbol>
      <symbol id="sm-1ef">
         <name>TA1CTL</name>
         <value>0x380</value>
      </symbol>
      <symbol id="sm-1f0">
         <name>TA1CCTL0</name>
         <value>0x382</value>
      </symbol>
      <symbol id="sm-1f1">
         <name>TA1CCTL1</name>
         <value>0x384</value>
      </symbol>
      <symbol id="sm-1f2">
         <name>TA1CCTL2</name>
         <value>0x386</value>
      </symbol>
      <symbol id="sm-1f3">
         <name>TA1R</name>
         <value>0x390</value>
      </symbol>
      <symbol id="sm-1f4">
         <name>TA1CCR0</name>
         <value>0x392</value>
      </symbol>
      <symbol id="sm-1f5">
         <name>TA1CCR1</name>
         <value>0x394</value>
      </symbol>
      <symbol id="sm-1f6">
         <name>TA1CCR2</name>
         <value>0x396</value>
      </symbol>
      <symbol id="sm-1f7">
         <name>TA1IV</name>
         <value>0x3ae</value>
      </symbol>
      <symbol id="sm-1f8">
         <name>TA1EX0</name>
         <value>0x3a0</value>
      </symbol>
      <symbol id="sm-1f9">
         <name>UCSCTL0</name>
         <value>0x160</value>
      </symbol>
      <symbol id="sm-1fa">
         <name>UCSCTL0_L</name>
         <value>0x160</value>
      </symbol>
      <symbol id="sm-1fb">
         <name>UCSCTL0_H</name>
         <value>0x161</value>
      </symbol>
      <symbol id="sm-1fc">
         <name>UCSCTL1</name>
         <value>0x162</value>
      </symbol>
      <symbol id="sm-1fd">
         <name>UCSCTL1_L</name>
         <value>0x162</value>
      </symbol>
      <symbol id="sm-1fe">
         <name>UCSCTL1_H</name>
         <value>0x163</value>
      </symbol>
      <symbol id="sm-1ff">
         <name>UCSCTL2</name>
         <value>0x164</value>
      </symbol>
      <symbol id="sm-200">
         <name>UCSCTL2_L</name>
         <value>0x164</value>
      </symbol>
      <symbol id="sm-201">
         <name>UCSCTL2_H</name>
         <value>0x165</value>
      </symbol>
      <symbol id="sm-202">
         <name>UCSCTL3</name>
         <value>0x166</value>
      </symbol>
      <symbol id="sm-203">
         <name>UCSCTL3_L</name>
         <value>0x166</value>
      </symbol>
      <symbol id="sm-204">
         <name>UCSCTL3_H</name>
         <value>0x167</value>
      </symbol>
      <symbol id="sm-205">
         <name>UCSCTL4</name>
         <value>0x168</value>
      </symbol>
      <symbol id="sm-206">
         <name>UCSCTL4_L</name>
         <value>0x168</value>
      </symbol>
      <symbol id="sm-207">
         <name>UCSCTL4_H</name>
         <value>0x169</value>
      </symbol>
      <symbol id="sm-208">
         <name>UCSCTL5</name>
         <value>0x16a</value>
      </symbol>
      <symbol id="sm-209">
         <name>UCSCTL5_L</name>
         <value>0x16a</value>
      </symbol>
      <symbol id="sm-20a">
         <name>UCSCTL5_H</name>
         <value>0x16b</value>
      </symbol>
      <symbol id="sm-20b">
         <name>UCSCTL6</name>
         <value>0x16c</value>
      </symbol>
      <symbol id="sm-20c">
         <name>UCSCTL6_L</name>
         <value>0x16c</value>
      </symbol>
      <symbol id="sm-20d">
         <name>UCSCTL6_H</name>
         <value>0x16d</value>
      </symbol>
      <symbol id="sm-20e">
         <name>UCSCTL7</name>
         <value>0x16e</value>
      </symbol>
      <symbol id="sm-20f">
         <name>UCSCTL7_L</name>
         <value>0x16e</value>
      </symbol>
      <symbol id="sm-210">
         <name>UCSCTL7_H</name>
         <value>0x16f</value>
      </symbol>
      <symbol id="sm-211">
         <name>UCSCTL8</name>
         <value>0x170</value>
      </symbol>
      <symbol id="sm-212">
         <name>UCSCTL8_L</name>
         <value>0x170</value>
      </symbol>
      <symbol id="sm-213">
         <name>UCSCTL8_H</name>
         <value>0x171</value>
      </symbol>
      <symbol id="sm-214">
         <name>UCA0CTLW0</name>
         <value>0x5c0</value>
      </symbol>
      <symbol id="sm-215">
         <name>UCA0CTLW0_L</name>
         <value>0x5c0</value>
      </symbol>
      <symbol id="sm-216">
         <name>UCA0CTLW0_H</name>
         <value>0x5c1</value>
      </symbol>
      <symbol id="sm-217">
         <name>UCA0BRW</name>
         <value>0x5c6</value>
      </symbol>
      <symbol id="sm-218">
         <name>UCA0BRW_L</name>
         <value>0x5c6</value>
      </symbol>
      <symbol id="sm-219">
         <name>UCA0BRW_H</name>
         <value>0x5c7</value>
      </symbol>
      <symbol id="sm-21a">
         <name>UCA0MCTL</name>
         <value>0x5c8</value>
      </symbol>
      <symbol id="sm-21b">
         <name>UCA0STAT</name>
         <value>0x5ca</value>
      </symbol>
      <symbol id="sm-21c">
         <name>UCA0RXBUF</name>
         <value>0x5cc</value>
      </symbol>
      <symbol id="sm-21d">
         <name>UCA0TXBUF</name>
         <value>0x5ce</value>
      </symbol>
      <symbol id="sm-21e">
         <name>UCA0ABCTL</name>
         <value>0x5d0</value>
      </symbol>
      <symbol id="sm-21f">
         <name>UCA0IRCTL</name>
         <value>0x5d2</value>
      </symbol>
      <symbol id="sm-220">
         <name>UCA0IRCTL_L</name>
         <value>0x5d2</value>
      </symbol>
      <symbol id="sm-221">
         <name>UCA0IRCTL_H</name>
         <value>0x5d3</value>
      </symbol>
      <symbol id="sm-222">
         <name>UCA0ICTL</name>
         <value>0x5dc</value>
      </symbol>
      <symbol id="sm-223">
         <name>UCA0ICTL_L</name>
         <value>0x5dc</value>
      </symbol>
      <symbol id="sm-224">
         <name>UCA0ICTL_H</name>
         <value>0x5dd</value>
      </symbol>
      <symbol id="sm-225">
         <name>UCA0IV</name>
         <value>0x5de</value>
      </symbol>
      <symbol id="sm-226">
         <name>UCB0CTLW0</name>
         <value>0x5e0</value>
      </symbol>
      <symbol id="sm-227">
         <name>UCB0CTLW0_L</name>
         <value>0x5e0</value>
      </symbol>
      <symbol id="sm-228">
         <name>UCB0CTLW0_H</name>
         <value>0x5e1</value>
      </symbol>
      <symbol id="sm-229">
         <name>UCB0BRW</name>
         <value>0x5e6</value>
      </symbol>
      <symbol id="sm-22a">
         <name>UCB0BRW_L</name>
         <value>0x5e6</value>
      </symbol>
      <symbol id="sm-22b">
         <name>UCB0BRW_H</name>
         <value>0x5e7</value>
      </symbol>
      <symbol id="sm-22c">
         <name>UCB0STAT</name>
         <value>0x5ea</value>
      </symbol>
      <symbol id="sm-22d">
         <name>UCB0RXBUF</name>
         <value>0x5ec</value>
      </symbol>
      <symbol id="sm-22e">
         <name>UCB0TXBUF</name>
         <value>0x5ee</value>
      </symbol>
      <symbol id="sm-22f">
         <name>UCB0I2COA</name>
         <value>0x5f0</value>
      </symbol>
      <symbol id="sm-230">
         <name>UCB0I2COA_L</name>
         <value>0x5f0</value>
      </symbol>
      <symbol id="sm-231">
         <name>UCB0I2COA_H</name>
         <value>0x5f1</value>
      </symbol>
      <symbol id="sm-232">
         <name>UCB0I2CSA</name>
         <value>0x5f2</value>
      </symbol>
      <symbol id="sm-233">
         <name>UCB0I2CSA_L</name>
         <value>0x5f2</value>
      </symbol>
      <symbol id="sm-234">
         <name>UCB0I2CSA_H</name>
         <value>0x5f3</value>
      </symbol>
      <symbol id="sm-235">
         <name>UCB0ICTL</name>
         <value>0x5fc</value>
      </symbol>
      <symbol id="sm-236">
         <name>UCB0ICTL_L</name>
         <value>0x5fc</value>
      </symbol>
      <symbol id="sm-237">
         <name>UCB0ICTL_H</name>
         <value>0x5fd</value>
      </symbol>
      <symbol id="sm-238">
         <name>UCB0IV</name>
         <value>0x5fe</value>
      </symbol>
      <symbol id="sm-239">
         <name>WDTCTL</name>
         <value>0x15c</value>
      </symbol>
      <symbol id="sm-23a">
         <name>WDTCTL_L</name>
         <value>0x15c</value>
      </symbol>
      <symbol id="sm-23b">
         <name>WDTCTL_H</name>
         <value>0x15d</value>
      </symbol>
      <symbol id="sm-23c">
         <name>__TI_CINIT_Base</name>
         <value>0xe000</value>
      </symbol>
      <symbol id="sm-23d">
         <name>__TI_CINIT_Limit</name>
         <value>0xe000</value>
      </symbol>
      <symbol id="sm-23e">
         <name>__TI_CINIT_Warm</name>
         <value>0xe000</value>
      </symbol>
      <symbol id="sm-23f">
         <name>__STACK_SIZE</name>
         <value>0x50</value>
      </symbol>
      <symbol id="sm-240">
         <name>__STACK_END</name>
         <value>0x23fc</value>
      </symbol>
      <symbol id="sm-241">
         <name>__c_args__</name>
         <value>0xffffffff</value>
      </symbol>
      <symbol id="sm-242">
         <name>__TI_pprof_out_hndl</name>
         <value>0xffffffff</value>
      </symbol>
      <symbol id="sm-243">
         <name>__TI_prof_data_start</name>
         <value>0xffffffff</value>
      </symbol>
      <symbol id="sm-244">
         <name>__TI_prof_data_size</name>
         <value>0xffffffff</value>
      </symbol>
      <symbol id="sm-2b0">
         <name>main</name>
         <value>0xe000</value>
         <object_component_ref idref="oc-335"/>
      </symbol>
      <symbol id="sm-2b4">
         <name>__TI_int45</name>
         <value>0xffda</value>
         <object_component_ref idref="oc-73"/>
      </symbol>
      <symbol id="sm-2b7">
         <name>__TI_int46</name>
         <value>0xffdc</value>
         <object_component_ref idref="oc-74"/>
      </symbol>
      <symbol id="sm-2ba">
         <name>__TI_int48</name>
         <value>0xffe0</value>
         <object_component_ref idref="oc-75"/>
      </symbol>
      <symbol id="sm-2bd">
         <name>__TI_int49</name>
         <value>0xffe2</value>
         <object_component_ref idref="oc-76"/>
      </symbol>
      <symbol id="sm-2c0">
         <name>__TI_int50</name>
         <value>0xffe4</value>
         <object_component_ref idref="oc-77"/>
      </symbol>
      <symbol id="sm-2c3">
         <name>__TI_int51</name>
         <value>0xffe6</value>
         <object_component_ref idref="oc-78"/>
      </symbol>
      <symbol id="sm-2c6">
         <name>__TI_int52</name>
         <value>0xffe8</value>
         <object_component_ref idref="oc-79"/>
      </symbol>
      <symbol id="sm-2c9">
         <name>__TI_int53</name>
         <value>0xffea</value>
         <object_component_ref idref="oc-7a"/>
      </symbol>
      <symbol id="sm-2cc">
         <name>__TI_int54</name>
         <value>0xffec</value>
         <object_component_ref idref="oc-7b"/>
      </symbol>
      <symbol id="sm-2cf">
         <name>__TI_int55</name>
         <value>0xffee</value>
         <object_component_ref idref="oc-7c"/>
      </symbol>
      <symbol id="sm-2d2">
         <name>__TI_int56</name>
         <value>0xfff0</value>
         <object_component_ref idref="oc-7d"/>
      </symbol>
      <symbol id="sm-2d5">
         <name>__TI_int57</name>
         <value>0xfff2</value>
         <object_component_ref idref="oc-7e"/>
      </symbol>
      <symbol id="sm-2d8">
         <name>__TI_int58</name>
         <value>0xfff4</value>
         <object_component_ref idref="oc-7f"/>
      </symbol>
      <symbol id="sm-2db">
         <name>__TI_int59</name>
         <value>0xfff6</value>
         <object_component_ref idref="oc-80"/>
      </symbol>
      <symbol id="sm-2de">
         <name>__TI_int60</name>
         <value>0xfff8</value>
         <object_component_ref idref="oc-81"/>
      </symbol>
      <symbol id="sm-2e1">
         <name>__TI_int61</name>
         <value>0xfffa</value>
         <object_component_ref idref="oc-82"/>
      </symbol>
      <symbol id="sm-2e4">
         <name>__TI_int62</name>
         <value>0xfffc</value>
         <object_component_ref idref="oc-83"/>
      </symbol>
      <symbol id="sm-2ec">
         <name>__TI_ISR_TRAP</name>
         <value>0xe040</value>
         <object_component_ref idref="oc-2dc"/>
      </symbol>
      <symbol id="sm-300">
         <name>_c_int00_noinit_noargs</name>
         <value>0xe02c</value>
         <object_component_ref idref="oc-2ed"/>
      </symbol>
      <symbol id="sm-301">
         <name>_stack</name>
         <value>0x23ac</value>
         <object_component_ref idref="oc-2c1"/>
      </symbol>
      <symbol id="sm-302">
         <name>_reset_vector</name>
         <value>0xfffe</value>
         <object_component_ref idref="oc-2c4"/>
      </symbol>
      <symbol id="sm-30f">
         <name>_system_pre_init</name>
         <value>0xe04e</value>
         <object_component_ref idref="oc-32f"/>
      </symbol>
      <symbol id="sm-31c">
         <name>C$$EXIT</name>
         <value>0xe048</value>
         <object_component_ref idref="oc-359"/>
      </symbol>
      <symbol id="sm-31d">
         <name>abort</name>
         <value>0xe048</value>
         <object_component_ref idref="oc-359"/>
      </symbol>
      <symbol id="sm-324">
         <name>WDT_A_hold</name>
         <value>0x0</value>
      </symbol>
      <symbol id="sm-325">
         <name>PMM_unlockLPM5</name>
         <value>0x0</value>
      </symbol>
      <symbol id="sm-326">
         <name>Init_Clock</name>
         <value>0x0</value>
      </symbol>
      <symbol id="sm-327">
         <name>Init_LCD</name>
         <value>0x0</value>
      </symbol>
      <symbol id="sm-328">
         <name>displayScrollText</name>
         <value>0x0</value>
      </symbol>
   </symbol_table>
   <title>Link errors: red sections failed placement</title>
</link_info>
