<?xml version="1.0" encoding="ISO-8859-1" ?>
<link_info>
   <banner>MSP430 Linker PC v21.6.1.LTS</banner>
   <copyright>Copyright (c) 2003-2018 Texas Instruments Incorporated</copyright>
   <link_time>0x65c3c5d7</link_time>
   <link_errors>0x0</link_errors>
   <output_file>OutOfBox_MSP430FR6989.out</output_file>
   <entry_point>
      <name>_c_int00_noargs_mpu</name>
      <address>0x46a8</address>
   </entry_point>
   <input_file_list>
      <input_file id="fl-2">
         <path>.\</path>
         <kind>object</kind>
         <file>StopWatchMode.obj</file>
         <name>StopWatchMode.obj</name>
      </input_file>
      <input_file id="fl-3">
         <path>.\</path>
         <kind>object</kind>
         <file>TempSensorMode.obj</file>
         <name>TempSensorMode.obj</name>
      </input_file>
      <input_file id="fl-4">
         <path>.\</path>
         <kind>object</kind>
         <file>hal_LCD.obj</file>
         <name>hal_LCD.obj</name>
      </input_file>
      <input_file id="fl-5">
         <path>.\</path>
         <kind>object</kind>
         <file>main.obj</file>
         <name>main.obj</name>
      </input_file>
      <input_file id="fl-6">
         <path>.\driverlib\MSP430FR5xx_6xx\</path>
         <kind>object</kind>
         <file>adc12_b.obj</file>
         <name>adc12_b.obj</name>
      </input_file>
      <input_file id="fl-7">
         <path>.\driverlib\MSP430FR5xx_6xx\</path>
         <kind>object</kind>
         <file>aes256.obj</file>
         <name>aes256.obj</name>
      </input_file>
      <input_file id="fl-8">
         <path>.\driverlib\MSP430FR5xx_6xx\</path>
         <kind>object</kind>
         <file>comp_e.obj</file>
         <name>comp_e.obj</name>
      </input_file>
      <input_file id="fl-9">
         <path>.\driverlib\MSP430FR5xx_6xx\</path>
         <kind>object</kind>
         <file>crc.obj</file>
         <name>crc.obj</name>
      </input_file>
      <input_file id="fl-a">
         <path>.\driverlib\MSP430FR5xx_6xx\</path>
         <kind>object</kind>
         <file>crc32.obj</file>
         <name>crc32.obj</name>
      </input_file>
      <input_file id="fl-b">
         <path>.\driverlib\MSP430FR5xx_6xx\</path>
         <kind>object</kind>
         <file>cs.obj</file>
         <name>cs.obj</name>
      </input_file>
      <input_file id="fl-c">
         <path>.\driverlib\MSP430FR5xx_6xx\</path>
         <kind>object</kind>
         <file>dma.obj</file>
         <name>dma.obj</name>
      </input_file>
      <input_file id="fl-d">
         <path>.\driverlib\MSP430FR5xx_6xx\</path>
         <kind>object</kind>
         <file>esi.obj</file>
         <name>esi.obj</name>
      </input_file>
      <input_file id="fl-e">
         <path>.\driverlib\MSP430FR5xx_6xx\</path>
         <kind>object</kind>
         <file>eusci_a_spi.obj</file>
         <name>eusci_a_spi.obj</name>
      </input_file>
      <input_file id="fl-f">
         <path>.\driverlib\MSP430FR5xx_6xx\</path>
         <kind>object</kind>
         <file>eusci_a_uart.obj</file>
         <name>eusci_a_uart.obj</name>
      </input_file>
      <input_file id="fl-10">
         <path>.\driverlib\MSP430FR5xx_6xx\</path>
         <kind>object</kind>
         <file>eusci_b_i2c.obj</file>
         <name>eusci_b_i2c.obj</name>
      </input_file>
      <input_file id="fl-11">
         <path>.\driverlib\MSP430FR5xx_6xx\</path>
         <kind>object</kind>
         <file>eusci_b_spi.obj</file>
         <name>eusci_b_spi.obj</name>
      </input_file>
      <input_file id="fl-12">
         <path>.\driverlib\MSP430FR5xx_6xx\</path>
         <kind>object</kind>
         <file>framctl.obj</file>
         <name>framctl.obj</name>
      </input_file>
      <input_file id="fl-13">
         <path>.\driverlib\MSP430FR5xx_6xx\</path>
         <kind>object</kind>
         <file>gpio.obj</file>
         <name>gpio.obj</name>
      </input_file>
      <input_file id="fl-14">
         <path>.\driverlib\MSP430FR5xx_6xx\</path>
         <kind>object</kind>
         <file>lcd_c.obj</file>
         <name>lcd_c.obj</name>
      </input_file>
      <input_file id="fl-15">
         <path>.\driverlib\MSP430FR5xx_6xx\</path>
         <kind>object</kind>
         <file>mpu.obj</file>
         <name>mpu.obj</name>
      </input_file>
      <input_file id="fl-16">
         <path>.\driverlib\MSP430FR5xx_6xx\</path>
         <kind>object</kind>
         <file>mpy32.obj</file>
         <name>mpy32.obj</name>
      </input_file>
      <input_file id="fl-17">
         <path>.\driverlib\MSP430FR5xx_6xx\</path>
         <kind>object</kind>
         <file>pmm.obj</file>
         <name>pmm.obj</name>
      </input_file>
      <input_file id="fl-18">
         <path>.\driverlib\MSP430FR5xx_6xx\</path>
         <kind>object</kind>
         <file>ram.obj</file>
         <name>ram.obj</name>
      </input_file>
      <input_file id="fl-19">
         <path>.\driverlib\MSP430FR5xx_6xx\</path>
         <kind>object</kind>
         <file>ref_a.obj</file>
         <name>ref_a.obj</name>
      </input_file>
      <input_file id="fl-1a">
         <path>.\driverlib\MSP430FR5xx_6xx\</path>
         <kind>object</kind>
         <file>rtc_b.obj</file>
         <name>rtc_b.obj</name>
      </input_file>
      <input_file id="fl-1b">
         <path>.\driverlib\MSP430FR5xx_6xx\</path>
         <kind>object</kind>
         <file>rtc_c.obj</file>
         <name>rtc_c.obj</name>
      </input_file>
      <input_file id="fl-1c">
         <path>.\driverlib\MSP430FR5xx_6xx\</path>
         <kind>object</kind>
         <file>sfr.obj</file>
         <name>sfr.obj</name>
      </input_file>
      <input_file id="fl-1d">
         <path>.\driverlib\MSP430FR5xx_6xx\</path>
         <kind>object</kind>
         <file>sysctl.obj</file>
         <name>sysctl.obj</name>
      </input_file>
      <input_file id="fl-1e">
         <path>.\driverlib\MSP430FR5xx_6xx\</path>
         <kind>object</kind>
         <file>timer_a.obj</file>
         <name>timer_a.obj</name>
      </input_file>
      <input_file id="fl-1f">
         <path>.\driverlib\MSP430FR5xx_6xx\</path>
         <kind>object</kind>
         <file>timer_b.obj</file>
         <name>timer_b.obj</name>
      </input_file>
      <input_file id="fl-20">
         <path>.\driverlib\MSP430FR5xx_6xx\</path>
         <kind>object</kind>
         <file>tlv.obj</file>
         <name>tlv.obj</name>
      </input_file>
      <input_file id="fl-21">
         <path>.\driverlib\MSP430FR5xx_6xx\</path>
         <kind>object</kind>
         <file>wdt_a.obj</file>
         <name>wdt_a.obj</name>
      </input_file>
      <input_file id="fl-28">
         <kind>object</kind>
         <file>&lt;internal&gt;</file>
         <name>&lt;internal&gt;</name>
      </input_file>
      <input_file id="fl-48">
         <path>C:\Users\Catalina\ccs\tools\compiler\ti-cgt-msp430_21.6.1.LTS\lib\</path>
         <kind>archive</kind>
         <file>rts430x_lc_rd_eabi.lib</file>
         <name>copy_decompress_lzss.c.obj</name>
      </input_file>
      <input_file id="fl-49">
         <path>C:\Users\Catalina\ccs\tools\compiler\ti-cgt-msp430_21.6.1.LTS\lib\</path>
         <kind>archive</kind>
         <file>rts430x_lc_rd_eabi.lib</file>
         <name>copy_decompress_none.c.obj</name>
      </input_file>
      <input_file id="fl-4a">
         <path>C:\Users\Catalina\ccs\tools\compiler\ti-cgt-msp430_21.6.1.LTS\lib\</path>
         <kind>archive</kind>
         <file>rts430x_lc_rd_eabi.lib</file>
         <name>int27.asm.obj</name>
      </input_file>
      <input_file id="fl-4b">
         <path>C:\Users\Catalina\ccs\tools\compiler\ti-cgt-msp430_21.6.1.LTS\lib\</path>
         <kind>archive</kind>
         <file>rts430x_lc_rd_eabi.lib</file>
         <name>isr_trap.asm.obj</name>
      </input_file>
      <input_file id="fl-4c">
         <path>C:\Users\Catalina\ccs\tools\compiler\ti-cgt-msp430_21.6.1.LTS\lib\</path>
         <kind>archive</kind>
         <file>rts430x_lc_rd_eabi.lib</file>
         <name>int29.asm.obj</name>
      </input_file>
      <input_file id="fl-4d">
         <path>C:\Users\Catalina\ccs\tools\compiler\ti-cgt-msp430_21.6.1.LTS\lib\</path>
         <kind>archive</kind>
         <file>rts430x_lc_rd_eabi.lib</file>
         <name>int30.asm.obj</name>
      </input_file>
      <input_file id="fl-4e">
         <path>C:\Users\Catalina\ccs\tools\compiler\ti-cgt-msp430_21.6.1.LTS\lib\</path>
         <kind>archive</kind>
         <file>rts430x_lc_rd_eabi.lib</file>
         <name>int31.asm.obj</name>
      </input_file>
      <input_file id="fl-4f">
         <path>C:\Users\Catalina\ccs\tools\compiler\ti-cgt-msp430_21.6.1.LTS\lib\</path>
         <kind>archive</kind>
         <file>rts430x_lc_rd_eabi.lib</file>
         <name>int32.asm.obj</name>
      </input_file>
      <input_file id="fl-50">
         <path>C:\Users\Catalina\ccs\tools\compiler\ti-cgt-msp430_21.6.1.LTS\lib\</path>
         <kind>archive</kind>
         <file>rts430x_lc_rd_eabi.lib</file>
         <name>int33.asm.obj</name>
      </input_file>
      <input_file id="fl-51">
         <path>C:\Users\Catalina\ccs\tools\compiler\ti-cgt-msp430_21.6.1.LTS\lib\</path>
         <kind>archive</kind>
         <file>rts430x_lc_rd_eabi.lib</file>
         <name>int34.asm.obj</name>
      </input_file>
      <input_file id="fl-52">
         <path>C:\Users\Catalina\ccs\tools\compiler\ti-cgt-msp430_21.6.1.LTS\lib\</path>
         <kind>archive</kind>
         <file>rts430x_lc_rd_eabi.lib</file>
         <name>int35.asm.obj</name>
      </input_file>
      <input_file id="fl-53">
         <path>C:\Users\Catalina\ccs\tools\compiler\ti-cgt-msp430_21.6.1.LTS\lib\</path>
         <kind>archive</kind>
         <file>rts430x_lc_rd_eabi.lib</file>
         <name>int36.asm.obj</name>
      </input_file>
      <input_file id="fl-54">
         <path>C:\Users\Catalina\ccs\tools\compiler\ti-cgt-msp430_21.6.1.LTS\lib\</path>
         <kind>archive</kind>
         <file>rts430x_lc_rd_eabi.lib</file>
         <name>int38.asm.obj</name>
      </input_file>
      <input_file id="fl-55">
         <path>C:\Users\Catalina\ccs\tools\compiler\ti-cgt-msp430_21.6.1.LTS\lib\</path>
         <kind>archive</kind>
         <file>rts430x_lc_rd_eabi.lib</file>
         <name>int39.asm.obj</name>
      </input_file>
      <input_file id="fl-56">
         <path>C:\Users\Catalina\ccs\tools\compiler\ti-cgt-msp430_21.6.1.LTS\lib\</path>
         <kind>archive</kind>
         <file>rts430x_lc_rd_eabi.lib</file>
         <name>int40.asm.obj</name>
      </input_file>
      <input_file id="fl-57">
         <path>C:\Users\Catalina\ccs\tools\compiler\ti-cgt-msp430_21.6.1.LTS\lib\</path>
         <kind>archive</kind>
         <file>rts430x_lc_rd_eabi.lib</file>
         <name>int41.asm.obj</name>
      </input_file>
      <input_file id="fl-58">
         <path>C:\Users\Catalina\ccs\tools\compiler\ti-cgt-msp430_21.6.1.LTS\lib\</path>
         <kind>archive</kind>
         <file>rts430x_lc_rd_eabi.lib</file>
         <name>int42.asm.obj</name>
      </input_file>
      <input_file id="fl-59">
         <path>C:\Users\Catalina\ccs\tools\compiler\ti-cgt-msp430_21.6.1.LTS\lib\</path>
         <kind>archive</kind>
         <file>rts430x_lc_rd_eabi.lib</file>
         <name>int43.asm.obj</name>
      </input_file>
      <input_file id="fl-5a">
         <path>C:\Users\Catalina\ccs\tools\compiler\ti-cgt-msp430_21.6.1.LTS\lib\</path>
         <kind>archive</kind>
         <file>rts430x_lc_rd_eabi.lib</file>
         <name>int46.asm.obj</name>
      </input_file>
      <input_file id="fl-5b">
         <path>C:\Users\Catalina\ccs\tools\compiler\ti-cgt-msp430_21.6.1.LTS\lib\</path>
         <kind>archive</kind>
         <file>rts430x_lc_rd_eabi.lib</file>
         <name>int47.asm.obj</name>
      </input_file>
      <input_file id="fl-5c">
         <path>C:\Users\Catalina\ccs\tools\compiler\ti-cgt-msp430_21.6.1.LTS\lib\</path>
         <kind>archive</kind>
         <file>rts430x_lc_rd_eabi.lib</file>
         <name>int48.asm.obj</name>
      </input_file>
      <input_file id="fl-5d">
         <path>C:\Users\Catalina\ccs\tools\compiler\ti-cgt-msp430_21.6.1.LTS\lib\</path>
         <kind>archive</kind>
         <file>rts430x_lc_rd_eabi.lib</file>
         <name>int49.asm.obj</name>
      </input_file>
      <input_file id="fl-5e">
         <path>C:\Users\Catalina\ccs\tools\compiler\ti-cgt-msp430_21.6.1.LTS\lib\</path>
         <kind>archive</kind>
         <file>rts430x_lc_rd_eabi.lib</file>
         <name>int50.asm.obj</name>
      </input_file>
      <input_file id="fl-5f">
         <path>C:\Users\Catalina\ccs\tools\compiler\ti-cgt-msp430_21.6.1.LTS\lib\</path>
         <kind>archive</kind>
         <file>rts430x_lc_rd_eabi.lib</file>
         <name>int51.asm.obj</name>
      </input_file>
      <input_file id="fl-60">
         <path>C:\Users\Catalina\ccs\tools\compiler\ti-cgt-msp430_21.6.1.LTS\lib\</path>
         <kind>archive</kind>
         <file>rts430x_lc_rd_eabi.lib</file>
         <name>int52.asm.obj</name>
      </input_file>
      <input_file id="fl-61">
         <path>C:\Users\Catalina\ccs\tools\compiler\ti-cgt-msp430_21.6.1.LTS\lib\</path>
         <kind>archive</kind>
         <file>rts430x_lc_rd_eabi.lib</file>
         <name>int53.asm.obj</name>
      </input_file>
      <input_file id="fl-62">
         <path>C:\Users\Catalina\ccs\tools\compiler\ti-cgt-msp430_21.6.1.LTS\lib\</path>
         <kind>archive</kind>
         <file>rts430x_lc_rd_eabi.lib</file>
         <name>int54.asm.obj</name>
      </input_file>
      <input_file id="fl-63">
         <path>C:\Users\Catalina\ccs\tools\compiler\ti-cgt-msp430_21.6.1.LTS\lib\</path>
         <kind>archive</kind>
         <file>rts430x_lc_rd_eabi.lib</file>
         <name>copy_zero_init.c.obj</name>
      </input_file>
      <input_file id="fl-64">
         <path>C:\Users\Catalina\ccs\tools\compiler\ti-cgt-msp430_21.6.1.LTS\lib\</path>
         <kind>archive</kind>
         <file>rts430x_lc_rd_eabi.lib</file>
         <name>div16s.asm.obj</name>
      </input_file>
      <input_file id="fl-65">
         <path>C:\Users\Catalina\ccs\tools\compiler\ti-cgt-msp430_21.6.1.LTS\lib\</path>
         <kind>archive</kind>
         <file>rts430x_lc_rd_eabi.lib</file>
         <name>div32s.asm.obj</name>
      </input_file>
      <input_file id="fl-66">
         <path>C:\Users\Catalina\ccs\tools\compiler\ti-cgt-msp430_21.6.1.LTS\lib\</path>
         <kind>archive</kind>
         <file>rts430x_lc_rd_eabi.lib</file>
         <name>div16u.asm.obj</name>
      </input_file>
      <input_file id="fl-67">
         <path>C:\Users\Catalina\ccs\tools\compiler\ti-cgt-msp430_21.6.1.LTS\lib\</path>
         <kind>archive</kind>
         <file>rts430x_lc_rd_eabi.lib</file>
         <name>div32u.asm.obj</name>
      </input_file>
      <input_file id="fl-68">
         <path>C:\Users\Catalina\ccs\tools\compiler\ti-cgt-msp430_21.6.1.LTS\lib\</path>
         <kind>archive</kind>
         <file>rts430x_lc_rd_eabi.lib</file>
         <name>mult16.asm.obj</name>
      </input_file>
      <input_file id="fl-69">
         <path>C:\Users\Catalina\ccs\tools\compiler\ti-cgt-msp430_21.6.1.LTS\lib\</path>
         <kind>archive</kind>
         <file>rts430x_lc_rd_eabi.lib</file>
         <name>mult16_f5hw.asm.obj</name>
      </input_file>
      <input_file id="fl-6a">
         <path>C:\Users\Catalina\ccs\tools\compiler\ti-cgt-msp430_21.6.1.LTS\lib\</path>
         <kind>archive</kind>
         <file>rts430x_lc_rd_eabi.lib</file>
         <name>mult32.asm.obj</name>
      </input_file>
      <input_file id="fl-6b">
         <path>C:\Users\Catalina\ccs\tools\compiler\ti-cgt-msp430_21.6.1.LTS\lib\</path>
         <kind>archive</kind>
         <file>rts430x_lc_rd_eabi.lib</file>
         <name>mult32_f5hw.asm.obj</name>
      </input_file>
      <input_file id="fl-6c">
         <path>C:\Users\Catalina\ccs\tools\compiler\ti-cgt-msp430_21.6.1.LTS\lib\</path>
         <kind>archive</kind>
         <file>rts430x_lc_rd_eabi.lib</file>
         <name>mult64_f5hw.asm.obj</name>
      </input_file>
      <input_file id="fl-6d">
         <path>C:\Users\Catalina\ccs\tools\compiler\ti-cgt-msp430_21.6.1.LTS\lib\</path>
         <kind>archive</kind>
         <file>rts430x_lc_rd_eabi.lib</file>
         <name>mult1632_f5hw.asm.obj</name>
      </input_file>
      <input_file id="fl-6e">
         <path>C:\Users\Catalina\ccs\tools\compiler\ti-cgt-msp430_21.6.1.LTS\lib\</path>
         <kind>archive</kind>
         <file>rts430x_lc_rd_eabi.lib</file>
         <name>mult3264_f5hw.asm.obj</name>
      </input_file>
      <input_file id="fl-6f">
         <path>C:\Users\Catalina\ccs\tools\compiler\ti-cgt-msp430_21.6.1.LTS\lib\</path>
         <kind>archive</kind>
         <file>rts430x_lc_rd_eabi.lib</file>
         <name>lsl16.asm.obj</name>
      </input_file>
      <input_file id="fl-70">
         <path>C:\Users\Catalina\ccs\tools\compiler\ti-cgt-msp430_21.6.1.LTS\lib\</path>
         <kind>archive</kind>
         <file>rts430x_lc_rd_eabi.lib</file>
         <name>asr16.asm.obj</name>
      </input_file>
      <input_file id="fl-71">
         <path>C:\Users\Catalina\ccs\tools\compiler\ti-cgt-msp430_21.6.1.LTS\lib\</path>
         <kind>archive</kind>
         <file>rts430x_lc_rd_eabi.lib</file>
         <name>lsr16.asm.obj</name>
      </input_file>
      <input_file id="fl-72">
         <path>C:\Users\Catalina\ccs\tools\compiler\ti-cgt-msp430_21.6.1.LTS\lib\</path>
         <kind>archive</kind>
         <file>rts430x_lc_rd_eabi.lib</file>
         <name>boot.c.obj</name>
      </input_file>
      <input_file id="fl-73">
         <path>C:\Users\Catalina\ccs\ccs_base\msp430\lib\FR59xx\</path>
         <kind>archive</kind>
         <file>MSPMPU_INIT_LIB_CCS_msp430_large_code_restricted_data.lib</file>
         <name>mpu_init.o</name>
      </input_file>
      <input_file id="fl-74">
         <path>C:\Users\Catalina\ccs\tools\compiler\ti-cgt-msp430_21.6.1.LTS\lib\</path>
         <kind>archive</kind>
         <file>rts430x_lc_rd_eabi.lib</file>
         <name>args_main.c.obj</name>
      </input_file>
      <input_file id="fl-75">
         <path>C:\Users\Catalina\ccs\tools\compiler\ti-cgt-msp430_21.6.1.LTS\lib\</path>
         <kind>archive</kind>
         <file>rts430x_lc_rd_eabi.lib</file>
         <name>autoinit.c.obj</name>
      </input_file>
      <input_file id="fl-76">
         <path>C:\Users\Catalina\ccs\tools\compiler\ti-cgt-msp430_21.6.1.LTS\lib\</path>
         <kind>archive</kind>
         <file>rts430x_lc_rd_eabi.lib</file>
         <name>startup.c.obj</name>
      </input_file>
      <input_file id="fl-77">
         <path>C:\Users\Catalina\ccs\tools\compiler\ti-cgt-msp430_21.6.1.LTS\lib\</path>
         <kind>archive</kind>
         <file>rts430x_lc_rd_eabi.lib</file>
         <name>pre_init.c.obj</name>
      </input_file>
      <input_file id="fl-78">
         <path>C:\Users\Catalina\ccs\tools\compiler\ti-cgt-msp430_21.6.1.LTS\lib\</path>
         <kind>archive</kind>
         <file>rts430x_lc_rd_eabi.lib</file>
         <name>cpy_tbl.c.obj</name>
      </input_file>
      <input_file id="fl-79">
         <path>C:\Users\Catalina\ccs\tools\compiler\ti-cgt-msp430_21.6.1.LTS\lib\</path>
         <kind>archive</kind>
         <file>rts430x_lc_rd_eabi.lib</file>
         <name>exit.c.obj</name>
      </input_file>
      <input_file id="fl-7a">
         <path>C:\Users\Catalina\ccs\tools\compiler\ti-cgt-msp430_21.6.1.LTS\lib\</path>
         <kind>archive</kind>
         <file>rts430x_lc_rd_eabi.lib</file>
         <name>exit_gvars.c.obj</name>
      </input_file>
      <input_file id="fl-7b">
         <path>C:\Users\Catalina\ccs\tools\compiler\ti-cgt-msp430_21.6.1.LTS\lib\</path>
         <kind>archive</kind>
         <file>rts430x_lc_rd_eabi.lib</file>
         <name>_lock.c.obj</name>
      </input_file>
      <input_file id="fl-7c">
         <path>C:\Users\Catalina\ccs\tools\compiler\ti-cgt-msp430_21.6.1.LTS\lib\</path>
         <kind>archive</kind>
         <file>rts430x_lc_rd_eabi.lib</file>
         <name>memcpy.c.obj</name>
      </input_file>
      <input_file id="fl-7d">
         <path>C:\Users\Catalina\ccs\tools\compiler\ti-cgt-msp430_21.6.1.LTS\lib\</path>
         <kind>archive</kind>
         <file>rts430x_lc_rd_eabi.lib</file>
         <name>strlen.c.obj</name>
      </input_file>
   </input_file_list>
   <object_component_list>
      <object_component id="oc-9be">
         <name>.cinit..data.load</name>
         <load_address>0x475e</load_address>
         <run_address>0x475e</run_address>
         <size>0x15</size>
      </object_component>
      <object_component id="oc-9bb">
         <name>__TI_handler_table</name>
         <load_address>0x4774</load_address>
         <run_address>0x4774</run_address>
         <size>0xc</size>
      </object_component>
      <object_component id="oc-9bd">
         <name>.cinit..bss.load</name>
         <load_address>0x4780</load_address>
         <run_address>0x4780</run_address>
         <size>0x6</size>
      </object_component>
      <object_component id="oc-9bc">
         <name>__TI_cinit_table</name>
         <load_address>0x4786</load_address>
         <run_address>0x4786</run_address>
         <size>0x10</size>
      </object_component>
      <object_component id="oc-94b">
         <name>.binit</name>
         <load_address>0x4400</load_address>
         <run_address>0x4400</run_address>
         <size>0x0</size>
      </object_component>
      <object_component id="oc-7e2">
         <name>.const:alphabetBig</name>
         <load_address>0x46d0</load_address>
         <run_address>0x46d0</run_address>
         <size>0x34</size>
         <input_file_ref idref="fl-4"/>
      </object_component>
      <object_component id="oc-886">
         <name>.const:GPIO_PORT_TO_BASE</name>
         <load_address>0x4704</load_address>
         <run_address>0x4704</run_address>
         <size>0x1c</size>
         <input_file_ref idref="fl-13"/>
      </object_component>
      <object_component id="oc-787">
         <name>.const:.string</name>
         <load_address>0x4720</load_address>
         <run_address>0x4720</run_address>
         <size>0x18</size>
         <input_file_ref idref="fl-5"/>
      </object_component>
      <object_component id="oc-7e5">
         <name>.const:digit</name>
         <load_address>0x4738</load_address>
         <run_address>0x4738</run_address>
         <size>0x14</size>
         <input_file_ref idref="fl-4"/>
      </object_component>
      <object_component id="oc-847">
         <name>.const:$P$T0$1</name>
         <load_address>0x474c</load_address>
         <run_address>0x474c</run_address>
         <size>0xc</size>
         <input_file_ref idref="fl-4"/>
      </object_component>
      <object_component id="oc-890">
         <name>.const:.string:$P$T1$2</name>
         <load_address>0x4758</load_address>
         <run_address>0x4758</run_address>
         <size>0x6</size>
         <input_file_ref idref="fl-4"/>
      </object_component>
      <object_component id="oc-634">
         <name>.text:_isr:PORT1_ISR</name>
         <load_address>0x4400</load_address>
         <run_address>0x4400</run_address>
         <size>0x17a</size>
         <input_file_ref idref="fl-5"/>
      </object_component>
      <object_component id="oc-63a">
         <name>.text:_isr:TIMER0_A0_ISR</name>
         <load_address>0x457a</load_address>
         <run_address>0x457a</run_address>
         <size>0xbc</size>
         <input_file_ref idref="fl-5"/>
      </object_component>
      <object_component id="oc-62e">
         <name>.text:_isr:RTC_ISR</name>
         <load_address>0x4636</load_address>
         <run_address>0x4636</run_address>
         <size>0x52</size>
         <input_file_ref idref="fl-5"/>
      </object_component>
      <object_component id="oc-640">
         <name>.text:_isr:ADC12_ISR</name>
         <load_address>0x4688</load_address>
         <run_address>0x4688</run_address>
         <size>0x20</size>
         <input_file_ref idref="fl-5"/>
      </object_component>
      <object_component id="oc-670">
         <name>.text:_isr:_c_int00_noargs_mpu</name>
         <load_address>0x46a8</load_address>
         <run_address>0x46a8</run_address>
         <size>0x20</size>
         <input_file_ref idref="fl-72"/>
      </object_component>
      <object_component id="oc-629">
         <name>.text:_isr:__TI_ISR_TRAP</name>
         <load_address>0x46c8</load_address>
         <run_address>0x46c8</run_address>
         <size>0x8</size>
         <input_file_ref idref="fl-4b"/>
      </object_component>
      <object_component id="oc-73e">
         <name>.text:displayTime</name>
         <load_address>0x10000</load_address>
         <run_address>0x10000</run_address>
         <size>0x1a2</size>
         <input_file_ref idref="fl-2"/>
      </object_component>
      <object_component id="oc-76f">
         <name>.text:Init_GPIO</name>
         <load_address>0x101a2</load_address>
         <run_address>0x101a2</run_address>
         <size>0x12c</size>
         <input_file_ref idref="fl-5"/>
      </object_component>
      <object_component id="oc-788">
         <name>.text:displayScrollText</name>
         <load_address>0x102ce</load_address>
         <run_address>0x102ce</run_address>
         <size>0xf6</size>
         <input_file_ref idref="fl-4"/>
      </object_component>
      <object_component id="oc-71d">
         <name>.text:clearLCD</name>
         <load_address>0x103c4</load_address>
         <run_address>0x103c4</run_address>
         <size>0xea</size>
         <input_file_ref idref="fl-4"/>
      </object_component>
      <object_component id="oc-69b">
         <name>.text:displayTemp</name>
         <load_address>0x104ae</load_address>
         <run_address>0x104ae</run_address>
         <size>0xdc</size>
         <input_file_ref idref="fl-3"/>
      </object_component>
      <object_component id="oc-77b">
         <name>.text:Init_LCD</name>
         <load_address>0x1058a</load_address>
         <run_address>0x1058a</run_address>
         <size>0xc4</size>
         <input_file_ref idref="fl-4"/>
      </object_component>
      <object_component id="oc-7f2">
         <name>.text:RTC_C_getCalendarTime</name>
         <load_address>0x1064e</load_address>
         <run_address>0x1064e</run_address>
         <size>0x98</size>
         <input_file_ref idref="fl-1b"/>
      </object_component>
      <object_component id="oc-850">
         <name>.text:LCD_C_setPinAsLCDFunctionEx</name>
         <load_address>0x106e6</load_address>
         <run_address>0x106e6</run_address>
         <size>0x8a</size>
         <input_file_ref idref="fl-14"/>
      </object_component>
      <object_component id="oc-738">
         <name>.text:RTC_C_initCalendar</name>
         <load_address>0x10770</load_address>
         <run_address>0x10770</run_address>
         <size>0x86</size>
         <input_file_ref idref="fl-1b"/>
      </object_component>
      <object_component id="oc-723">
         <name>.text:showChar</name>
         <load_address>0x107f6</load_address>
         <run_address>0x107f6</run_address>
         <size>0x7e</size>
         <input_file_ref idref="fl-4"/>
      </object_component>
      <object_component id="oc-6aa">
         <name>.text:Timer_A_initUpMode</name>
         <load_address>0x10874</load_address>
         <run_address>0x10874</run_address>
         <size>0x7c</size>
         <input_file_ref idref="fl-1e"/>
      </object_component>
      <object_component id="oc-7a">
         <name>.text:decompress:lzss:__TI_decompress_lzss</name>
         <load_address>0x108f0</load_address>
         <run_address>0x108f0</run_address>
         <size>0x76</size>
         <input_file_ref idref="fl-48"/>
      </object_component>
      <object_component id="oc-82d">
         <name>.text:GPIO_setAsPeripheralModuleFunctionInputPin</name>
         <load_address>0x10966</load_address>
         <run_address>0x10966</run_address>
         <size>0x72</size>
         <input_file_ref idref="fl-13"/>
      </object_component>
      <object_component id="oc-83a">
         <name>.text:CS_initClockSignal</name>
         <load_address>0x109d8</load_address>
         <run_address>0x109d8</run_address>
         <size>0x66</size>
         <input_file_ref idref="fl-b"/>
      </object_component>
      <object_component id="oc-7b3">
         <name>.text:__TI_auto_init_nobinit_nopinit_hold_wdt:__TI_auto_init_nobinit_nopinit_hold_wdt</name>
         <load_address>0x10a3e</load_address>
         <run_address>0x10a3e</run_address>
         <size>0x54</size>
         <input_file_ref idref="fl-75"/>
      </object_component>
      <object_component id="oc-856">
         <name>.text:LCD_C_setVLCDSource</name>
         <load_address>0x10a92</load_address>
         <run_address>0x10a92</run_address>
         <size>0x52</size>
         <input_file_ref idref="fl-14"/>
      </object_component>
      <object_component id="oc-821">
         <name>.text:GPIO_setAsInputPinWithPullUpResistor</name>
         <load_address>0x10ae4</load_address>
         <run_address>0x10ae4</run_address>
         <size>0x4a</size>
         <input_file_ref idref="fl-13"/>
      </object_component>
      <object_component id="oc-6a1">
         <name>.text:resetStopWatch</name>
         <load_address>0x10b2e</load_address>
         <run_address>0x10b2e</run_address>
         <size>0x44</size>
         <input_file_ref idref="fl-2"/>
      </object_component>
      <object_component id="oc-8e5">
         <name>.text:setLCDFunction</name>
         <load_address>0x10b72</load_address>
         <run_address>0x10b72</run_address>
         <size>0x42</size>
         <input_file_ref idref="fl-14"/>
      </object_component>
      <object_component id="oc-815">
         <name>.text:GPIO_setAsInputPin</name>
         <load_address>0x10bb4</load_address>
         <run_address>0x10bb4</run_address>
         <size>0x40</size>
         <input_file_ref idref="fl-13"/>
      </object_component>
      <object_component id="oc-6eb">
         <name>.text:main</name>
         <load_address>0x10bf4</load_address>
         <run_address>0x10bf4</run_address>
         <size>0x40</size>
         <input_file_ref idref="fl-5"/>
      </object_component>
      <object_component id="oc-6c2">
         <name>.text:ADC12_B_startConversion</name>
         <load_address>0x10c34</load_address>
         <run_address>0x10c34</run_address>
         <size>0x3e</size>
         <input_file_ref idref="fl-6"/>
      </object_component>
      <object_component id="oc-840">
         <name>.text:CS_turnOnLFXT</name>
         <load_address>0x10c72</load_address>
         <run_address>0x10c72</run_address>
         <size>0x3a</size>
         <input_file_ref idref="fl-b"/>
      </object_component>
      <object_component id="oc-80f">
         <name>.text:GPIO_setAsOutputPin</name>
         <load_address>0x10cac</load_address>
         <run_address>0x10cac</run_address>
         <size>0x34</size>
         <input_file_ref idref="fl-13"/>
      </object_component>
      <object_component id="oc-775">
         <name>.text:Init_Clock</name>
         <load_address>0x10ce0</load_address>
         <run_address>0x10ce0</run_address>
         <size>0x30</size>
         <input_file_ref idref="fl-5"/>
      </object_component>
      <object_component id="oc-732">
         <name>.text:RTC_C_initCounter</name>
         <load_address>0x10d10</load_address>
         <run_address>0x10d10</run_address>
         <size>0x30</size>
         <input_file_ref idref="fl-1b"/>
      </object_component>
      <object_component id="oc-81b">
         <name>.text:GPIO_selectInterruptEdge</name>
         <load_address>0x10d40</load_address>
         <run_address>0x10d40</run_address>
         <size>0x2e</size>
         <input_file_ref idref="fl-13"/>
      </object_component>
      <object_component id="oc-84a">
         <name>.text:LCD_C_init</name>
         <load_address>0x10d6e</load_address>
         <run_address>0x10d6e</run_address>
         <size>0x2e</size>
         <input_file_ref idref="fl-14"/>
      </object_component>
      <object_component id="oc-86e">
         <name>.text:LCD_C_configChargePump</name>
         <load_address>0x10d9c</load_address>
         <run_address>0x10d9c</run_address>
         <size>0x2c</size>
         <input_file_ref idref="fl-14"/>
      </object_component>
      <object_component id="oc-6fd">
         <name>.text:__mpu_init</name>
         <load_address>0x10dc8</load_address>
         <run_address>0x10dc8</run_address>
         <size>0x2c</size>
         <input_file_ref idref="fl-73"/>
      </object_component>
      <object_component id="oc-72b">
         <name>.text</name>
         <load_address>0x10df4</load_address>
         <run_address>0x10df4</run_address>
         <size>0x2c</size>
         <input_file_ref idref="fl-64"/>
      </object_component>
      <object_component id="oc-6bc">
         <name>.text:ADC12_B_disableConversions</name>
         <load_address>0x10e20</load_address>
         <run_address>0x10e20</run_address>
         <size>0x2a</size>
         <input_file_ref idref="fl-6"/>
      </object_component>
      <object_component id="oc-646">
         <name>.text:decompress:ZI:__TI_zero_init_nomemset:__TI_zero_init_nomemset</name>
         <load_address>0x10e4a</load_address>
         <run_address>0x10e4a</run_address>
         <size>0x24</size>
         <input_file_ref idref="fl-63"/>
      </object_component>
      <object_component id="oc-763">
         <name>.text:WDT_A_hold</name>
         <load_address>0x10e6e</load_address>
         <run_address>0x10e6e</run_address>
         <size>0x20</size>
         <input_file_ref idref="fl-21"/>
      </object_component>
      <object_component id="oc-781">
         <name>.text:GPIO_clearInterrupt</name>
         <load_address>0x10e8e</load_address>
         <run_address>0x10e8e</run_address>
         <size>0x1e</size>
         <input_file_ref idref="fl-13"/>
      </object_component>
      <object_component id="oc-827">
         <name>.text:GPIO_enableInterrupt</name>
         <load_address>0x10eac</load_address>
         <run_address>0x10eac</run_address>
         <size>0x1e</size>
         <input_file_ref idref="fl-13"/>
      </object_component>
      <object_component id="oc-6b0">
         <name>.text:RTC_C_holdClock</name>
         <load_address>0x10eca</load_address>
         <run_address>0x10eca</run_address>
         <size>0x1e</size>
         <input_file_ref idref="fl-1b"/>
      </object_component>
      <object_component id="oc-6b6">
         <name>.text:RTC_C_startClock</name>
         <load_address>0x10ee8</load_address>
         <run_address>0x10ee8</run_address>
         <size>0x1e</size>
         <input_file_ref idref="fl-1b"/>
      </object_component>
      <object_component id="oc-809">
         <name>.text:GPIO_setOutputLowOnPin</name>
         <load_address>0x10f06</load_address>
         <run_address>0x10f06</run_address>
         <size>0x1c</size>
         <input_file_ref idref="fl-13"/>
      </object_component>
      <object_component id="oc-868">
         <name>.text:LCD_C_selectChargePumpReference</name>
         <load_address>0x10f22</load_address>
         <run_address>0x10f22</run_address>
         <size>0x1a</size>
         <input_file_ref idref="fl-14"/>
      </object_component>
      <object_component id="oc-85c">
         <name>.text:LCD_C_setVLCDVoltage</name>
         <load_address>0x10f3c</load_address>
         <run_address>0x10f3c</run_address>
         <size>0x1a</size>
         <input_file_ref idref="fl-14"/>
      </object_component>
      <object_component id="oc-7e9">
         <name>.text</name>
         <load_address>0x10f56</load_address>
         <run_address>0x10f56</run_address>
         <size>0x16</size>
         <input_file_ref idref="fl-66"/>
      </object_component>
      <object_component id="oc-6d6">
         <name>.text:ADC12_B_clearInterrupt</name>
         <load_address>0x10f6c</load_address>
         <run_address>0x10f6c</run_address>
         <size>0x14</size>
         <input_file_ref idref="fl-6"/>
      </object_component>
      <object_component id="oc-61c">
         <name>.text:memcpy</name>
         <load_address>0x10f80</load_address>
         <run_address>0x10f80</run_address>
         <size>0x14</size>
         <input_file_ref idref="fl-7c"/>
      </object_component>
      <object_component id="oc-834">
         <name>.text:CS_setDCOFreq</name>
         <load_address>0x10f94</load_address>
         <run_address>0x10f94</run_address>
         <size>0x12</size>
         <input_file_ref idref="fl-b"/>
      </object_component>
      <object_component id="oc-7f8">
         <name>.text:RTC_C_holdCounterPrescale</name>
         <load_address>0x10fa6</load_address>
         <run_address>0x10fa6</run_address>
         <size>0x12</size>
         <input_file_ref idref="fl-1b"/>
      </object_component>
      <object_component id="oc-80">
         <name>.text:decompress:none:__TI_decompress_none</name>
         <load_address>0x10fb8</load_address>
         <run_address>0x10fb8</run_address>
         <size>0x12</size>
         <input_file_ref idref="fl-49"/>
      </object_component>
      <object_component id="oc-862">
         <name>.text:LCD_C_enableChargePump</name>
         <load_address>0x10fca</load_address>
         <run_address>0x10fca</run_address>
         <size>0xe</size>
         <input_file_ref idref="fl-14"/>
      </object_component>
      <object_component id="oc-88a">
         <name>.text:strlen</name>
         <load_address>0x10fd8</load_address>
         <run_address>0x10fd8</run_address>
         <size>0xe</size>
         <input_file_ref idref="fl-7d"/>
      </object_component>
      <object_component id="oc-6cf">
         <name>.text:ADC12_B_disable</name>
         <load_address>0x10fe6</load_address>
         <run_address>0x10fe6</run_address>
         <size>0xc</size>
         <input_file_ref idref="fl-6"/>
      </object_component>
      <object_component id="oc-874">
         <name>.text:LCD_C_clearMemory</name>
         <load_address>0x10ff2</load_address>
         <run_address>0x10ff2</run_address>
         <size>0xc</size>
         <input_file_ref idref="fl-14"/>
      </object_component>
      <object_component id="oc-755">
         <name>.text:ADC12_B_isBusy</name>
         <load_address>0x10ffe</load_address>
         <run_address>0x10ffe</run_address>
         <size>0xa</size>
         <input_file_ref idref="fl-6"/>
      </object_component>
      <object_component id="oc-8eb">
         <name>.text</name>
         <load_address>0x11008</load_address>
         <run_address>0x11008</run_address>
         <size>0xa</size>
         <input_file_ref idref="fl-6f"/>
      </object_component>
      <object_component id="oc-8e0">
         <name>.text</name>
         <load_address>0x11012</load_address>
         <run_address>0x11012</run_address>
         <size>0xa</size>
         <input_file_ref idref="fl-71"/>
      </object_component>
      <object_component id="oc-6c9">
         <name>.text:Timer_A_stop</name>
         <load_address>0x1101c</load_address>
         <run_address>0x1101c</run_address>
         <size>0x8</size>
         <input_file_ref idref="fl-1e"/>
      </object_component>
      <object_component id="oc-87a">
         <name>.text:LCD_C_on</name>
         <load_address>0x11024</load_address>
         <run_address>0x11024</run_address>
         <size>0x6</size>
         <input_file_ref idref="fl-14"/>
      </object_component>
      <object_component id="oc-769">
         <name>.text:PMM_unlockLPM5</name>
         <load_address>0x1102a</load_address>
         <run_address>0x1102a</run_address>
         <size>0x6</size>
         <input_file_ref idref="fl-17"/>
      </object_component>
      <object_component id="oc-78f">
         <name>.text:abort</name>
         <load_address>0x11030</load_address>
         <run_address>0x11030</run_address>
         <size>0x6</size>
         <input_file_ref idref="fl-79"/>
      </object_component>
      <object_component id="oc-6e5">
         <name>.text:_system_pre_init</name>
         <load_address>0x11036</load_address>
         <run_address>0x11036</run_address>
         <size>0x4</size>
         <input_file_ref idref="fl-77"/>
      </object_component>
      <object_component id="oc-8a7">
         <name>.text:_system_post_cinit</name>
         <load_address>0x1103a</load_address>
         <run_address>0x1103a</run_address>
         <size>0x2</size>
         <input_file_ref idref="fl-76"/>
      </object_component>
      <object_component id="oc-729">
         <name>.common:degC</name>
         <uninitialized>true</uninitialized>
         <run_address>0x1c24</run_address>
         <size>0x2</size>
      </object_component>
      <object_component id="oc-72a">
         <name>.common:degF</name>
         <uninitialized>true</uninitialized>
         <run_address>0x1c26</run_address>
         <size>0x2</size>
      </object_component>
      <object_component id="oc-731">
         <name>.common:currentTime</name>
         <uninitialized>true</uninitialized>
         <run_address>0x1c1c</run_address>
         <size>0x8</size>
      </object_component>
      <object_component id="oc-698">
         <name>.data</name>
         <load_address>0x1c1a</load_address>
         <run_address>0x1c1a</run_address>
         <size>0x1</size>
         <input_file_ref idref="fl-3"/>
      </object_component>
      <object_component id="oc-694">
         <name>.data</name>
         <load_address>0x1c0e</load_address>
         <run_address>0x1c0e</run_address>
         <size>0xc</size>
         <input_file_ref idref="fl-5"/>
      </object_component>
      <object_component id="oc-6a7">
         <name>.data:initUpParam_A0</name>
         <load_address>0x1c00</load_address>
         <run_address>0x1c00</run_address>
         <size>0xe</size>
         <input_file_ref idref="fl-5"/>
      </object_component>
      <object_component id="oc-60d">
         <name>.stack</name>
         <uninitialized>true</uninitialized>
         <run_address>0x2360</run_address>
         <size>0x4</size>
         <input_file_ref idref="fl-72"/>
      </object_component>
      <object_component id="oc-9bf">
         <name>.stack</name>
         <uninitialized>true</uninitialized>
         <run_address>0x2360</run_address>
         <size>0x0</size>
      </object_component>
      <object_component id="oc-86">
         <name>.int27</name>
         <load_address>0xffc6</load_address>
         <run_address>0xffc6</run_address>
         <size>0x2</size>
         <input_file_ref idref="fl-4a"/>
      </object_component>
      <object_component id="oc-87">
         <name>.int28</name>
         <load_address>0xffc8</load_address>
         <run_address>0xffc8</run_address>
         <size>0x2</size>
         <input_file_ref idref="fl-5"/>
      </object_component>
      <object_component id="oc-88">
         <name>.int29</name>
         <load_address>0xffca</load_address>
         <run_address>0xffca</run_address>
         <size>0x2</size>
         <input_file_ref idref="fl-4c"/>
      </object_component>
      <object_component id="oc-89">
         <name>.int30</name>
         <load_address>0xffcc</load_address>
         <run_address>0xffcc</run_address>
         <size>0x2</size>
         <input_file_ref idref="fl-4d"/>
      </object_component>
      <object_component id="oc-8a">
         <name>.int31</name>
         <load_address>0xffce</load_address>
         <run_address>0xffce</run_address>
         <size>0x2</size>
         <input_file_ref idref="fl-4e"/>
      </object_component>
      <object_component id="oc-8b">
         <name>.int32</name>
         <load_address>0xffd0</load_address>
         <run_address>0xffd0</run_address>
         <size>0x2</size>
         <input_file_ref idref="fl-4f"/>
      </object_component>
      <object_component id="oc-8c">
         <name>.int33</name>
         <load_address>0xffd2</load_address>
         <run_address>0xffd2</run_address>
         <size>0x2</size>
         <input_file_ref idref="fl-50"/>
      </object_component>
      <object_component id="oc-8d">
         <name>.int34</name>
         <load_address>0xffd4</load_address>
         <run_address>0xffd4</run_address>
         <size>0x2</size>
         <input_file_ref idref="fl-51"/>
      </object_component>
      <object_component id="oc-8e">
         <name>.int35</name>
         <load_address>0xffd6</load_address>
         <run_address>0xffd6</run_address>
         <size>0x2</size>
         <input_file_ref idref="fl-52"/>
      </object_component>
      <object_component id="oc-8f">
         <name>.int36</name>
         <load_address>0xffd8</load_address>
         <run_address>0xffd8</run_address>
         <size>0x2</size>
         <input_file_ref idref="fl-53"/>
      </object_component>
      <object_component id="oc-90">
         <name>.int37</name>
         <load_address>0xffda</load_address>
         <run_address>0xffda</run_address>
         <size>0x2</size>
         <input_file_ref idref="fl-5"/>
      </object_component>
      <object_component id="oc-91">
         <name>.int38</name>
         <load_address>0xffdc</load_address>
         <run_address>0xffdc</run_address>
         <size>0x2</size>
         <input_file_ref idref="fl-54"/>
      </object_component>
      <object_component id="oc-92">
         <name>.int39</name>
         <load_address>0xffde</load_address>
         <run_address>0xffde</run_address>
         <size>0x2</size>
         <input_file_ref idref="fl-55"/>
      </object_component>
      <object_component id="oc-93">
         <name>.int40</name>
         <load_address>0xffe0</load_address>
         <run_address>0xffe0</run_address>
         <size>0x2</size>
         <input_file_ref idref="fl-56"/>
      </object_component>
      <object_component id="oc-94">
         <name>.int41</name>
         <load_address>0xffe2</load_address>
         <run_address>0xffe2</run_address>
         <size>0x2</size>
         <input_file_ref idref="fl-57"/>
      </object_component>
      <object_component id="oc-95">
         <name>.int42</name>
         <load_address>0xffe4</load_address>
         <run_address>0xffe4</run_address>
         <size>0x2</size>
         <input_file_ref idref="fl-58"/>
      </object_component>
      <object_component id="oc-96">
         <name>.int43</name>
         <load_address>0xffe6</load_address>
         <run_address>0xffe6</run_address>
         <size>0x2</size>
         <input_file_ref idref="fl-59"/>
      </object_component>
      <object_component id="oc-97">
         <name>.int44</name>
         <load_address>0xffe8</load_address>
         <run_address>0xffe8</run_address>
         <size>0x2</size>
         <input_file_ref idref="fl-5"/>
      </object_component>
      <object_component id="oc-98">
         <name>.int45</name>
         <load_address>0xffea</load_address>
         <run_address>0xffea</run_address>
         <size>0x2</size>
         <input_file_ref idref="fl-5"/>
      </object_component>
      <object_component id="oc-99">
         <name>.int46</name>
         <load_address>0xffec</load_address>
         <run_address>0xffec</run_address>
         <size>0x2</size>
         <input_file_ref idref="fl-5a"/>
      </object_component>
      <object_component id="oc-9a">
         <name>.int47</name>
         <load_address>0xffee</load_address>
         <run_address>0xffee</run_address>
         <size>0x2</size>
         <input_file_ref idref="fl-5b"/>
      </object_component>
      <object_component id="oc-9b">
         <name>.int48</name>
         <load_address>0xfff0</load_address>
         <run_address>0xfff0</run_address>
         <size>0x2</size>
         <input_file_ref idref="fl-5c"/>
      </object_component>
      <object_component id="oc-9c">
         <name>.int49</name>
         <load_address>0xfff2</load_address>
         <run_address>0xfff2</run_address>
         <size>0x2</size>
         <input_file_ref idref="fl-5d"/>
      </object_component>
      <object_component id="oc-9d">
         <name>.int50</name>
         <load_address>0xfff4</load_address>
         <run_address>0xfff4</run_address>
         <size>0x2</size>
         <input_file_ref idref="fl-5e"/>
      </object_component>
      <object_component id="oc-9e">
         <name>.int51</name>
         <load_address>0xfff6</load_address>
         <run_address>0xfff6</run_address>
         <size>0x2</size>
         <input_file_ref idref="fl-5f"/>
      </object_component>
      <object_component id="oc-9f">
         <name>.int52</name>
         <load_address>0xfff8</load_address>
         <run_address>0xfff8</run_address>
         <size>0x2</size>
         <input_file_ref idref="fl-60"/>
      </object_component>
      <object_component id="oc-a0">
         <name>.int53</name>
         <load_address>0xfffa</load_address>
         <run_address>0xfffa</run_address>
         <size>0x2</size>
         <input_file_ref idref="fl-61"/>
      </object_component>
      <object_component id="oc-a1">
         <name>.int54</name>
         <load_address>0xfffc</load_address>
         <run_address>0xfffc</run_address>
         <size>0x2</size>
         <input_file_ref idref="fl-62"/>
      </object_component>
      <object_component id="oc-610">
         <name>.reset</name>
         <load_address>0xfffe</load_address>
         <run_address>0xfffe</run_address>
         <size>0x2</size>
         <input_file_ref idref="fl-72"/>
      </object_component>
      <object_component id="oc-8c8">
         <name>.debug_info</name>
         <load_address>0x0</load_address>
         <run_address>0x0</run_address>
         <size>0x6f4</size>
         <input_file_ref idref="fl-2"/>
      </object_component>
      <object_component id="oc-73f">
         <name>.debug_info</name>
         <load_address>0x6f4</load_address>
         <run_address>0x6f4</run_address>
         <size>0x358</size>
         <input_file_ref idref="fl-2"/>
      </object_component>
      <object_component id="oc-6a2">
         <name>.debug_info</name>
         <load_address>0xa4c</load_address>
         <run_address>0xa4c</run_address>
         <size>0x185</size>
         <input_file_ref idref="fl-2"/>
      </object_component>
      <object_component id="oc-7d0">
         <name>.debug_info</name>
         <load_address>0xbd1</load_address>
         <run_address>0xbd1</run_address>
         <size>0x26b</size>
         <input_file_ref idref="fl-2"/>
      </object_component>
      <object_component id="oc-7dc">
         <name>.debug_info</name>
         <load_address>0xe3c</load_address>
         <run_address>0xe3c</run_address>
         <size>0x131</size>
         <input_file_ref idref="fl-2"/>
      </object_component>
      <object_component id="oc-7d5">
         <name>.debug_info</name>
         <load_address>0xf6d</load_address>
         <run_address>0xf6d</run_address>
         <size>0x131</size>
         <input_file_ref idref="fl-2"/>
      </object_component>
      <object_component id="oc-881">
         <name>.debug_info</name>
         <load_address>0x109e</load_address>
         <run_address>0x109e</run_address>
         <size>0xb2</size>
         <input_file_ref idref="fl-2"/>
      </object_component>
      <object_component id="oc-747">
         <name>.debug_info</name>
         <load_address>0x1150</load_address>
         <run_address>0x1150</run_address>
         <size>0x392</size>
         <input_file_ref idref="fl-2"/>
      </object_component>
      <object_component id="oc-710">
         <name>.debug_info</name>
         <load_address>0x14e2</load_address>
         <run_address>0x14e2</run_address>
         <size>0x8b</size>
         <input_file_ref idref="fl-2"/>
      </object_component>
      <object_component id="oc-7ff">
         <name>.debug_info</name>
         <load_address>0x156d</load_address>
         <run_address>0x156d</run_address>
         <size>0x282</size>
         <input_file_ref idref="fl-2"/>
      </object_component>
      <object_component id="oc-74d">
         <name>.debug_info</name>
         <load_address>0x17ef</load_address>
         <run_address>0x17ef</run_address>
         <size>0xbb</size>
         <input_file_ref idref="fl-2"/>
      </object_component>
      <object_component id="oc-71b">
         <name>.debug_info</name>
         <load_address>0x18aa</load_address>
         <run_address>0x18aa</run_address>
         <size>0x7a3</size>
         <input_file_ref idref="fl-3"/>
      </object_component>
      <object_component id="oc-699">
         <name>.debug_info</name>
         <load_address>0x204d</load_address>
         <run_address>0x204d</run_address>
         <size>0xfb</size>
         <input_file_ref idref="fl-3"/>
      </object_component>
      <object_component id="oc-69c">
         <name>.debug_info</name>
         <load_address>0x2148</load_address>
         <run_address>0x2148</run_address>
         <size>0x243</size>
         <input_file_ref idref="fl-3"/>
      </object_component>
      <object_component id="oc-894">
         <name>.debug_info</name>
         <load_address>0x238b</load_address>
         <run_address>0x238b</run_address>
         <size>0x514</size>
         <input_file_ref idref="fl-4"/>
      </object_component>
      <object_component id="oc-7e6">
         <name>.debug_info</name>
         <load_address>0x289f</load_address>
         <run_address>0x289f</run_address>
         <size>0xee</size>
         <input_file_ref idref="fl-4"/>
      </object_component>
      <object_component id="oc-7e3">
         <name>.debug_info</name>
         <load_address>0x298d</load_address>
         <run_address>0x298d</run_address>
         <size>0xfa</size>
         <input_file_ref idref="fl-4"/>
      </object_component>
      <object_component id="oc-848">
         <name>.debug_info</name>
         <load_address>0x2a87</load_address>
         <run_address>0x2a87</run_address>
         <size>0xf1</size>
         <input_file_ref idref="fl-4"/>
      </object_component>
      <object_component id="oc-891">
         <name>.debug_info</name>
         <load_address>0x2b78</load_address>
         <run_address>0x2b78</run_address>
         <size>0xf1</size>
         <input_file_ref idref="fl-4"/>
      </object_component>
      <object_component id="oc-724">
         <name>.debug_info</name>
         <load_address>0x2c69</load_address>
         <run_address>0x2c69</run_address>
         <size>0x16c</size>
         <input_file_ref idref="fl-4"/>
      </object_component>
      <object_component id="oc-789">
         <name>.debug_info</name>
         <load_address>0x2dd5</load_address>
         <run_address>0x2dd5</run_address>
         <size>0x236</size>
         <input_file_ref idref="fl-4"/>
      </object_component>
      <object_component id="oc-71e">
         <name>.debug_info</name>
         <load_address>0x300b</load_address>
         <run_address>0x300b</run_address>
         <size>0x124</size>
         <input_file_ref idref="fl-4"/>
      </object_component>
      <object_component id="oc-77c">
         <name>.debug_info</name>
         <load_address>0x312f</load_address>
         <run_address>0x312f</run_address>
         <size>0x2a4</size>
         <input_file_ref idref="fl-4"/>
      </object_component>
      <object_component id="oc-68c">
         <name>.debug_info</name>
         <load_address>0x33d3</load_address>
         <run_address>0x33d3</run_address>
         <size>0x2c</size>
         <input_file_ref idref="fl-4"/>
      </object_component>
      <object_component id="oc-901">
         <name>.debug_info</name>
         <load_address>0x33ff</load_address>
         <run_address>0x33ff</run_address>
         <size>0x35</size>
         <input_file_ref idref="fl-4"/>
      </object_component>
      <object_component id="oc-717">
         <name>.debug_info</name>
         <load_address>0x3434</load_address>
         <run_address>0x3434</run_address>
         <size>0xb2e</size>
         <input_file_ref idref="fl-5"/>
      </object_component>
      <object_component id="oc-695">
         <name>.debug_info</name>
         <load_address>0x3f62</load_address>
         <run_address>0x3f62</run_address>
         <size>0x218</size>
         <input_file_ref idref="fl-5"/>
      </object_component>
      <object_component id="oc-6a8">
         <name>.debug_info</name>
         <load_address>0x417a</load_address>
         <run_address>0x417a</run_address>
         <size>0xfd</size>
         <input_file_ref idref="fl-5"/>
      </object_component>
      <object_component id="oc-771">
         <name>.debug_info</name>
         <load_address>0x4277</load_address>
         <run_address>0x4277</run_address>
         <size>0x469</size>
         <input_file_ref idref="fl-5"/>
      </object_component>
      <object_component id="oc-776">
         <name>.debug_info</name>
         <load_address>0x46e0</load_address>
         <run_address>0x46e0</run_address>
         <size>0x179</size>
         <input_file_ref idref="fl-5"/>
      </object_component>
      <object_component id="oc-6ec">
         <name>.debug_info</name>
         <load_address>0x4859</load_address>
         <run_address>0x4859</run_address>
         <size>0x1b9</size>
         <input_file_ref idref="fl-5"/>
      </object_component>
      <object_component id="oc-63b">
         <name>.debug_info</name>
         <load_address>0x4a12</load_address>
         <run_address>0x4a12</run_address>
         <size>0x1af</size>
         <input_file_ref idref="fl-5"/>
      </object_component>
      <object_component id="oc-630">
         <name>.debug_info</name>
         <load_address>0x4bc1</load_address>
         <run_address>0x4bc1</run_address>
         <size>0x11b</size>
         <input_file_ref idref="fl-5"/>
      </object_component>
      <object_component id="oc-635">
         <name>.debug_info</name>
         <load_address>0x4cdc</load_address>
         <run_address>0x4cdc</run_address>
         <size>0x1e6</size>
         <input_file_ref idref="fl-5"/>
      </object_component>
      <object_component id="oc-641">
         <name>.debug_info</name>
         <load_address>0x4ec2</load_address>
         <run_address>0x4ec2</run_address>
         <size>0x13e</size>
         <input_file_ref idref="fl-5"/>
      </object_component>
      <object_component id="oc-6c4">
         <name>.debug_info</name>
         <load_address>0x5000</load_address>
         <run_address>0x5000</run_address>
         <size>0x2c6</size>
         <input_file_ref idref="fl-6"/>
      </object_component>
      <object_component id="oc-756">
         <name>.debug_info</name>
         <load_address>0x52c6</load_address>
         <run_address>0x52c6</run_address>
         <size>0x1a4</size>
         <input_file_ref idref="fl-6"/>
      </object_component>
      <object_component id="oc-6bd">
         <name>.debug_info</name>
         <load_address>0x546a</load_address>
         <run_address>0x546a</run_address>
         <size>0x217</size>
         <input_file_ref idref="fl-6"/>
      </object_component>
      <object_component id="oc-6d0">
         <name>.debug_info</name>
         <load_address>0x5681</load_address>
         <run_address>0x5681</run_address>
         <size>0x1be</size>
         <input_file_ref idref="fl-6"/>
      </object_component>
      <object_component id="oc-6d7">
         <name>.debug_info</name>
         <load_address>0x583f</load_address>
         <run_address>0x583f</run_address>
         <size>0x2a8</size>
         <input_file_ref idref="fl-6"/>
      </object_component>
      <object_component id="oc-617">
         <name>.debug_info</name>
         <load_address>0x5ae7</load_address>
         <run_address>0x5ae7</run_address>
         <size>0x84</size>
         <input_file_ref idref="fl-7"/>
      </object_component>
      <object_component id="oc-841">
         <name>.debug_info</name>
         <load_address>0x5b6b</load_address>
         <run_address>0x5b6b</run_address>
         <size>0x18b</size>
         <input_file_ref idref="fl-b"/>
      </object_component>
      <object_component id="oc-835">
         <name>.debug_info</name>
         <load_address>0x5cf6</load_address>
         <run_address>0x5cf6</run_address>
         <size>0x1b5</size>
         <input_file_ref idref="fl-b"/>
      </object_component>
      <object_component id="oc-83c">
         <name>.debug_info</name>
         <load_address>0x5eab</load_address>
         <run_address>0x5eab</run_address>
         <size>0x270</size>
         <input_file_ref idref="fl-b"/>
      </object_component>
      <object_component id="oc-8fa">
         <name>.debug_info</name>
         <load_address>0x611b</load_address>
         <run_address>0x611b</run_address>
         <size>0x18e</size>
         <input_file_ref idref="fl-13"/>
      </object_component>
      <object_component id="oc-887">
         <name>.debug_info</name>
         <load_address>0x62a9</load_address>
         <run_address>0x62a9</run_address>
         <size>0x11c</size>
         <input_file_ref idref="fl-13"/>
      </object_component>
      <object_component id="oc-80a">
         <name>.debug_info</name>
         <load_address>0x63c5</load_address>
         <run_address>0x63c5</run_address>
         <size>0x22b</size>
         <input_file_ref idref="fl-13"/>
      </object_component>
      <object_component id="oc-82f">
         <name>.debug_info</name>
         <load_address>0x65f0</load_address>
         <run_address>0x65f0</run_address>
         <size>0x273</size>
         <input_file_ref idref="fl-13"/>
      </object_component>
      <object_component id="oc-810">
         <name>.debug_info</name>
         <load_address>0x6863</load_address>
         <run_address>0x6863</run_address>
         <size>0x222</size>
         <input_file_ref idref="fl-13"/>
      </object_component>
      <object_component id="oc-822">
         <name>.debug_info</name>
         <load_address>0x6a85</load_address>
         <run_address>0x6a85</run_address>
         <size>0x247</size>
         <input_file_ref idref="fl-13"/>
      </object_component>
      <object_component id="oc-817">
         <name>.debug_info</name>
         <load_address>0x6ccc</load_address>
         <run_address>0x6ccc</run_address>
         <size>0x220</size>
         <input_file_ref idref="fl-13"/>
      </object_component>
      <object_component id="oc-81c">
         <name>.debug_info</name>
         <load_address>0x6eec</load_address>
         <run_address>0x6eec</run_address>
         <size>0x269</size>
         <input_file_ref idref="fl-13"/>
      </object_component>
      <object_component id="oc-828">
         <name>.debug_info</name>
         <load_address>0x7155</load_address>
         <run_address>0x7155</run_address>
         <size>0x227</size>
         <input_file_ref idref="fl-13"/>
      </object_component>
      <object_component id="oc-782">
         <name>.debug_info</name>
         <load_address>0x737c</load_address>
         <run_address>0x737c</run_address>
         <size>0x225</size>
         <input_file_ref idref="fl-13"/>
      </object_component>
      <object_component id="oc-8df">
         <name>.debug_info</name>
         <load_address>0x75a1</load_address>
         <run_address>0x75a1</run_address>
         <size>0x187</size>
         <input_file_ref idref="fl-14"/>
      </object_component>
      <object_component id="oc-85d">
         <name>.debug_info</name>
         <load_address>0x7728</load_address>
         <run_address>0x7728</run_address>
         <size>0x1f0</size>
         <input_file_ref idref="fl-14"/>
      </object_component>
      <object_component id="oc-857">
         <name>.debug_info</name>
         <load_address>0x7918</load_address>
         <run_address>0x7918</run_address>
         <size>0x26e</size>
         <input_file_ref idref="fl-14"/>
      </object_component>
      <object_component id="oc-8e6">
         <name>.debug_info</name>
         <load_address>0x7b86</load_address>
         <run_address>0x7b86</run_address>
         <size>0x1e2</size>
         <input_file_ref idref="fl-14"/>
      </object_component>
      <object_component id="oc-851">
         <name>.debug_info</name>
         <load_address>0x7d68</load_address>
         <run_address>0x7d68</run_address>
         <size>0x349</size>
         <input_file_ref idref="fl-14"/>
      </object_component>
      <object_component id="oc-869">
         <name>.debug_info</name>
         <load_address>0x80b1</load_address>
         <run_address>0x80b1</run_address>
         <size>0x20e</size>
         <input_file_ref idref="fl-14"/>
      </object_component>
      <object_component id="oc-87b">
         <name>.debug_info</name>
         <load_address>0x82bf</load_address>
         <run_address>0x82bf</run_address>
         <size>0x1aa</size>
         <input_file_ref idref="fl-14"/>
      </object_component>
      <object_component id="oc-84b">
         <name>.debug_info</name>
         <load_address>0x8469</load_address>
         <run_address>0x8469</run_address>
         <size>0x1e8</size>
         <input_file_ref idref="fl-14"/>
      </object_component>
      <object_component id="oc-863">
         <name>.debug_info</name>
         <load_address>0x8651</load_address>
         <run_address>0x8651</run_address>
         <size>0x1c6</size>
         <input_file_ref idref="fl-14"/>
      </object_component>
      <object_component id="oc-86f">
         <name>.debug_info</name>
         <load_address>0x8817</load_address>
         <run_address>0x8817</run_address>
         <size>0x20f</size>
         <input_file_ref idref="fl-14"/>
      </object_component>
      <object_component id="oc-875">
         <name>.debug_info</name>
         <load_address>0x8a26</load_address>
         <run_address>0x8a26</run_address>
         <size>0x19d</size>
         <input_file_ref idref="fl-14"/>
      </object_component>
      <object_component id="oc-76b">
         <name>.debug_info</name>
         <load_address>0x8bc3</load_address>
         <run_address>0x8bc3</run_address>
         <size>0x172</size>
         <input_file_ref idref="fl-17"/>
      </object_component>
      <object_component id="oc-7f1">
         <name>.debug_info</name>
         <load_address>0x8d35</load_address>
         <run_address>0x8d35</run_address>
         <size>0x183</size>
         <input_file_ref idref="fl-1b"/>
      </object_component>
      <object_component id="oc-6b7">
         <name>.debug_info</name>
         <load_address>0x8eb8</load_address>
         <run_address>0x8eb8</run_address>
         <size>0x1ba</size>
         <input_file_ref idref="fl-1b"/>
      </object_component>
      <object_component id="oc-733">
         <name>.debug_info</name>
         <load_address>0x9072</load_address>
         <run_address>0x9072</run_address>
         <size>0x231</size>
         <input_file_ref idref="fl-1b"/>
      </object_component>
      <object_component id="oc-739">
         <name>.debug_info</name>
         <load_address>0x92a3</load_address>
         <run_address>0x92a3</run_address>
         <size>0x242</size>
         <input_file_ref idref="fl-1b"/>
      </object_component>
      <object_component id="oc-7f9">
         <name>.debug_info</name>
         <load_address>0x94e5</load_address>
         <run_address>0x94e5</run_address>
         <size>0x216</size>
         <input_file_ref idref="fl-1b"/>
      </object_component>
      <object_component id="oc-6b1">
         <name>.debug_info</name>
         <load_address>0x96fb</load_address>
         <run_address>0x96fb</run_address>
         <size>0x1b8</size>
         <input_file_ref idref="fl-1b"/>
      </object_component>
      <object_component id="oc-7f4">
         <name>.debug_info</name>
         <load_address>0x98b3</load_address>
         <run_address>0x98b3</run_address>
         <size>0x1ea</size>
         <input_file_ref idref="fl-1b"/>
      </object_component>
      <object_component id="oc-752">
         <name>.debug_info</name>
         <load_address>0x9a9d</load_address>
         <run_address>0x9a9d</run_address>
         <size>0x19d</size>
         <input_file_ref idref="fl-1e"/>
      </object_component>
      <object_component id="oc-6ca">
         <name>.debug_info</name>
         <load_address>0x9c3a</load_address>
         <run_address>0x9c3a</run_address>
         <size>0x1bb</size>
         <input_file_ref idref="fl-1e"/>
      </object_component>
      <object_component id="oc-6ab">
         <name>.debug_info</name>
         <load_address>0x9df5</load_address>
         <run_address>0x9df5</run_address>
         <size>0x1ea</size>
         <input_file_ref idref="fl-1e"/>
      </object_component>
      <object_component id="oc-765">
         <name>.debug_info</name>
         <load_address>0x9fdf</load_address>
         <run_address>0x9fdf</run_address>
         <size>0x1cf</size>
         <input_file_ref idref="fl-21"/>
      </object_component>
      <object_component id="oc-689">
         <name>.debug_info</name>
         <load_address>0xa1ae</load_address>
         <run_address>0xa1ae</run_address>
         <size>0x17b</size>
         <input_file_ref idref="fl-48"/>
      </object_component>
      <object_component id="oc-7b">
         <name>.debug_info</name>
         <load_address>0xa329</load_address>
         <run_address>0xa329</run_address>
         <size>0x250</size>
         <input_file_ref idref="fl-48"/>
      </object_component>
      <object_component id="oc-612">
         <name>.debug_info</name>
         <load_address>0xa579</load_address>
         <run_address>0xa579</run_address>
         <size>0x60</size>
         <input_file_ref idref="fl-48"/>
      </object_component>
      <object_component id="oc-707">
         <name>.debug_info</name>
         <load_address>0xa5d9</load_address>
         <run_address>0xa5d9</run_address>
         <size>0x46</size>
         <input_file_ref idref="fl-48"/>
      </object_component>
      <object_component id="oc-684">
         <name>.debug_info</name>
         <load_address>0xa61f</load_address>
         <run_address>0xa61f</run_address>
         <size>0x39</size>
         <input_file_ref idref="fl-48"/>
      </object_component>
      <object_component id="oc-628">
         <name>.debug_info</name>
         <load_address>0xa658</load_address>
         <run_address>0xa658</run_address>
         <size>0x18f</size>
         <input_file_ref idref="fl-49"/>
      </object_component>
      <object_component id="oc-84">
         <name>.debug_info</name>
         <load_address>0xa7e7</load_address>
         <run_address>0xa7e7</run_address>
         <size>0x1d3</size>
         <input_file_ref idref="fl-49"/>
      </object_component>
      <object_component id="oc-623">
         <name>.debug_info</name>
         <load_address>0xa9ba</load_address>
         <run_address>0xa9ba</run_address>
         <size>0x46</size>
         <input_file_ref idref="fl-49"/>
      </object_component>
      <object_component id="oc-62b">
         <name>.debug_info</name>
         <load_address>0xaa00</load_address>
         <run_address>0xaa00</run_address>
         <size>0x10f</size>
         <input_file_ref idref="fl-4b"/>
      </object_component>
      <object_component id="oc-6e3">
         <name>.debug_info</name>
         <load_address>0xab0f</load_address>
         <run_address>0xab0f</run_address>
         <size>0x17f</size>
         <input_file_ref idref="fl-63"/>
      </object_component>
      <object_component id="oc-647">
         <name>.debug_info</name>
         <load_address>0xac8e</load_address>
         <run_address>0xac8e</run_address>
         <size>0x1d7</size>
         <input_file_ref idref="fl-63"/>
      </object_component>
      <object_component id="oc-6de">
         <name>.debug_info</name>
         <load_address>0xae65</load_address>
         <run_address>0xae65</run_address>
         <size>0x46</size>
         <input_file_ref idref="fl-63"/>
      </object_component>
      <object_component id="oc-72c">
         <name>.debug_info</name>
         <load_address>0xaeab</load_address>
         <run_address>0xaeab</run_address>
         <size>0x135</size>
         <input_file_ref idref="fl-64"/>
      </object_component>
      <object_component id="oc-7eb">
         <name>.debug_info</name>
         <load_address>0xafe0</load_address>
         <run_address>0xafe0</run_address>
         <size>0x121</size>
         <input_file_ref idref="fl-66"/>
      </object_component>
      <object_component id="oc-8ed">
         <name>.debug_info</name>
         <load_address>0xb101</load_address>
         <run_address>0xb101</run_address>
         <size>0x120</size>
         <input_file_ref idref="fl-6f"/>
      </object_component>
      <object_component id="oc-8e1">
         <name>.debug_info</name>
         <load_address>0xb221</load_address>
         <run_address>0xb221</run_address>
         <size>0x120</size>
         <input_file_ref idref="fl-71"/>
      </object_component>
      <object_component id="oc-60e">
         <name>.debug_info</name>
         <load_address>0xb341</load_address>
         <run_address>0xb341</run_address>
         <size>0x100</size>
         <input_file_ref idref="fl-72"/>
      </object_component>
      <object_component id="oc-673">
         <name>.debug_info</name>
         <load_address>0xb441</load_address>
         <run_address>0xb441</run_address>
         <size>0x193</size>
         <input_file_ref idref="fl-72"/>
      </object_component>
      <object_component id="oc-6fe">
         <name>.debug_info</name>
         <load_address>0xb5d4</load_address>
         <run_address>0xb5d4</run_address>
         <size>0xf2</size>
         <input_file_ref idref="fl-73"/>
      </object_component>
      <object_component id="oc-8ae">
         <name>.debug_info</name>
         <load_address>0xb6c6</load_address>
         <run_address>0xb6c6</run_address>
         <size>0x3fc</size>
         <input_file_ref idref="fl-75"/>
      </object_component>
      <object_component id="oc-7b4">
         <name>.debug_info</name>
         <load_address>0xbac2</load_address>
         <run_address>0xbac2</run_address>
         <size>0x230</size>
         <input_file_ref idref="fl-75"/>
      </object_component>
      <object_component id="oc-91d">
         <name>.debug_info</name>
         <load_address>0xbcf2</load_address>
         <run_address>0xbcf2</run_address>
         <size>0x39</size>
         <input_file_ref idref="fl-75"/>
      </object_component>
      <object_component id="oc-92e">
         <name>.debug_info</name>
         <load_address>0xbd2b</load_address>
         <run_address>0xbd2b</run_address>
         <size>0x2c</size>
         <input_file_ref idref="fl-75"/>
      </object_component>
      <object_component id="oc-8b9">
         <name>.debug_info</name>
         <load_address>0xbd57</load_address>
         <run_address>0xbd57</run_address>
         <size>0x2c</size>
         <input_file_ref idref="fl-75"/>
      </object_component>
      <object_component id="oc-922">
         <name>.debug_info</name>
         <load_address>0xbd83</load_address>
         <run_address>0xbd83</run_address>
         <size>0xcd</size>
         <input_file_ref idref="fl-75"/>
      </object_component>
      <object_component id="oc-8aa">
         <name>.debug_info</name>
         <load_address>0xbe50</load_address>
         <run_address>0xbe50</run_address>
         <size>0x150</size>
         <input_file_ref idref="fl-76"/>
      </object_component>
      <object_component id="oc-6e8">
         <name>.debug_info</name>
         <load_address>0xbfa0</load_address>
         <run_address>0xbfa0</run_address>
         <size>0x153</size>
         <input_file_ref idref="fl-77"/>
      </object_component>
      <object_component id="oc-793">
         <name>.debug_info</name>
         <load_address>0xc0f3</load_address>
         <run_address>0xc0f3</run_address>
         <size>0x122</size>
         <input_file_ref idref="fl-79"/>
      </object_component>
      <object_component id="oc-68b">
         <name>.debug_info</name>
         <load_address>0xc215</load_address>
         <run_address>0xc215</run_address>
         <size>0x19a</size>
         <input_file_ref idref="fl-7c"/>
      </object_component>
      <object_component id="oc-61f">
         <name>.debug_info</name>
         <load_address>0xc3af</load_address>
         <run_address>0xc3af</run_address>
         <size>0x17a</size>
         <input_file_ref idref="fl-7c"/>
      </object_component>
      <object_component id="oc-8fc">
         <name>.debug_info</name>
         <load_address>0xc529</load_address>
         <run_address>0xc529</run_address>
         <size>0x167</size>
         <input_file_ref idref="fl-7d"/>
      </object_component>
      <object_component id="oc-88d">
         <name>.debug_info</name>
         <load_address>0xc690</load_address>
         <run_address>0xc690</run_address>
         <size>0x230</size>
         <input_file_ref idref="fl-7d"/>
      </object_component>
      <object_component id="oc-9c2">
         <name>.debug_info</name>
         <load_address>0xc8c0</load_address>
         <run_address>0xc8c0</run_address>
         <size>0xc0</size>
      </object_component>
      <object_component id="oc-934">
         <name>.debug_line</name>
         <load_address>0x0</load_address>
         <run_address>0x0</run_address>
         <size>0x24e</size>
         <input_file_ref idref="fl-2"/>
      </object_component>
      <object_component id="oc-743">
         <name>.debug_line</name>
         <load_address>0x24e</load_address>
         <run_address>0x24e</run_address>
         <size>0x70</size>
         <input_file_ref idref="fl-2"/>
      </object_component>
      <object_component id="oc-6a5">
         <name>.debug_line</name>
         <load_address>0x2be</load_address>
         <run_address>0x2be</run_address>
         <size>0x56</size>
         <input_file_ref idref="fl-2"/>
      </object_component>
      <object_component id="oc-7d3">
         <name>.debug_line</name>
         <load_address>0x314</load_address>
         <run_address>0x314</run_address>
         <size>0x76</size>
         <input_file_ref idref="fl-2"/>
      </object_component>
      <object_component id="oc-7df">
         <name>.debug_line</name>
         <load_address>0x38a</load_address>
         <run_address>0x38a</run_address>
         <size>0x93</size>
         <input_file_ref idref="fl-2"/>
      </object_component>
      <object_component id="oc-7d8">
         <name>.debug_line</name>
         <load_address>0x41d</load_address>
         <run_address>0x41d</run_address>
         <size>0x91</size>
         <input_file_ref idref="fl-2"/>
      </object_component>
      <object_component id="oc-884">
         <name>.debug_line</name>
         <load_address>0x4ae</load_address>
         <run_address>0x4ae</run_address>
         <size>0x91</size>
         <input_file_ref idref="fl-2"/>
      </object_component>
      <object_component id="oc-74a">
         <name>.debug_line</name>
         <load_address>0x53f</load_address>
         <run_address>0x53f</run_address>
         <size>0x93</size>
         <input_file_ref idref="fl-2"/>
      </object_component>
      <object_component id="oc-713">
         <name>.debug_line</name>
         <load_address>0x5d2</load_address>
         <run_address>0x5d2</run_address>
         <size>0x20</size>
         <input_file_ref idref="fl-2"/>
      </object_component>
      <object_component id="oc-802">
         <name>.debug_line</name>
         <load_address>0x5f2</load_address>
         <run_address>0x5f2</run_address>
         <size>0x7a</size>
         <input_file_ref idref="fl-2"/>
      </object_component>
      <object_component id="oc-750">
         <name>.debug_line</name>
[...]
         <name>UCB1IV</name>
         <value>0x6ae</value>
      </symbol>
      <symbol id="sm-563">
         <name>WDTCTL</name>
         <value>0x15c</value>
      </symbol>
      <symbol id="sm-564">
         <name>WDTCTL_L</name>
         <value>0x15c</value>
      </symbol>
      <symbol id="sm-565">
         <name>WDTCTL_H</name>
         <value>0x15d</value>
      </symbol>
      <symbol id="sm-566">
         <name>fram_rw_start</name>
         <value>0x4400</value>
      </symbol>
      <symbol id="sm-567">
         <name>fram_ipe_start</name>
         <value>0x4400</value>
      </symbol>
      <symbol id="sm-568">
         <name>fram_ipe_end</name>
         <value>0x4400</value>
      </symbol>
      <symbol id="sm-569">
         <name>fram_rx_start</name>
         <value>0x4400</value>
      </symbol>
      <symbol id="sm-56a">
         <name>__TI_CINIT_Base</name>
         <value>0x4786</value>
      </symbol>
      <symbol id="sm-56b">
         <name>__TI_CINIT_Limit</name>
         <value>0x4796</value>
      </symbol>
      <symbol id="sm-56c">
         <name>__TI_CINIT_Warm</name>
         <value>0x4796</value>
      </symbol>
      <symbol id="sm-56d">
         <name>__TI_Handler_Table_Base</name>
         <value>0x4774</value>
      </symbol>
      <symbol id="sm-56e">
         <name>__TI_Handler_Table_Limit</name>
         <value>0x4780</value>
      </symbol>
      <symbol id="sm-56f">
         <name>__STACK_SIZE</name>
         <value>0xa0</value>
      </symbol>
      <symbol id="sm-570">
         <name>__STACK_END</name>
         <value>0x2400</value>
      </symbol>
      <symbol id="sm-571">
         <name>__c_args__</name>
         <value>0xffffffff</value>
      </symbol>
      <symbol id="sm-572">
         <name>__TI_pprof_out_hndl</name>
         <value>0xffffffff</value>
      </symbol>
      <symbol id="sm-573">
         <name>__TI_prof_data_start</name>
         <value>0xffffffff</value>
      </symbol>
      <symbol id="sm-574">
         <name>__TI_prof_data_size</name>
         <value>0xffffffff</value>
      </symbol>
      <symbol id="sm-612">
         <name>resetStopWatch</name>
         <value>0x10b2e</value>
         <object_component_ref idref="oc-6a1"/>
      </symbol>
      <symbol id="sm-613">
         <name>displayTime</name>
         <value>0x10000</value>
         <object_component_ref idref="oc-73e"/>
      </symbol>
      <symbol id="sm-62c">
         <name>degC</name>
         <value>0x1c24</value>
      </symbol>
      <symbol id="sm-62d">
         <name>degF</name>
         <value>0x1c26</value>
      </symbol>
      <symbol id="sm-62e">
         <name>tempUnit</name>
         <value>0x1c1a</value>
         <object_component_ref idref="oc-698"/>
      </symbol>
      <symbol id="sm-62f">
         <name>displayTemp</name>
         <value>0x104ae</value>
         <object_component_ref idref="oc-69b"/>
      </symbol>
      <symbol id="sm-67e">
         <name>clearLCD</name>
         <value>0x103c4</value>
         <object_component_ref idref="oc-71d"/>
      </symbol>
      <symbol id="sm-67f">
         <name>displayScrollText</name>
         <value>0x102ce</value>
         <object_component_ref idref="oc-788"/>
      </symbol>
      <symbol id="sm-680">
         <name>showChar</name>
         <value>0x107f6</value>
         <object_component_ref idref="oc-723"/>
      </symbol>
      <symbol id="sm-681">
         <name>Init_LCD</name>
         <value>0x1058a</value>
         <object_component_ref idref="oc-77b"/>
      </symbol>
      <symbol id="sm-682">
         <name>alphabetBig</name>
         <value>0x46d0</value>
         <object_component_ref idref="oc-7e2"/>
      </symbol>
      <symbol id="sm-683">
         <name>digit</name>
         <value>0x4738</value>
         <object_component_ref idref="oc-7e5"/>
      </symbol>
      <symbol id="sm-6e3">
         <name>currentTime</name>
         <value>0x1c1c</value>
      </symbol>
      <symbol id="sm-6e4">
         <name>__TI_int28</name>
         <value>0xffc8</value>
         <object_component_ref idref="oc-87"/>
      </symbol>
      <symbol id="sm-6e5">
         <name>S2buttonDebounce</name>
         <value>0x1c12</value>
         <object_component_ref idref="oc-694"/>
      </symbol>
      <symbol id="sm-6e6">
         <name>S1buttonDebounce</name>
         <value>0x1c11</value>
         <object_component_ref idref="oc-694"/>
      </symbol>
      <symbol id="sm-6e7">
         <name>__TI_int37</name>
         <value>0xffda</value>
         <object_component_ref idref="oc-90"/>
      </symbol>
      <symbol id="sm-6e8">
         <name>Init_GPIO</name>
         <value>0x101a2</value>
         <object_component_ref idref="oc-76f"/>
      </symbol>
      <symbol id="sm-6e9">
         <name>__TI_int44</name>
         <value>0xffe8</value>
         <object_component_ref idref="oc-97"/>
      </symbol>
      <symbol id="sm-6ea">
         <name>__TI_int45</name>
         <value>0xffea</value>
         <object_component_ref idref="oc-98"/>
      </symbol>
      <symbol id="sm-6eb">
         <name>holdCount</name>
         <value>0x1c14</value>
         <object_component_ref idref="oc-694"/>
      </symbol>
      <symbol id="sm-6ec">
         <name>ADC12_ISR</name>
         <value>0x4688</value>
         <object_component_ref idref="oc-640"/>
      </symbol>
      <symbol id="sm-6ed">
         <name>PORT1_ISR</name>
         <value>0x4400</value>
         <object_component_ref idref="oc-634"/>
      </symbol>
      <symbol id="sm-6ee">
         <name>tempSensorRunning</name>
         <value>0x1c10</value>
         <object_component_ref idref="oc-694"/>
      </symbol>
      <symbol id="sm-6ef">
         <name>centisecond</name>
         <value>0x1c18</value>
         <object_component_ref idref="oc-694"/>
      </symbol>
      <symbol id="sm-6f0">
         <name>Init_Clock</name>
         <value>0x10ce0</value>
         <object_component_ref idref="oc-775"/>
      </symbol>
      <symbol id="sm-6f1">
         <name>main</name>
         <value>0x10bf4</value>
         <object_component_ref idref="oc-6eb"/>
      </symbol>
      <symbol id="sm-6f2">
         <name>initUpParam_A0</name>
         <value>0x1c00</value>
         <object_component_ref idref="oc-6a7"/>
      </symbol>
      <symbol id="sm-6f3">
         <name>stopWatchRunning</name>
         <value>0x1c0f</value>
         <object_component_ref idref="oc-694"/>
      </symbol>
      <symbol id="sm-6f4">
         <name>counter</name>
         <value>0x1c16</value>
         <object_component_ref idref="oc-694"/>
      </symbol>
      <symbol id="sm-6f5">
         <name>mode</name>
         <value>0x1c0e</value>
         <object_component_ref idref="oc-694"/>
      </symbol>
      <symbol id="sm-6f6">
         <name>RTC_ISR</name>
         <value>0x4636</value>
         <object_component_ref idref="oc-62e"/>
      </symbol>
      <symbol id="sm-6f7">
         <name>TIMER0_A0_ISR</name>
         <value>0x457a</value>
         <object_component_ref idref="oc-63a"/>
      </symbol>
      <symbol id="sm-71f">
         <name>ADC12_B_clearInterrupt</name>
         <value>0x10f6c</value>
         <object_component_ref idref="oc-6d6"/>
      </symbol>
      <symbol id="sm-720">
         <name>ADC12_B_disable</name>
         <value>0x10fe6</value>
         <object_component_ref idref="oc-6cf"/>
      </symbol>
      <symbol id="sm-721">
         <name>ADC12_B_isBusy</name>
         <value>0x10ffe</value>
         <object_component_ref idref="oc-755"/>
      </symbol>
      <symbol id="sm-722">
         <name>ADC12_B_disableConversions</name>
         <value>0x10e20</value>
         <object_component_ref idref="oc-6bc"/>
      </symbol>
      <symbol id="sm-723">
         <name>ADC12_B_startConversion</name>
         <value>0x10c34</value>
         <object_component_ref idref="oc-6c2"/>
      </symbol>
      <symbol id="sm-748">
         <name>CS_turnOnLFXT</name>
         <value>0x10c72</value>
         <object_component_ref idref="oc-840"/>
      </symbol>
      <symbol id="sm-749">
         <name>CS_setDCOFreq</name>
         <value>0x10f94</value>
         <object_component_ref idref="oc-834"/>
      </symbol>
      <symbol id="sm-74a">
         <name>CS_initClockSignal</name>
         <value>0x109d8</value>
         <object_component_ref idref="oc-83a"/>
      </symbol>
      <symbol id="sm-7a1">
         <name>GPIO_setAsInputPin</name>
         <value>0x10bb4</value>
         <object_component_ref idref="oc-815"/>
      </symbol>
      <symbol id="sm-7a2">
         <name>GPIO_clearInterrupt</name>
         <value>0x10e8e</value>
         <object_component_ref idref="oc-781"/>
      </symbol>
      <symbol id="sm-7a3">
         <name>GPIO_selectInterruptEdge</name>
         <value>0x10d40</value>
         <object_component_ref idref="oc-81b"/>
      </symbol>
      <symbol id="sm-7a4">
         <name>GPIO_setAsInputPinWithPullUpResistor</name>
         <value>0x10ae4</value>
         <object_component_ref idref="oc-821"/>
      </symbol>
      <symbol id="sm-7a5">
         <name>GPIO_enableInterrupt</name>
         <value>0x10eac</value>
         <object_component_ref idref="oc-827"/>
      </symbol>
      <symbol id="sm-7a6">
         <name>GPIO_setAsOutputPin</name>
         <value>0x10cac</value>
         <object_component_ref idref="oc-80f"/>
      </symbol>
      <symbol id="sm-7a7">
         <name>GPIO_setOutputLowOnPin</name>
         <value>0x10f06</value>
         <object_component_ref idref="oc-809"/>
      </symbol>
      <symbol id="sm-7a8">
         <name>GPIO_setAsPeripheralModuleFunctionInputPin</name>
         <value>0x10966</value>
         <object_component_ref idref="oc-82d"/>
      </symbol>
      <symbol id="sm-7fc">
         <name>LCD_C_on</name>
         <value>0x11024</value>
         <object_component_ref idref="oc-87a"/>
      </symbol>
      <symbol id="sm-7fd">
         <name>LCD_C_setVLCDSource</name>
         <value>0x10a92</value>
         <object_component_ref idref="oc-856"/>
      </symbol>
      <symbol id="sm-7fe">
         <name>LCD_C_setVLCDVoltage</name>
         <value>0x10f3c</value>
         <object_component_ref idref="oc-85c"/>
      </symbol>
      <symbol id="sm-7ff">
         <name>LCD_C_enableChargePump</name>
         <value>0x10fca</value>
         <object_component_ref idref="oc-862"/>
      </symbol>
      <symbol id="sm-800">
         <name>LCD_C_setPinAsLCDFunctionEx</name>
         <value>0x106e6</value>
         <object_component_ref idref="oc-850"/>
      </symbol>
      <symbol id="sm-801">
         <name>LCD_C_init</name>
         <value>0x10d6e</value>
         <object_component_ref idref="oc-84a"/>
      </symbol>
      <symbol id="sm-802">
         <name>LCD_C_clearMemory</name>
         <value>0x10ff2</value>
         <object_component_ref idref="oc-874"/>
      </symbol>
      <symbol id="sm-803">
         <name>LCD_C_configChargePump</name>
         <value>0x10d9c</value>
         <object_component_ref idref="oc-86e"/>
      </symbol>
      <symbol id="sm-804">
         <name>LCD_C_selectChargePumpReference</name>
         <value>0x10f22</value>
         <object_component_ref idref="oc-868"/>
      </symbol>
      <symbol id="sm-80f">
         <name>PMM_unlockLPM5</name>
         <value>0x1102a</value>
         <object_component_ref idref="oc-769"/>
      </symbol>
      <symbol id="sm-843">
         <name>RTC_C_startClock</name>
         <value>0x10ee8</value>
         <object_component_ref idref="oc-6b6"/>
      </symbol>
      <symbol id="sm-844">
         <name>RTC_C_holdCounterPrescale</name>
         <value>0x10fa6</value>
         <object_component_ref idref="oc-7f8"/>
      </symbol>
      <symbol id="sm-845">
         <name>RTC_C_initCounter</name>
         <value>0x10d10</value>
         <object_component_ref idref="oc-732"/>
      </symbol>
      <symbol id="sm-846">
         <name>RTC_C_getCalendarTime</name>
         <value>0x1064e</value>
         <object_component_ref idref="oc-7f2"/>
      </symbol>
      <symbol id="sm-847">
         <name>RTC_C_initCalendar</name>
         <value>0x10770</value>
         <object_component_ref idref="oc-738"/>
      </symbol>
      <symbol id="sm-848">
         <name>RTC_C_holdClock</name>
         <value>0x10eca</value>
         <object_component_ref idref="oc-6b0"/>
      </symbol>
      <symbol id="sm-860">
         <name>Timer_A_initUpMode</name>
         <value>0x10874</value>
         <object_component_ref idref="oc-6aa"/>
      </symbol>
      <symbol id="sm-861">
         <name>Timer_A_stop</name>
         <value>0x1101c</value>
         <object_component_ref idref="oc-6c9"/>
      </symbol>
      <symbol id="sm-86c">
         <name>WDT_A_hold</name>
         <value>0x10e6e</value>
         <object_component_ref idref="oc-763"/>
      </symbol>
      <symbol id="sm-88f">
         <name>__TI_decompress_lzss</name>
         <value>0x108f0</value>
         <object_component_ref idref="oc-7a"/>
      </symbol>
      <symbol id="sm-8a0">
         <name>__TI_decompress_none</name>
         <value>0x10fb8</value>
         <object_component_ref idref="oc-80"/>
      </symbol>
      <symbol id="sm-8a3">
         <name>__TI_int27</name>
         <value>0xffc6</value>
         <object_component_ref idref="oc-86"/>
      </symbol>
      <symbol id="sm-8ab">
         <name>__TI_ISR_TRAP</name>
         <value>0x46c8</value>
         <object_component_ref idref="oc-629"/>
      </symbol>
      <symbol id="sm-8ae">
         <name>__TI_int29</name>
         <value>0xffca</value>
         <object_component_ref idref="oc-88"/>
      </symbol>
      <symbol id="sm-8b1">
         <name>__TI_int30</name>
         <value>0xffcc</value>
         <object_component_ref idref="oc-89"/>
      </symbol>
      <symbol id="sm-8b4">
         <name>__TI_int31</name>
         <value>0xffce</value>
         <object_component_ref idref="oc-8a"/>
      </symbol>
      <symbol id="sm-8b7">
         <name>__TI_int32</name>
         <value>0xffd0</value>
         <object_component_ref idref="oc-8b"/>
      </symbol>
      <symbol id="sm-8ba">
         <name>__TI_int33</name>
         <value>0xffd2</value>
         <object_component_ref idref="oc-8c"/>
      </symbol>
      <symbol id="sm-8bd">
         <name>__TI_int34</name>
         <value>0xffd4</value>
         <object_component_ref idref="oc-8d"/>
      </symbol>
      <symbol id="sm-8c0">
         <name>__TI_int35</name>
         <value>0xffd6</value>
         <object_component_ref idref="oc-8e"/>
      </symbol>
      <symbol id="sm-8c3">
         <name>__TI_int36</name>
         <value>0xffd8</value>
         <object_component_ref idref="oc-8f"/>
      </symbol>
      <symbol id="sm-8c6">
         <name>__TI_int38</name>
         <value>0xffdc</value>
         <object_component_ref idref="oc-91"/>
      </symbol>
      <symbol id="sm-8c9">
         <name>__TI_int39</name>
         <value>0xffde</value>
         <object_component_ref idref="oc-92"/>
      </symbol>
      <symbol id="sm-8cc">
         <name>__TI_int40</name>
         <value>0xffe0</value>
         <object_component_ref idref="oc-93"/>
      </symbol>
      <symbol id="sm-8cf">
         <name>__TI_int41</name>
         <value>0xffe2</value>
         <object_component_ref idref="oc-94"/>
      </symbol>
      <symbol id="sm-8d2">
         <name>__TI_int42</name>
         <value>0xffe4</value>
         <object_component_ref idref="oc-95"/>
      </symbol>
      <symbol id="sm-8d5">
         <name>__TI_int43</name>
         <value>0xffe6</value>
         <object_component_ref idref="oc-96"/>
      </symbol>
      <symbol id="sm-8d8">
         <name>__TI_int46</name>
         <value>0xffec</value>
         <object_component_ref idref="oc-99"/>
      </symbol>
      <symbol id="sm-8db">
         <name>__TI_int47</name>
         <value>0xffee</value>
         <object_component_ref idref="oc-9a"/>
      </symbol>
      <symbol id="sm-8de">
         <name>__TI_int48</name>
         <value>0xfff0</value>
         <object_component_ref idref="oc-9b"/>
      </symbol>
      <symbol id="sm-8e1">
         <name>__TI_int49</name>
         <value>0xfff2</value>
         <object_component_ref idref="oc-9c"/>
      </symbol>
      <symbol id="sm-8e4">
         <name>__TI_int50</name>
         <value>0xfff4</value>
         <object_component_ref idref="oc-9d"/>
      </symbol>
      <symbol id="sm-8e7">
         <name>__TI_int51</name>
         <value>0xfff6</value>
         <object_component_ref idref="oc-9e"/>
      </symbol>
      <symbol id="sm-8ea">
         <name>__TI_int52</name>
         <value>0xfff8</value>
         <object_component_ref idref="oc-9f"/>
      </symbol>
      <symbol id="sm-8ed">
         <name>__TI_int53</name>
         <value>0xfffa</value>
         <object_component_ref idref="oc-a0"/>
      </symbol>
      <symbol id="sm-8f0">
         <name>__TI_int54</name>
         <value>0xfffc</value>
         <object_component_ref idref="oc-a1"/>
      </symbol>
      <symbol id="sm-903">
         <name>__TI_zero_init_nomemset</name>
         <value>0x10e4a</value>
         <object_component_ref idref="oc-646"/>
      </symbol>
      <symbol id="sm-90f">
         <name>__mspabi_remi</name>
         <value>0x10df4</value>
         <object_component_ref idref="oc-72b"/>
      </symbol>
      <symbol id="sm-910">
         <name>__mspabi_divi</name>
         <value>0x10df4</value>
         <object_component_ref idref="oc-72b"/>
      </symbol>
      <symbol id="sm-91b">
         <name>__mspabi_remu</name>
         <value>0x10f56</value>
         <object_component_ref idref="oc-7e9"/>
      </symbol>
      <symbol id="sm-91c">
         <name>__mspabi_divu</name>
         <value>0x10f56</value>
         <object_component_ref idref="oc-7e9"/>
      </symbol>
      <symbol id="sm-92d">
         <name>__mspabi_slli</name>
         <value>0x11008</value>
         <object_component_ref idref="oc-8eb"/>
      </symbol>
      <symbol id="sm-937">
         <name>__mspabi_srli</name>
         <value>0x11012</value>
         <object_component_ref idref="oc-8e0"/>
      </symbol>
      <symbol id="sm-947">
         <name>_c_int00_noargs_mpu</name>
         <value>0x46a8</value>
         <object_component_ref idref="oc-670"/>
      </symbol>
      <symbol id="sm-948">
         <name>_stack</name>
         <value>0x2360</value>
         <object_component_ref idref="oc-60d"/>
      </symbol>
      <symbol id="sm-949">
         <name>_reset_vector</name>
         <value>0xfffe</value>
         <object_component_ref idref="oc-610"/>
      </symbol>
      <symbol id="sm-952">
         <name>__mpu_init</name>
         <value>0x10dc8</value>
         <object_component_ref idref="oc-6fd"/>
      </symbol>
      <symbol id="sm-976">
         <name>__TI_auto_init_nobinit_nopinit_hold_wdt</name>
         <value>0x10a3e</value>
         <object_component_ref idref="oc-7b3"/>
      </symbol>
      <symbol id="sm-97f">
         <name>_system_post_cinit</name>
         <value>0x1103a</value>
         <object_component_ref idref="oc-8a7"/>
      </symbol>
      <symbol id="sm-988">
         <name>_system_pre_init</name>
         <value>0x11036</value>
         <object_component_ref idref="oc-6e5"/>
      </symbol>
      <symbol id="sm-993">
         <name>C$$EXIT</name>
         <value>0x11030</value>
         <object_component_ref idref="oc-78f"/>
      </symbol>
      <symbol id="sm-994">
         <name>abort</name>
         <value>0x11030</value>
         <object_component_ref idref="oc-78f"/>
      </symbol>
      <symbol id="sm-9a4">
         <name>memcpy</name>
         <value>0x10f80</value>
         <object_component_ref idref="oc-61c"/>
      </symbol>
      <symbol id="sm-9b1">
         <name>strlen</name>
         <value>0x10fd8</value>
         <object_component_ref idref="oc-88a"/>
      </symbol>
   </symbol_table>
   <title>Link successful</title>
</link_info>
