
ej03.elf:     file format elf32-littleriscv
ej03.elf
architecture: riscv:rv32, flags 0x00000112:
EXEC_P, HAS_SYMS, D_PAGED
start address 0x00000000

Program Header:
    LOAD off    0x00001000 vaddr 0x00000000 paddr 0x00000000 align 2**12
         filesz 0x00000038 memsz 0x00000038 flags r-x
    LOAD off    0x00002000 vaddr 0x00010000 paddr 0x00010000 align 2**12
         filesz 0x00000008 memsz 0x00000008 flags rw-

Sections:
Idx Name              Size      VMA       LMA       File off  Algn  Flags
  0 .text             00000038  00000000  00000000  00001000  2**2  CONTENTS, ALLOC, LOAD, READONLY, CODE
  1 .data             00000008  00010000  00010000  00002000  2**0  CONTENTS, ALLOC, LOAD, DATA
  2 .riscv.attributes 0000001f  00000000  00000000  00002008  2**0  CONTENTS, READONLY
  3 .debug_line       0000007e  00000000  00000000  00002027  2**0  CONTENTS, READONLY, DEBUGGING, OCTETS
  4 .debug_info       00000026  00000000  00000000  000020a5  2**0  CONTENTS, READONLY, DEBUGGING, OCTETS
  5 .debug_abbrev     00000014  00000000  00000000  000020cb  2**0  CONTENTS, READONLY, DEBUGGING, OCTETS
  6 .debug_aranges    00000020  00000000  00000000  000020e0  2**3  CONTENTS, READONLY, DEBUGGING, OCTETS
  7 .debug_str        00000069  00000000  00000000  00002100  2**0  CONTENTS, READONLY, DEBUGGING, OCTETS
SYMBOL TABLE:
00000000 l    d  .text	00000000 .text
00010000 l    d  .data	00000000 .data
00000000 l    d  .riscv.attributes	00000000 .riscv.attributes
00000000 l    d  .debug_line	00000000 .debug_line
00000000 l    d  .debug_info	00000000 .debug_info
00000000 l    d  .debug_abbrev	00000000 .debug_abbrev
00000000 l    d  .debug_aranges	00000000 .debug_aranges
00000000 l    d  .debug_str	00000000 .debug_str
00000000 l    df *ABS*	00000000 ./ej03.o
00010000 l       .data	00000000 x
00010004 l       .data	00000000 y
00000018 l       .text	00000000 if
00000028 l       .text	00000000 else
00000034 l       .text	00000000 end
00000000 g       .text	00000000 main



Disassembly of section .text:

00000000 <main>:
main():
C:\Users\Catalina\Documents\Universidad\1-2\FC2\Ensamblador\Problemas\ej03\Debug/../ej03.asm:33
x:  .word   5
y:  .word   10

.text               # sección de instrucciones
main:
	la t2, x
   0:	00010397          	auipc	t2,0x10
   4:	00038393          	mv	t2,t2
C:\Users\Catalina\Documents\Universidad\1-2\FC2\Ensamblador\Problemas\ej03\Debug/../ej03.asm:34
	lw t0, 0(t2)
   8:	0003a283          	lw	t0,0(t2) # 10000 <x>
C:\Users\Catalina\Documents\Universidad\1-2\FC2\Ensamblador\Problemas\ej03\Debug/../ej03.asm:36

	la t3, y
   c:	00010e17          	auipc	t3,0x10
  10:	ff8e0e13          	addi	t3,t3,-8 # 10004 <y>
C:\Users\Catalina\Documents\Universidad\1-2\FC2\Ensamblador\Problemas\ej03\Debug/../ej03.asm:37
	lw t1, 0(t3)
  14:	000e2303          	lw	t1,0(t3)

00000018 <if>:
if():
C:\Users\Catalina\Documents\Universidad\1-2\FC2\Ensamblador\Problemas\ej03\Debug/../ej03.asm:40

if:
	blt t0, t1, else
  18:	0062c863          	blt	t0,t1,28 <else>
C:\Users\Catalina\Documents\Universidad\1-2\FC2\Ensamblador\Problemas\ej03\Debug/../ej03.asm:41
	addi t0, t0, 2
  1c:	00228293          	addi	t0,t0,2
C:\Users\Catalina\Documents\Universidad\1-2\FC2\Ensamblador\Problemas\ej03\Debug/../ej03.asm:42
	addi t1, t1, 2
  20:	00230313          	addi	t1,t1,2
C:\Users\Catalina\Documents\Universidad\1-2\FC2\Ensamblador\Problemas\ej03\Debug/../ej03.asm:43
	j end
  24:	0100006f          	j	34 <end>

00000028 <else>:
else():
C:\Users\Catalina\Documents\Universidad\1-2\FC2\Ensamblador\Problemas\ej03\Debug/../ej03.asm:46

else:
	addi t0, t0, -2
  28:	ffe28293          	addi	t0,t0,-2
C:\Users\Catalina\Documents\Universidad\1-2\FC2\Ensamblador\Problemas\ej03\Debug/../ej03.asm:47
	addi t1, t1, -2
  2c:	ffe30313          	addi	t1,t1,-2
C:\Users\Catalina\Documents\Universidad\1-2\FC2\Ensamblador\Problemas\ej03\Debug/../ej03.asm:48
	j end
  30:	0040006f          	j	34 <end>

00000034 <end>:
end():
C:\Users\Catalina\Documents\Universidad\1-2\FC2\Ensamblador\Problemas\ej03\Debug/../ej03.asm:51

end:
	j .
  34:	0000006f          	j	34 <end>
