18:32:57 **** Incremental Build of configuration Debug for project ej05 ****
make all 
'Building file: ../ej05.asm'
'Invoking: GNU RISC-V Cross Assembler'
riscv64-unknown-elf-gcc -march=rv32im -mabi=ilp32 -msmall-data-limit=8 -mno-save-restore -O0 -fmessage-length=0 -fsigned-char -ffunction-sections -fdata-sections  -g3 -x assembler-with-cpp -MMD -MP -MF"ej05.d" -MT"ej05.o" -c -o "ej05.o" "../ej05.asm"
'Finished building: ../ej05.asm'
' '
'Building target: ej05.elf'
'Invoking: GNU RISC-V Cross C Linker'
riscv64-unknown-elf-gcc -march=rv32im -mabi=ilp32 -msmall-data-limit=8 -mno-save-restore -O0 -fmessage-length=0 -fsigned-char -ffunction-sections -fdata-sections  -g3 -T "C:\Users\Catalina\Documents\Universidad\1-2\FC2\Ensamblador\Problemas\ej05\ldscript.ld" -nostartfiles -Xlinker --gc-sections -Wl,-Map,"ej05.map" -o "ej05.elf"  ./ej05.o   
'Finished building target: ej05.elf'
' '
'Invoking: GNU RISC-V Cross Create Flash Image'
riscv64-unknown-elf-objcopy -O ihex "ej05.elf"  "ej05.hex"
'Finished building: ej05.hex'
' '
'Invoking: GNU RISC-V Cross Create Listing'
riscv64-unknown-elf-objdump --source --all-headers --demangle --disassemble --line-numbers --wide "ej05.elf" > "ej05.lst"
'Finished building: ej05.lst'
' '
'Invoking: GNU RISC-V Cross Print Size'
riscv64-unknown-elf-size --format=berkeley "ej05.elf"
   text	   data	    bss	    dec	    hex	filename
     48	      0	      0	     48	     30	ej05.elf
'Finished building: ej05.siz'
' '

18:33:02 Build Finished. 0 errors, 0 warnings. (took 4s.861ms)

