10:54:06 **** Incremental Build of configuration Debug for project ej02 ****
make all 
'Building file: ../ej02.asm'
'Invoking: GNU RISC-V Cross Assembler'
riscv64-unknown-elf-gcc -march=rv32im -mabi=ilp32 -msmall-data-limit=8 -mno-save-restore -O0 -fmessage-length=0 -fsigned-char -ffunction-sections -fdata-sections  -g3 -x assembler-with-cpp -MMD -MP -MF"ej02.d" -MT"ej02.o" -c -o "ej02.o" "../ej02.asm"
'Finished building: ../ej02.asm'
' '
'Building target: ej02.elf'
'Invoking: GNU RISC-V Cross C Linker'
riscv64-unknown-elf-gcc -march=rv32im -mabi=ilp32 -msmall-data-limit=8 -mno-save-restore -O0 -fmessage-length=0 -fsigned-char -ffunction-sections -fdata-sections  -g3 -T "C:\Users\Catalina\Documents\Universidad\1-2\FC2\Ensamblador\Problemas\ej02\ldscript.ld" -nostartfiles -Xlinker --gc-sections -Wl,-Map,"ej02.map" -o "ej02.elf"  ./ej02.o   
'Finished building target: ej02.elf'
' '
'Invoking: GNU RISC-V Cross Create Flash Image'
riscv64-unknown-elf-objcopy -O ihex "ej02.elf"  "ej02.hex"
'Finished building: ej02.hex'
' '
'Invoking: GNU RISC-V Cross Create Listing'
riscv64-unknown-elf-objdump --source --all-headers --demangle --disassemble --line-numbers --wide "ej02.elf" > "ej02.lst"
'Finished building: ej02.lst'
' '
'Invoking: GNU RISC-V Cross Print Size'
riscv64-unknown-elf-size --format=berkeley "ej02.elf"
   text	   data	    bss	    dec	    hex	filename
     48	      8	      0	     56	     38	ej02.elf
'Finished building: ej02.siz'
' '
10:54:17 **** Incremental Build of configuration Debug for project ej02 ****
make all 
'Invoking: GNU RISC-V Cross Print Size'
riscv64-unknown-elf-size --format=berkeley "ej02.elf"
   text	   data	    bss	    dec	    hex	filename
     48	      8	      0	     56	     38	ej02.elf
'Finished building: ej02.siz'
' '
10:54:58 **** Incremental Build of configuration Debug for project ej02 ****
make all 
'Building file: ../ej02.asm'
'Invoking: GNU RISC-V Cross Assembler'
riscv64-unknown-elf-gcc -march=rv32im -mabi=ilp32 -msmall-data-limit=8 -mno-save-restore -O0 -fmessage-length=0 -fsigned-char -ffunction-sections -fdata-sections  -g3 -x assembler-with-cpp -MMD -MP -MF"ej02.d" -MT"ej02.o" -c -o "ej02.o" "../ej02.asm"
'Finished building: ../ej02.asm'
' '
'Building target: ej02.elf'
'Invoking: GNU RISC-V Cross C Linker'
riscv64-unknown-elf-gcc -march=rv32im -mabi=ilp32 -msmall-data-limit=8 -mno-save-restore -O0 -fmessage-length=0 -fsigned-char -ffunction-sections -fdata-sections  -g3 -T "C:\Users\Catalina\Documents\Universidad\1-2\FC2\Ensamblador\Problemas\ej02\ldscript.ld" -nostartfiles -Xlinker --gc-sections -Wl,-Map,"ej02.map" -o "ej02.elf"  ./ej02.o   
'Finished building target: ej02.elf'
' '
'Invoking: GNU RISC-V Cross Create Flash Image'
riscv64-unknown-elf-objcopy -O ihex "ej02.elf"  "ej02.hex"
'Finished building: ej02.hex'
' '
'Invoking: GNU RISC-V Cross Create Listing'
riscv64-unknown-elf-objdump --source --all-headers --demangle --disassemble --line-numbers --wide "ej02.elf" > "ej02.lst"
'Finished building: ej02.lst'
' '
'Invoking: GNU RISC-V Cross Print Size'
riscv64-unknown-elf-size --format=berkeley "ej02.elf"
   text	   data	    bss	    dec	    hex	filename
     48	      8	      0	     56	     38	ej02.elf
'Finished building: ej02.siz'
' '
10:55:29 **** Incremental Build of configuration Debug for project ej02 ****
make all 
'Invoking: GNU RISC-V Cross Print Size'
riscv64-unknown-elf-size --format=berkeley "ej02.elf"
   text	   data	    bss	    dec	    hex	filename
     48	      8	      0	     56	     38	ej02.elf
'Finished building: ej02.siz'
' '
