
Memory Configuration

Name             Origin             Length             Attributes
*default*        0x00000000         0xffffffff

Linker script and memory map

LOAD ./lab2.o
START GROUP
LOAD c:/eclipsearm/sourcery-g++-lite-arm-2011.03/bin/../lib/gcc/arm-none-eabi/4.5.2\libgcc.a
LOAD c:/eclipsearm/sourcery-g++-lite-arm-2011.03/bin/../lib/gcc/arm-none-eabi/4.5.2/../../../../arm-none-eabi/lib\libc.a
END GROUP
                0x0c100000                . = 0xc100000

.text           0x0c100000       0x78
 *(.text)
 .text          0x0c100000       0x78 ./lab2.o
                0x0c100000                main

.glue_7         0x0c100078        0x0
 .glue_7        0x00000000        0x0 linker stubs

.glue_7t        0x0c100078        0x0
 .glue_7t       0x00000000        0x0 linker stubs

.vfp11_veneer   0x0c100078        0x0
 .vfp11_veneer  0x00000000        0x0 linker stubs

.v4_bx          0x0c100078        0x0
 .v4_bx         0x00000000        0x0 linker stubs

.rodata
 *(.rodata)

.data           0x0c100078        0x0
 *(.data)
 .data          0x0c100078        0x0 ./lab2.o

.bss            0x0c100078        0x0
 *(.bss)
 .bss           0x0c100078        0x0 ./lab2.o
                0x0c100078                end = .
OUTPUT(lab2.elf elf32-littlearm)

.debug_abbrev   0x00000000       0x2b
 .debug_abbrev  0x00000000       0x2b ./lab2.o

.debug_info     0x00000000       0x3f
 .debug_info    0x00000000       0x3f ./lab2.o

.debug_line     0x00000000       0x41
 .debug_line    0x00000000       0x41 ./lab2.o

.debug_macinfo  0x00000000     0x21e6
 .debug_macinfo
                0x00000000     0x21e6 ./lab2.o

.debug_loc      0x00000000       0x2c
 .debug_loc     0x00000000       0x2c ./lab2.o

.debug_pubnames
                0x00000000       0x1b
 .debug_pubnames
                0x00000000       0x1b ./lab2.o

.debug_aranges  0x00000000       0x20
 .debug_aranges
                0x00000000       0x20 ./lab2.o

.debug_str      0x00000000       0x61
 .debug_str     0x00000000       0x61 ./lab2.o

.comment        0x00000000       0x2a
 .comment       0x00000000       0x2a ./lab2.o
                                 0x2b (size before relaxing)

.ARM.attributes
                0x00000000       0x32
 .ARM.attributes
                0x00000000       0x32 ./lab2.o

.debug_frame    0x00000000       0x30
 .debug_frame   0x00000000       0x30 ./lab2.o
