Archive member included because of file (symbol)

../../BSP/Debug\libBSP.a(uart.o)
                              ./lab4.o (uart0_init)
c:/eclipsearm/sourcery-g++-lite-arm-2011.03/bin/../lib/gcc/arm-none-eabi/4.5.2/../../../../arm-none-eabi/lib\libc.a(lib_a-atoi.o)
                              ../../BSP/Debug\libBSP.a(uart.o) (atoi)
c:/eclipsearm/sourcery-g++-lite-arm-2011.03/bin/../lib/gcc/arm-none-eabi/4.5.2/../../../../arm-none-eabi/lib\libc.a(lib_a-strtol.o)
                              c:/eclipsearm/sourcery-g++-lite-arm-2011.03/bin/../lib/gcc/arm-none-eabi/4.5.2/../../../../arm-none-eabi/lib\libc.a(lib_a-atoi.o) (_strtol_r)
c:/eclipsearm/sourcery-g++-lite-arm-2011.03/bin/../lib/gcc/arm-none-eabi/4.5.2/../../../../arm-none-eabi/lib\libc.a(lib_a-ctype_.o)
                              c:/eclipsearm/sourcery-g++-lite-arm-2011.03/bin/../lib/gcc/arm-none-eabi/4.5.2/../../../../arm-none-eabi/lib\libc.a(lib_a-strtol.o) (__ctype_ptr__)
c:/eclipsearm/sourcery-g++-lite-arm-2011.03/bin/../lib/gcc/arm-none-eabi/4.5.2/../../../../arm-none-eabi/lib\libc.a(lib_a-impure.o)
                              c:/eclipsearm/sourcery-g++-lite-arm-2011.03/bin/../lib/gcc/arm-none-eabi/4.5.2/../../../../arm-none-eabi/lib\libc.a(lib_a-strtol.o) (_impure_ptr)
c:/eclipsearm/sourcery-g++-lite-arm-2011.03/bin/../lib/gcc/arm-none-eabi/4.5.2\libgcc.a(_udivsi3.o)
                              c:/eclipsearm/sourcery-g++-lite-arm-2011.03/bin/../lib/gcc/arm-none-eabi/4.5.2/../../../../arm-none-eabi/lib\libc.a(lib_a-strtol.o) (__aeabi_uidiv)
c:/eclipsearm/sourcery-g++-lite-arm-2011.03/bin/../lib/gcc/arm-none-eabi/4.5.2\libgcc.a(_dvmd_tls.o)
                              c:/eclipsearm/sourcery-g++-lite-arm-2011.03/bin/../lib/gcc/arm-none-eabi/4.5.2\libgcc.a(_udivsi3.o) (__aeabi_idiv0)

Memory Configuration

Name             Origin             Length             Attributes
*default*        0x00000000         0xffffffff

Linker script and memory map

LOAD ./lab4.o
LOAD ./systemLab4.o
LOAD ../../BSP/Debug\libBSP.a
START GROUP
LOAD c:/eclipsearm/sourcery-g++-lite-arm-2011.03/bin/../lib/gcc/arm-none-eabi/4.5.2\libgcc.a
LOAD c:/eclipsearm/sourcery-g++-lite-arm-2011.03/bin/../lib/gcc/arm-none-eabi/4.5.2/../../../../arm-none-eabi/lib\libc.a
END GROUP
                0x0c100000                . = 0xc100000

.text           0x0c100000      0xc64
 *(.text)
 .text          0x0c100000      0x32c ./lab4.o
                0x0c100000                main
 .text          0x0c10032c      0x224 ./systemLab4.o
                0x0c1004b4                sys_init
 .text          0x0c100550      0x3d8 ../../BSP/Debug\libBSP.a(uart.o)
                0x0c100550                uart0_init
                0x0c1005b4                uart0_putchar
                0x0c100604                uart0_getchar
                0x0c10063c                uart0_puts
                0x0c10068c                uart0_putint
                0x0c100790                uart0_puthex
                0x0c100848                uart0_gets
                0x0c1008a8                uart0_getint
                0x0c1008e4                uart0_gethex
 .text          0x0c100928       0x30 c:/eclipsearm/sourcery-g++-lite-arm-2011.03/bin/../lib/gcc/arm-none-eabi/4.5.2/../../../../arm-none-eabi/lib\libc.a(lib_a-atoi.o)
                0x0c100928                atoi
                0x0c100940                _atoi_r
 .text          0x0c100958      0x1f4 c:/eclipsearm/sourcery-g++-lite-arm-2011.03/bin/../lib/gcc/arm-none-eabi/4.5.2/../../../../arm-none-eabi/lib\libc.a(lib_a-strtol.o)
                0x0c100958                _strtol_r
                0x0c100b20                strtol
 .text          0x0c100b4c        0x0 c:/eclipsearm/sourcery-g++-lite-arm-2011.03/bin/../lib/gcc/arm-none-eabi/4.5.2/../../../../arm-none-eabi/lib\libc.a(lib_a-ctype_.o)
 .text          0x0c100b4c        0x0 c:/eclipsearm/sourcery-g++-lite-arm-2011.03/bin/../lib/gcc/arm-none-eabi/4.5.2/../../../../arm-none-eabi/lib\libc.a(lib_a-impure.o)
 .text          0x0c100b4c      0x114 c:/eclipsearm/sourcery-g++-lite-arm-2011.03/bin/../lib/gcc/arm-none-eabi/4.5.2\libgcc.a(_udivsi3.o)
                0x0c100b4c                __aeabi_uidiv
                0x0c100b4c                __udivsi3
                0x0c100c40                __aeabi_uidivmod
 .text          0x0c100c60        0x4 c:/eclipsearm/sourcery-g++-lite-arm-2011.03/bin/../lib/gcc/arm-none-eabi/4.5.2\libgcc.a(_dvmd_tls.o)
                0x0c100c60                __aeabi_idiv0
                0x0c100c60                __aeabi_ldiv0

.glue_7         0x0c100c64        0x0
 .glue_7        0x00000000        0x0 linker stubs

.glue_7t        0x0c100c64        0x0
 .glue_7t       0x00000000        0x0 linker stubs

.vfp11_veneer   0x0c100c64        0x0
 .vfp11_veneer  0x00000000        0x0 linker stubs

.v4_bx          0x0c100c64        0x0
 .v4_bx         0x00000000        0x0 linker stubs

.rodata         0x0c100c64      0x3e8
 *(.rodata)
 .rodata        0x0c100c64      0x2e0 ./lab4.o
 .rodata        0x0c100f44      0x104 c:/eclipsearm/sourcery-g++-lite-arm-2011.03/bin/../lib/gcc/arm-none-eabi/4.5.2/../../../../arm-none-eabi/lib\libc.a(lib_a-ctype_.o)
                0x0c100f44                _ctype_
 .rodata        0x0c101048        0x4 c:/eclipsearm/sourcery-g++-lite-arm-2011.03/bin/../lib/gcc/arm-none-eabi/4.5.2/../../../../arm-none-eabi/lib\libc.a(lib_a-impure.o)
                0x0c101048                _global_impure_ptr

.rodata.str1.4  0x0c10104c        0x4
 .rodata.str1.4
                0x0c10104c        0x4 c:/eclipsearm/sourcery-g++-lite-arm-2011.03/bin/../lib/gcc/arm-none-eabi/4.5.2/../../../../arm-none-eabi/lib\libc.a(lib_a-impure.o)

.data           0x0c101050      0x438
 *(.data)
 .data          0x0c101050        0x0 ./lab4.o
 .data          0x0c101050        0x0 ./systemLab4.o
 .data          0x0c101050        0x0 ../../BSP/Debug\libBSP.a(uart.o)
 .data          0x0c101050        0x0 c:/eclipsearm/sourcery-g++-lite-arm-2011.03/bin/../lib/gcc/arm-none-eabi/4.5.2/../../../../arm-none-eabi/lib\libc.a(lib_a-atoi.o)
 .data          0x0c101050        0x0 c:/eclipsearm/sourcery-g++-lite-arm-2011.03/bin/../lib/gcc/arm-none-eabi/4.5.2/../../../../arm-none-eabi/lib\libc.a(lib_a-strtol.o)
 .data          0x0c101050        0x4 c:/eclipsearm/sourcery-g++-lite-arm-2011.03/bin/../lib/gcc/arm-none-eabi/4.5.2/../../../../arm-none-eabi/lib\libc.a(lib_a-ctype_.o)
                0x0c101050                __ctype_ptr__
 *fill*         0x0c101054        0x4 00
 .data          0x0c101058      0x430 c:/eclipsearm/sourcery-g++-lite-arm-2011.03/bin/../lib/gcc/arm-none-eabi/4.5.2/../../../../arm-none-eabi/lib\libc.a(lib_a-impure.o)
                0x0c101058                _impure_ptr
 .data          0x0c101488        0x0 c:/eclipsearm/sourcery-g++-lite-arm-2011.03/bin/../lib/gcc/arm-none-eabi/4.5.2\libgcc.a(_udivsi3.o)
 .data          0x0c101488        0x0 c:/eclipsearm/sourcery-g++-lite-arm-2011.03/bin/../lib/gcc/arm-none-eabi/4.5.2\libgcc.a(_dvmd_tls.o)

.bss            0x0c101488        0x0
 *(.bss)
 .bss           0x0c101488        0x0 ./lab4.o
 .bss           0x0c101488        0x0 ./systemLab4.o
 .bss           0x0c101488        0x0 ../../BSP/Debug\libBSP.a(uart.o)
 .bss           0x0c101488        0x0 c:/eclipsearm/sourcery-g++-lite-arm-2011.03/bin/../lib/gcc/arm-none-eabi/4.5.2/../../../../arm-none-eabi/lib\libc.a(lib_a-atoi.o)
 .bss           0x0c101488        0x0 c:/eclipsearm/sourcery-g++-lite-arm-2011.03/bin/../lib/gcc/arm-none-eabi/4.5.2/../../../../arm-none-eabi/lib\libc.a(lib_a-strtol.o)
 .bss           0x0c101488        0x0 c:/eclipsearm/sourcery-g++-lite-arm-2011.03/bin/../lib/gcc/arm-none-eabi/4.5.2/../../../../arm-none-eabi/lib\libc.a(lib_a-ctype_.o)
 .bss           0x0c101488        0x0 c:/eclipsearm/sourcery-g++-lite-arm-2011.03/bin/../lib/gcc/arm-none-eabi/4.5.2/../../../../arm-none-eabi/lib\libc.a(lib_a-impure.o)
 .bss           0x0c101488        0x0 c:/eclipsearm/sourcery-g++-lite-arm-2011.03/bin/../lib/gcc/arm-none-eabi/4.5.2\libgcc.a(_udivsi3.o)
 .bss           0x0c101488        0x0 c:/eclipsearm/sourcery-g++-lite-arm-2011.03/bin/../lib/gcc/arm-none-eabi/4.5.2\libgcc.a(_dvmd_tls.o)
                0x0c101488                end = .
OUTPUT(lab4.elf elf32-littlearm)

.debug_abbrev   0x00000000      0x1cf
 .debug_abbrev  0x00000000       0x64 ./lab4.o
 .debug_abbrev  0x00000064       0x61 ./systemLab4.o
 .debug_abbrev  0x000000c5      0x10a ../../BSP/Debug\libBSP.a(uart.o)

.debug_info     0x00000000      0x3a0
 .debug_info    0x00000000       0xa0 ./lab4.o
 .debug_info    0x000000a0       0x96 ./systemLab4.o
 .debug_info    0x00000136      0x26a ../../BSP/Debug\libBSP.a(uart.o)

.debug_line     0x00000000      0x237
 .debug_line    0x00000000       0xc3 ./lab4.o
 .debug_line    0x000000c3       0xa5 ./systemLab4.o
 .debug_line    0x00000168       0xcf ../../BSP/Debug\libBSP.a(uart.o)

.debug_macinfo  0x00000000     0xa97b
 .debug_macinfo
                0x00000000     0x235f ./lab4.o
 .debug_macinfo
                0x0000235f     0x430f ./systemLab4.o
 .debug_macinfo
                0x0000666e     0x430d ../../BSP/Debug\libBSP.a(uart.o)

.debug_loc      0x00000000      0x210
 .debug_loc     0x00000000       0x2c ./lab4.o
 .debug_loc     0x0000002c       0x58 ./systemLab4.o
 .debug_loc     0x00000084      0x18c ../../BSP/Debug\libBSP.a(uart.o)

.debug_pubnames
                0x00000000       0xe1
 .debug_pubnames
                0x00000000       0x1b ./lab4.o
 .debug_pubnames
                0x0000001b       0x1f ./systemLab4.o
 .debug_pubnames
                0x0000003a       0xa7 ../../BSP/Debug\libBSP.a(uart.o)

.debug_pubtypes
                0x00000000       0x60
 .debug_pubtypes
                0x00000000       0x12 ./lab4.o
 .debug_pubtypes
                0x00000012       0x1d ./systemLab4.o
 .debug_pubtypes
                0x0000002f       0x31 ../../BSP/Debug\libBSP.a(uart.o)

.debug_aranges  0x00000000       0x60
 .debug_aranges
                0x00000000       0x20 ./lab4.o
 .debug_aranges
                0x00000020       0x20 ./systemLab4.o
 .debug_aranges
                0x00000040       0x20 ../../BSP/Debug\libBSP.a(uart.o)

.debug_str      0x00000000      0x1bd
 .debug_str     0x00000000       0xb1 ./lab4.o
                                 0xcf (size before relaxing)
 .debug_str     0x000000b1       0x2a ./systemLab4.o
                                 0xe5 (size before relaxing)
 .debug_str     0x000000db       0xe2 ../../BSP/Debug\libBSP.a(uart.o)
                                0x169 (size before relaxing)

.comment        0x00000000       0x2a
 .comment       0x00000000       0x2a ./lab4.o
                                 0x2b (size before relaxing)
 .comment       0x00000000       0x2b ./systemLab4.o
 .comment       0x00000000       0x2b ../../BSP/Debug\libBSP.a(uart.o)

.ARM.attributes
                0x00000000       0x32
 .ARM.attributes
                0x00000000       0x32 ./lab4.o
 .ARM.attributes
                0x00000032       0x32 ./systemLab4.o
 .ARM.attributes
                0x00000064       0x32 ../../BSP/Debug\libBSP.a(uart.o)
 .ARM.attributes
                0x00000096       0x34 c:/eclipsearm/sourcery-g++-lite-arm-2011.03/bin/../lib/gcc/arm-none-eabi/4.5.2/../../../../arm-none-eabi/lib\libc.a(lib_a-atoi.o)
 .ARM.attributes
                0x000000ca       0x34 c:/eclipsearm/sourcery-g++-lite-arm-2011.03/bin/../lib/gcc/arm-none-eabi/4.5.2/../../../../arm-none-eabi/lib\libc.a(lib_a-strtol.o)
 .ARM.attributes
                0x000000fe       0x34 c:/eclipsearm/sourcery-g++-lite-arm-2011.03/bin/../lib/gcc/arm-none-eabi/4.5.2/../../../../arm-none-eabi/lib\libc.a(lib_a-ctype_.o)
 .ARM.attributes
                0x00000132       0x34 c:/eclipsearm/sourcery-g++-lite-arm-2011.03/bin/../lib/gcc/arm-none-eabi/4.5.2/../../../../arm-none-eabi/lib\libc.a(lib_a-impure.o)
 .ARM.attributes
                0x00000166       0x1a c:/eclipsearm/sourcery-g++-lite-arm-2011.03/bin/../lib/gcc/arm-none-eabi/4.5.2\libgcc.a(_udivsi3.o)
 .ARM.attributes
                0x00000180       0x18 c:/eclipsearm/sourcery-g++-lite-arm-2011.03/bin/../lib/gcc/arm-none-eabi/4.5.2\libgcc.a(_dvmd_tls.o)

.debug_frame    0x00000000      0x264
 .debug_frame   0x00000000       0x30 ./lab4.o
 .debug_frame   0x00000030       0x50 ./systemLab4.o
 .debug_frame   0x00000080      0x130 ../../BSP/Debug\libBSP.a(uart.o)
 .debug_frame   0x000001b0       0x40 c:/eclipsearm/sourcery-g++-lite-arm-2011.03/bin/../lib/gcc/arm-none-eabi/4.5.2/../../../../arm-none-eabi/lib\libc.a(lib_a-atoi.o)
 .debug_frame   0x000001f0       0x54 c:/eclipsearm/sourcery-g++-lite-arm-2011.03/bin/../lib/gcc/arm-none-eabi/4.5.2/../../../../arm-none-eabi/lib\libc.a(lib_a-strtol.o)
 .debug_frame   0x00000244       0x20 c:/eclipsearm/sourcery-g++-lite-arm-2011.03/bin/../lib/gcc/arm-none-eabi/4.5.2\libgcc.a(_udivsi3.o)
