
Discarded input sections

 .text          0x0000000000000000        0x0 ./pr3_a.o

Memory Configuration

Name             Origin             Length             Attributes
*default*        0x0000000000000000 0xffffffffffffffff

Linker script and memory map

LOAD ./pr3_a.o
LOAD c:/programas/eclipse/sysgcc/bin/../lib/gcc/riscv64-unknown-elf/10.1.0/rv32im/ilp32\libgcc.a
START GROUP
LOAD c:/programas/eclipse/sysgcc/bin/../lib/gcc/riscv64-unknown-elf/10.1.0/../../../../riscv64-unknown-elf/lib/rv32im/ilp32\libc.a
LOAD c:/programas/eclipse/sysgcc/bin/../lib/gcc/riscv64-unknown-elf/10.1.0/../../../../riscv64-unknown-elf/lib/rv32im/ilp32\libgloss.a
END GROUP
LOAD c:/programas/eclipse/sysgcc/bin/../lib/gcc/riscv64-unknown-elf/10.1.0/rv32im/ilp32\libgcc.a
                0x0000000000000000                . = 0x0

.text
 *(.text)
                0x0000000000010000                . = 0x10000

.data           0x0000000000010000       0x20
 *(.data)
 .data          0x0000000000010000       0x20 ./pr3_a.o

.bss            0x0000000000010020       0xd4
 *(.bss)
 .bss           0x0000000000010020       0xd4 ./pr3_a.o
                0x0000000000010024                main

.rela.dyn       0x00000000000100f4        0x0
 .rela.bss      0x00000000000100f4        0x0 ./pr3_a.o

.rodata
 *(.rodata)
                [!provide]                        PROVIDE (_stack = 0x20000)
OUTPUT(pr3_a.elf elf32-littleriscv)

.riscv.attributes
                0x0000000000000000       0x1f
 .riscv.attributes
                0x0000000000000000       0x1f ./pr3_a.o

.debug_line     0x0000000000000000      0x14b
 .debug_line    0x0000000000000000      0x14b ./pr3_a.o

.debug_info     0x0000000000000000       0x26
 .debug_info    0x0000000000000000       0x26 ./pr3_a.o

.debug_abbrev   0x0000000000000000       0x14
 .debug_abbrev  0x0000000000000000       0x14 ./pr3_a.o

.debug_aranges  0x0000000000000000       0x20
 .debug_aranges
                0x0000000000000000       0x20 ./pr3_a.o

.debug_str      0x0000000000000000       0x70
 .debug_str     0x0000000000000000       0x70 ./pr3_a.o
