
Memory Configuration

Name             Origin             Length             Attributes
*default*        0x0000000000000000 0xffffffffffffffff

Linker script and memory map

LOAD ./pr3_a.o
LOAD c:/eclipse/sysgcc/bin/../lib/gcc/riscv64-unknown-elf/10.1.0/rv32im/ilp32\libgcc.a
START GROUP
LOAD c:/eclipse/sysgcc/bin/../lib/gcc/riscv64-unknown-elf/10.1.0/../../../../riscv64-unknown-elf/lib/rv32im/ilp32\libc.a
LOAD c:/eclipse/sysgcc/bin/../lib/gcc/riscv64-unknown-elf/10.1.0/../../../../riscv64-unknown-elf/lib/rv32im/ilp32\libgloss.a
END GROUP
LOAD c:/eclipse/sysgcc/bin/../lib/gcc/riscv64-unknown-elf/10.1.0/rv32im/ilp32\libgcc.a
                0x0000000000000000                . = 0x0

.text           0x0000000000000000      0x11c
 *(.text)
 .text          0x0000000000000000      0x11c ./pr3_a.o
                0x0000000000000000                main

.rela.dyn       0x000000000000011c        0x0
 .rela.text     0x000000000000011c        0x0 ./pr3_a.o
                0x0000000000010000                . = 0x10000

.data           0x0000000000010000       0x20
 *(.data)
 .data          0x0000000000010000       0x20 ./pr3_a.o

.bss            0x0000000000010020        0x4
 *(.bss)
 .bss           0x0000000000010020        0x4 ./pr3_a.o

.rodata
 *(.rodata)
                0x0000000000020000                PROVIDE (_stack = 0x20000)
OUTPUT(pr3_a.elf elf32-littleriscv)

.riscv.attributes
                0x0000000000000000       0x1f
 .riscv.attributes
                0x0000000000000000       0x1f ./pr3_a.o

.debug_line     0x0000000000000000      0x1bd
 .debug_line    0x0000000000000000      0x1bd ./pr3_a.o

.debug_info     0x0000000000000000       0x26
 .debug_info    0x0000000000000000       0x26 ./pr3_a.o

.debug_abbrev   0x0000000000000000       0x14
 .debug_abbrev  0x0000000000000000       0x14 ./pr3_a.o

.debug_aranges  0x0000000000000000       0x20
 .debug_aranges
                0x0000000000000000       0x20 ./pr3_a.o

.debug_str      0x0000000000000000       0x70
 .debug_str     0x0000000000000000       0x70 ./pr3_a.o
