
ej04.elf:     file format elf32-littleriscv
ej04.elf
architecture: riscv:rv32, flags 0x00000112:
EXEC_P, HAS_SYMS, D_PAGED
start address 0x00000000

Program Header:
    LOAD off    0x00001000 vaddr 0x00000000 paddr 0x00000000 align 2**12
         filesz 0x00000030 memsz 0x00000030 flags r-x
    LOAD off    0x00000000 vaddr 0x00010000 paddr 0x00010000 align 2**12
         filesz 0x00000000 memsz 0x00000008 flags rw-

Sections:
Idx Name              Size      VMA       LMA       File off  Algn  Flags
  0 .text             00000030  00000000  00000000  00001000  2**2  CONTENTS, ALLOC, LOAD, READONLY, CODE
  1 .bss              00000008  00010000  00010000  00002000  2**0  ALLOC
  2 .riscv.attributes 0000001f  00000000  00000000  00001030  2**0  CONTENTS, READONLY
  3 .debug_line       00000072  00000000  00000000  0000104f  2**0  CONTENTS, READONLY, DEBUGGING, OCTETS
  4 .debug_info       00000026  00000000  00000000  000010c1  2**0  CONTENTS, READONLY, DEBUGGING, OCTETS
  5 .debug_abbrev     00000014  00000000  00000000  000010e7  2**0  CONTENTS, READONLY, DEBUGGING, OCTETS
  6 .debug_aranges    00000020  00000000  00000000  00001100  2**3  CONTENTS, READONLY, DEBUGGING, OCTETS
  7 .debug_str        0000006e  00000000  00000000  00001120  2**0  CONTENTS, READONLY, DEBUGGING, OCTETS
SYMBOL TABLE:
00000000 l    d  .text	00000000 .text
00010000 l    d  .bss	00000000 .bss
00000000 l    d  .riscv.attributes	00000000 .riscv.attributes
00000000 l    d  .debug_line	00000000 .debug_line
00000000 l    d  .debug_info	00000000 .debug_info
00000000 l    d  .debug_abbrev	00000000 .debug_abbrev
00000000 l    d  .debug_aranges	00000000 .debug_aranges
00000000 l    d  .debug_str	00000000 .debug_str
00000000 l    df *ABS*	00000000 ./ej04.o
00010000 l       .bss	00000000 a
00010004 l       .bss	00000000 b
00000020 l       .text	00000000 do
00000028 l       .text	00000000 while
0000002c l       .text	00000000 end
00000000 g       .text	00000000 main



Disassembly of section .text:

00000000 <main>:
main():
C:\Users\Catalina\Documents\Universidad\1-2\FC2\Ensamblador\FC2problemasWS\ej04\Debug/../ej04.asm:29
a: .space 4
b: .space 4

.text
main :
    la t1,a
   0:	00010317          	auipc	t1,0x10
   4:	00030313          	mv	t1,t1
C:\Users\Catalina\Documents\Universidad\1-2\FC2\Ensamblador\FC2problemasWS\ej04\Debug/../ej04.asm:30
    la t2,b
   8:	00010397          	auipc	t2,0x10
   c:	ffc38393          	addi	t2,t2,-4 # 10004 <b>
C:\Users\Catalina\Documents\Universidad\1-2\FC2\Ensamblador\FC2problemasWS\ej04\Debug/../ej04.asm:31
    li s1,81
  10:	05100493          	li	s1,81
C:\Users\Catalina\Documents\Universidad\1-2\FC2\Ensamblador\FC2problemasWS\ej04\Debug/../ej04.asm:32
    sw s1,0(t1)     # a = 81
  14:	00932023          	sw	s1,0(t1) # 10000 <a>
C:\Users\Catalina\Documents\Universidad\1-2\FC2\Ensamblador\FC2problemasWS\ej04\Debug/../ej04.asm:33
    li s2,18
  18:	01200913          	li	s2,18
C:\Users\Catalina\Documents\Universidad\1-2\FC2\Ensamblador\FC2problemasWS\ej04\Debug/../ej04.asm:34
    sw s2,0(t2)     # b = 18
  1c:	0123a023          	sw	s2,0(t2)

00000020 <do>:
do():
C:\Users\Catalina\Documents\Universidad\1-2\FC2\Ensamblador\FC2problemasWS\ej04\Debug/../ej04.asm:36
do:
    sub s1,s1,s2    # a=a-b
  20:	412484b3          	sub	s1,s1,s2
C:\Users\Catalina\Documents\Universidad\1-2\FC2\Ensamblador\FC2problemasWS\ej04\Debug/../ej04.asm:37
    sw  s1,0(t1)
  24:	00932023          	sw	s1,0(t1)

00000028 <while>:
while():
C:\Users\Catalina\Documents\Universidad\1-2\FC2\Ensamblador\FC2problemasWS\ej04\Debug/../ej04.asm:39
while :
    bgt s1,zero,do  # condición directa
  28:	fe904ce3          	bgtz	s1,20 <do>

0000002c <end>:
end():
C:\Users\Catalina\Documents\Universidad\1-2\FC2\Ensamblador\FC2problemasWS\ej04\Debug/../ej04.asm:41
end:
    j .
  2c:	0000006f          	j	2c <end>
