
ej10.elf:     file format elf32-littleriscv
ej10.elf
architecture: riscv:rv32, flags 0x00000112:
EXEC_P, HAS_SYMS, D_PAGED
start address 0x00000000

Program Header:
    LOAD off    0x00001000 vaddr 0x00000000 paddr 0x00000000 align 2**12
         filesz 0x00000048 memsz 0x00000048 flags r-x
    LOAD off    0x00002000 vaddr 0x00010000 paddr 0x00010000 align 2**12
         filesz 0x00000018 memsz 0x0000001c flags rw-

Sections:
Idx Name              Size      VMA       LMA       File off  Algn  Flags
  0 .text             00000048  00000000  00000000  00001000  2**2  CONTENTS, ALLOC, LOAD, READONLY, CODE
  1 .data             00000018  00010000  00010000  00002000  2**0  CONTENTS, ALLOC, LOAD, DATA
  2 .bss              00000004  00010018  00010018  00002018  2**0  ALLOC
  3 .riscv.attributes 0000001f  00000000  00000000  00002018  2**0  CONTENTS, READONLY
  4 .debug_line       00000096  00000000  00000000  00002037  2**0  CONTENTS, READONLY, DEBUGGING, OCTETS
  5 .debug_info       00000026  00000000  00000000  000020cd  2**0  CONTENTS, READONLY, DEBUGGING, OCTETS
  6 .debug_abbrev     00000014  00000000  00000000  000020f3  2**0  CONTENTS, READONLY, DEBUGGING, OCTETS
  7 .debug_aranges    00000020  00000000  00000000  00002108  2**3  CONTENTS, READONLY, DEBUGGING, OCTETS
  8 .debug_str        0000006e  00000000  00000000  00002128  2**0  CONTENTS, READONLY, DEBUGGING, OCTETS
SYMBOL TABLE:
00000000 l    d  .text	00000000 .text
00010000 l    d  .data	00000000 .data
00010018 l    d  .bss	00000000 .bss
00000000 l    d  .riscv.attributes	00000000 .riscv.attributes
00000000 l    d  .debug_line	00000000 .debug_line
00000000 l    d  .debug_info	00000000 .debug_info
00000000 l    d  .debug_abbrev	00000000 .debug_abbrev
00000000 l    d  .debug_aranges	00000000 .debug_aranges
00000000 l    d  .debug_str	00000000 .debug_str
00000000 l    df *ABS*	00000000 ./ej10.o
00000006 l       *ABS*	00000000 n
00010000 l       .data	00000000 v
00010018 l       .bss	00000000 count
00000014 l       .text	00000000 for
00000038 l       .text	00000000 fin_for
00000028 l       .text	00000000 if
00000030 l       .text	00000000 fin_if
00000044 l       .text	00000000 end
00000000 g       .text	00000000 main



Disassembly of section .text:

00000000 <main>:
main():
C:\Users\Catalina\Documents\Universidad\1-2\FC2\Ensamblador\FC2problemasWS\ej10\Debug/../ej10.asm:33
v:      .word -14,-1,-2,-7,-8,4
.bss
count:  .space 4
.text
main:
    la   t1,v           # t1 tiene la dirección base de v
   0:	00010317          	auipc	t1,0x10
   4:	00030313          	mv	t1,t1
C:\Users\Catalina\Documents\Universidad\1-2\FC2\Ensamblador\FC2problemasWS\ej10\Debug/../ej10.asm:34
    li   t2,n           # t2=n
   8:	00600393          	li	t2,6
C:\Users\Catalina\Documents\Universidad\1-2\FC2\Ensamblador\FC2problemasWS\ej10\Debug/../ej10.asm:35
    li   t3,0           # t3 es el índice
   c:	00000e13          	li	t3,0
C:\Users\Catalina\Documents\Universidad\1-2\FC2\Ensamblador\FC2problemasWS\ej10\Debug/../ej10.asm:36
    li   s2,0           # s2 =count=0
  10:	00000913          	li	s2,0

00000014 <for>:
for():
C:\Users\Catalina\Documents\Universidad\1-2\FC2\Ensamblador\FC2problemasWS\ej10\Debug/../ej10.asm:38
for:
    bge  t3,t2, fin_for
  14:	027e5263          	bge	t3,t2,38 <fin_for>
C:\Users\Catalina\Documents\Universidad\1-2\FC2\Ensamblador\FC2problemasWS\ej10\Debug/../ej10.asm:39
    slli t5, t3,2       # t5=i*4
  18:	002e1f13          	slli	t5,t3,0x2
C:\Users\Catalina\Documents\Universidad\1-2\FC2\Ensamblador\FC2problemasWS\ej10\Debug/../ej10.asm:40
    add  t5,t5,t1       # @=i*4+@b
  1c:	006f0f33          	add	t5,t5,t1
C:\Users\Catalina\Documents\Universidad\1-2\FC2\Ensamblador\FC2problemasWS\ej10\Debug/../ej10.asm:41
    lw   s1, 0(t5)      # @s1=v[i]
  20:	000f2483          	lw	s1,0(t5)
C:\Users\Catalina\Documents\Universidad\1-2\FC2\Ensamblador\FC2problemasWS\ej10\Debug/../ej10.asm:42
    li   t6,0           # t6=0
  24:	00000f93          	li	t6,0

00000028 <if>:
if():
C:\Users\Catalina\Documents\Universidad\1-2\FC2\Ensamblador\FC2problemasWS\ej10\Debug/../ej10.asm:44
if:
    ble  s1,t6, fin_if
  28:	009fd463          	bge	t6,s1,30 <fin_if>
C:\Users\Catalina\Documents\Universidad\1-2\FC2\Ensamblador\FC2problemasWS\ej10\Debug/../ej10.asm:45
    add  s2, s2,1
  2c:	00190913          	addi	s2,s2,1

00000030 <fin_if>:
fin_if():
C:\Users\Catalina\Documents\Universidad\1-2\FC2\Ensamblador\FC2problemasWS\ej10\Debug/../ej10.asm:47
fin_if:
    addi t3,t3,1
  30:	001e0e13          	addi	t3,t3,1
C:\Users\Catalina\Documents\Universidad\1-2\FC2\Ensamblador\FC2problemasWS\ej10\Debug/../ej10.asm:48
    j    for
  34:	fe1ff06f          	j	14 <for>

00000038 <fin_for>:
fin_for():
C:\Users\Catalina\Documents\Universidad\1-2\FC2\Ensamblador\FC2problemasWS\ej10\Debug/../ej10.asm:50
fin_for:
    la   t1,count
  38:	00010317          	auipc	t1,0x10
  3c:	fe030313          	addi	t1,t1,-32 # 10018 <count>
C:\Users\Catalina\Documents\Universidad\1-2\FC2\Ensamblador\FC2problemasWS\ej10\Debug/../ej10.asm:51
    sw   s2,0(t1)
  40:	01232023          	sw	s2,0(t1)

00000044 <end>:
end():
C:\Users\Catalina\Documents\Universidad\1-2\FC2\Ensamblador\FC2problemasWS\ej10\Debug/../ej10.asm:53
end:
    j .
  44:	0000006f          	j	44 <end>
