
Discarded input sections

 .data          0x0000000000000000        0x0 ./fun_asm.o
 .bss           0x0000000000000000        0x0 ./fun_asm.o
 .group         0x0000000000000000        0xc ./pr4.o
 .text          0x0000000000000000        0x0 ./pr4.o
 .data          0x0000000000000000        0x0 ./pr4.o
 .bss           0x0000000000000000        0x0 ./pr4.o

Memory Configuration

Name             Origin             Length             Attributes
*default*        0x0000000000000000 0xffffffffffffffff

Linker script and memory map

LOAD ./fun_asm.o
LOAD ./pr4.o
LOAD c:/programas/eclipse/sysgcc/bin/../lib/gcc/riscv64-unknown-elf/10.1.0/rv32im/ilp32\libgcc.a
START GROUP
LOAD c:/programas/eclipse/sysgcc/bin/../lib/gcc/riscv64-unknown-elf/10.1.0/../../../../riscv64-unknown-elf/lib/rv32im/ilp32\libc.a
LOAD c:/programas/eclipse/sysgcc/bin/../lib/gcc/riscv64-unknown-elf/10.1.0/../../../../riscv64-unknown-elf/lib/rv32im/ilp32\libgloss.a
END GROUP
LOAD c:/programas/eclipse/sysgcc/bin/../lib/gcc/riscv64-unknown-elf/10.1.0/rv32im/ilp32\libgcc.a
                0x0000000000000000                . = 0x0

.text           0x0000000000000000       0xf0
 *(.text)
 .text          0x0000000000000000       0xf0 ./fun_asm.o
                0x0000000000000000                mul
                0x0000000000000080                i_sqrt

.text.guardar   0x00000000000000f0       0x34
 .text.guardar  0x00000000000000f0       0x34 ./pr4.o
                0x00000000000000f0                guardar

.text.eucl_dist
                0x0000000000000124       0xa0
 .text.eucl_dist
                0x0000000000000124       0xa0 ./pr4.o
                0x0000000000000124                eucl_dist

.text.main      0x00000000000001c4       0x64
 .text.main     0x00000000000001c4       0x64 ./pr4.o
                0x00000000000001c4                main
                0x0000000000010000                . = 0x10000

.data
 *(.data)

.data.U         0x0000000000010000       0x14
 .data.U        0x0000000000010000       0x14 ./pr4.o
                0x0000000000010000                U

.data.V         0x0000000000010014       0x14
 .data.V        0x0000000000010014       0x14 ./pr4.o
                0x0000000000010014                V

.bss
 *(.bss)

.sbss.mayor_u   0x0000000000010028        0x1
 .sbss.mayor_u  0x0000000000010028        0x1 ./pr4.o
                0x0000000000010028                mayor_u

.rodata
 *(.rodata)
                [!provide]                        PROVIDE (_stack = 0x20000)
OUTPUT(pr4.elf elf32-littleriscv)

.riscv.attributes
                0x0000000000000000       0x21
 .riscv.attributes
                0x0000000000000000       0x1f ./fun_asm.o
 .riscv.attributes
                0x000000000000001f       0x21 ./pr4.o

.comment        0x0000000000000000       0x12
 .comment       0x0000000000000000       0x12 ./pr4.o
                                         0x13 (size before relaxing)

.debug_line     0x0000000000000000      0x2c1
 .debug_line    0x0000000000000000      0x1a2 ./fun_asm.o
 .debug_line    0x00000000000001a2      0x11f ./pr4.o

.debug_info     0x0000000000000000      0x189
 .debug_info    0x0000000000000000       0x26 ./fun_asm.o
 .debug_info    0x0000000000000026      0x163 ./pr4.o

.debug_abbrev   0x0000000000000000      0x123
 .debug_abbrev  0x0000000000000000       0x14 ./fun_asm.o
 .debug_abbrev  0x0000000000000014      0x10f ./pr4.o

.debug_aranges  0x0000000000000000       0x50
 .debug_aranges
                0x0000000000000000       0x20 ./fun_asm.o
 .debug_aranges
                0x0000000000000020       0x30 ./pr4.o

.debug_str      0x0000000000000000     0x2439
 .debug_str     0x0000000000000000       0x70 ./fun_asm.o
 .debug_str     0x0000000000000070     0x23c9 ./pr4.o
                                       0x2430 (size before relaxing)

.debug_ranges   0x0000000000000000       0x20
 .debug_ranges  0x0000000000000000       0x20 ./pr4.o

.debug_macro    0x0000000000000000      0x6ff
 .debug_macro   0x0000000000000000       0x17 ./pr4.o
 .debug_macro   0x0000000000000017      0x6e8 ./pr4.o

.debug_frame    0x0000000000000000       0x78
 .debug_frame   0x0000000000000000       0x78 ./pr4.o
