
pr4.elf:     file format elf32-littleriscv
pr4.elf
architecture: riscv:rv32, flags 0x00000112:
EXEC_P, HAS_SYMS, D_PAGED
start address 0x000001c4

Program Header:
    LOAD off    0x00001000 vaddr 0x00000000 paddr 0x00000000 align 2**12
         filesz 0x00000228 memsz 0x00000228 flags r-x
    LOAD off    0x00002000 vaddr 0x00010000 paddr 0x00010000 align 2**12
         filesz 0x00000028 memsz 0x00000029 flags rw-

Sections:
Idx Name              Size      VMA       LMA       File off  Algn  Flags
  0 .text             000000f0  00000000  00000000  00001000  2**2  CONTENTS, ALLOC, LOAD, READONLY, CODE
  1 .text.guardar     00000034  000000f0  000000f0  000010f0  2**2  CONTENTS, ALLOC, LOAD, READONLY, CODE
  2 .text.eucl_dist   000000a0  00000124  00000124  00001124  2**2  CONTENTS, ALLOC, LOAD, READONLY, CODE
  3 .text.main        00000064  000001c4  000001c4  000011c4  2**2  CONTENTS, ALLOC, LOAD, READONLY, CODE
  4 .data.U           00000014  00010000  00010000  00002000  2**2  CONTENTS, ALLOC, LOAD, DATA
  5 .data.V           00000014  00010014  00010014  00002014  2**2  CONTENTS, ALLOC, LOAD, DATA
  6 .sbss.mayor_u     00000001  00010028  00010028  00002028  2**0  ALLOC
  7 .riscv.attributes 00000021  00000000  00000000  00002028  2**0  CONTENTS, READONLY
  8 .comment          00000012  00000000  00000000  00002049  2**0  CONTENTS, READONLY
  9 .debug_line       000002c1  00000000  00000000  0000205b  2**0  CONTENTS, READONLY, DEBUGGING, OCTETS
 10 .debug_info       00000189  00000000  00000000  0000231c  2**0  CONTENTS, READONLY, DEBUGGING, OCTETS
 11 .debug_abbrev     00000123  00000000  00000000  000024a5  2**0  CONTENTS, READONLY, DEBUGGING, OCTETS
 12 .debug_aranges    00000050  00000000  00000000  000025c8  2**3  CONTENTS, READONLY, DEBUGGING, OCTETS
 13 .debug_str        00002439  00000000  00000000  00002618  2**0  CONTENTS, READONLY, DEBUGGING, OCTETS
 14 .debug_ranges     00000020  00000000  00000000  00004a51  2**0  CONTENTS, READONLY, DEBUGGING, OCTETS
 15 .debug_macro      000006ff  00000000  00000000  00004a71  2**0  CONTENTS, READONLY, DEBUGGING, OCTETS
 16 .debug_frame      00000078  00000000  00000000  00005170  2**2  CONTENTS, READONLY, DEBUGGING, OCTETS
SYMBOL TABLE:
00000000 l    d  .text	00000000 .text
000000f0 l    d  .text.guardar	00000000 .text.guardar
00000124 l    d  .text.eucl_dist	00000000 .text.eucl_dist
000001c4 l    d  .text.main	00000000 .text.main
00010000 l    d  .data.U	00000000 .data.U
00010014 l    d  .data.V	00000000 .data.V
00010028 l    d  .sbss.mayor_u	00000000 .sbss.mayor_u
00000000 l    d  .riscv.attributes	00000000 .riscv.attributes
00000000 l    d  .comment	00000000 .comment
00000000 l    d  .debug_line	00000000 .debug_line
00000000 l    d  .debug_info	00000000 .debug_info
00000000 l    d  .debug_abbrev	00000000 .debug_abbrev
00000000 l    d  .debug_aranges	00000000 .debug_aranges
00000000 l    d  .debug_str	00000000 .debug_str
00000000 l    d  .debug_ranges	00000000 .debug_ranges
00000000 l    d  .debug_macro	00000000 .debug_macro
00000000 l    d  .debug_frame	00000000 .debug_frame
00000000 l    df *ABS*	00000000 ./fun_asm.o
00000030 l       .text	00000000 if
0000003c l       .text	00000000 while
0000004c l       .text	00000000 if2
00000058 l       .text	00000000 else
0000005c l       .text	00000000 end_else
000000a8 l       .text	00000000 wh
000000c8 l       .text	00000000 ewhile
00000000 l    df *ABS*	00000000 pr4.c
00000124 g     F .text.eucl_dist	000000a0 eucl_dist
00000080 g       .text	00000000 i_sqrt
00010014 g     O .data.V	00000014 V
00000000 g       .text	00000000 mul
000001c4 g     F .text.main	00000064 main
00010028 g     O .sbss.mayor_u	00000001 mayor_u
00010000 g     O .data.U	00000014 U
000000f0 g     F .text.guardar	00000034 guardar



Disassembly of section .text:

00000000 <mul>:
mul():
C:\Users\Catalina\Documents\Universidad\1-2\FC2\Ensamblador\FC2practicasWS\pr4\Debug/../fun_asm.asm:82
	sb a0, 0(a1)			//guardamos en a0 para devolverlo -- usar sb!
	ret
*/

mul:
	addi sp, sp, -28		// PRÓLOGO
   0:	fe410113          	addi	sp,sp,-28
C:\Users\Catalina\Documents\Universidad\1-2\FC2\Ensamblador\FC2practicasWS\pr4\Debug/../fun_asm.asm:83
	sw ra, 24(sp)
   4:	00112c23          	sw	ra,24(sp)
C:\Users\Catalina\Documents\Universidad\1-2\FC2\Ensamblador\FC2practicasWS\pr4\Debug/../fun_asm.asm:84
	sw s0, 20(sp)
   8:	00812a23          	sw	s0,20(sp)
C:\Users\Catalina\Documents\Universidad\1-2\FC2\Ensamblador\FC2practicasWS\pr4\Debug/../fun_asm.asm:85
	sw s1, 16(sp)
   c:	00912823          	sw	s1,16(sp)
C:\Users\Catalina\Documents\Universidad\1-2\FC2\Ensamblador\FC2practicasWS\pr4\Debug/../fun_asm.asm:86
	sw s2, 12(sp)
  10:	01212623          	sw	s2,12(sp)
C:\Users\Catalina\Documents\Universidad\1-2\FC2\Ensamblador\FC2practicasWS\pr4\Debug/../fun_asm.asm:87
	sw s3, 8(sp)
  14:	01312423          	sw	s3,8(sp)
C:\Users\Catalina\Documents\Universidad\1-2\FC2\Ensamblador\FC2practicasWS\pr4\Debug/../fun_asm.asm:88
	sw s4, 4(sp)
  18:	01412223          	sw	s4,4(sp)
C:\Users\Catalina\Documents\Universidad\1-2\FC2\Ensamblador\FC2practicasWS\pr4\Debug/../fun_asm.asm:89
	sw s5, 0(sp)
  1c:	01512023          	sw	s5,0(sp)
C:\Users\Catalina\Documents\Universidad\1-2\FC2\Ensamblador\FC2practicasWS\pr4\Debug/../fun_asm.asm:92

	//a=a0, b =a1
	li s4, 0	//res=s4
  20:	00000a13          	li	s4,0
C:\Users\Catalina\Documents\Universidad\1-2\FC2\Ensamblador\FC2practicasWS\pr4\Debug/../fun_asm.asm:93
	li s1, 0	//sign=s1
  24:	00000493          	li	s1,0
C:\Users\Catalina\Documents\Universidad\1-2\FC2\Ensamblador\FC2practicasWS\pr4\Debug/../fun_asm.asm:94
	mv s2, a0	//s2=a
  28:	00050913          	mv	s2,a0
C:\Users\Catalina\Documents\Universidad\1-2\FC2\Ensamblador\FC2practicasWS\pr4\Debug/../fun_asm.asm:95
	mv s3, a1	//s3=b
  2c:	00058993          	mv	s3,a1

00000030 <if>:
if():
C:\Users\Catalina\Documents\Universidad\1-2\FC2\Ensamblador\FC2practicasWS\pr4\Debug/../fun_asm.asm:97
	if:
		blt zero, s2, while	//condicion
  30:	01204663          	bgtz	s2,3c <while>
C:\Users\Catalina\Documents\Universidad\1-2\FC2\Ensamblador\FC2practicasWS\pr4\Debug/../fun_asm.asm:98
		addi s1, zero, 1
  34:	00100493          	li	s1,1
C:\Users\Catalina\Documents\Universidad\1-2\FC2\Ensamblador\FC2practicasWS\pr4\Debug/../fun_asm.asm:99
		sub s2, zero, s2 //a=-a
  38:	41200933          	neg	s2,s2

0000003c <while>:
while():
C:\Users\Catalina\Documents\Universidad\1-2\FC2\Ensamblador\FC2practicasWS\pr4\Debug/../fun_asm.asm:101
	while:
		bge zero, s2, if2	//condicion -- error
  3c:	01205863          	blez	s2,4c <if2>
C:\Users\Catalina\Documents\Universidad\1-2\FC2\Ensamblador\FC2practicasWS\pr4\Debug/../fun_asm.asm:102
		add s4, s4, s3
  40:	013a0a33          	add	s4,s4,s3
C:\Users\Catalina\Documents\Universidad\1-2\FC2\Ensamblador\FC2practicasWS\pr4\Debug/../fun_asm.asm:103
		addi s2, s2, -1
  44:	fff90913          	addi	s2,s2,-1
C:\Users\Catalina\Documents\Universidad\1-2\FC2\Ensamblador\FC2practicasWS\pr4\Debug/../fun_asm.asm:104
		j while
  48:	ff5ff06f          	j	3c <while>

0000004c <if2>:
if2():
C:\Users\Catalina\Documents\Universidad\1-2\FC2\Ensamblador\FC2practicasWS\pr4\Debug/../fun_asm.asm:106
	if2:
		bge	zero, s1, else	//condicion
  4c:	00905663          	blez	s1,58 <else>
C:\Users\Catalina\Documents\Universidad\1-2\FC2\Ensamblador\FC2practicasWS\pr4\Debug/../fun_asm.asm:107
		sub a0, zero, s4	//colocar -res en a0
  50:	41400533          	neg	a0,s4
C:\Users\Catalina\Documents\Universidad\1-2\FC2\Ensamblador\FC2practicasWS\pr4\Debug/../fun_asm.asm:108
		j end_else
  54:	0080006f          	j	5c <end_else>

00000058 <else>:
else():
C:\Users\Catalina\Documents\Universidad\1-2\FC2\Ensamblador\FC2practicasWS\pr4\Debug/../fun_asm.asm:111
	else:

	mv a0, s4			//colocar res en a0
  58:	000a0513          	mv	a0,s4

0000005c <end_else>:
end_else():
C:\Users\Catalina\Documents\Universidad\1-2\FC2\Ensamblador\FC2practicasWS\pr4\Debug/../fun_asm.asm:114

	end_else:
	lw ra, 24(sp)			// EPÍLOGO
  5c:	01812083          	lw	ra,24(sp)
C:\Users\Catalina\Documents\Universidad\1-2\FC2\Ensamblador\FC2practicasWS\pr4\Debug/../fun_asm.asm:115
	lw s0, 20(sp)
  60:	01412403          	lw	s0,20(sp)
C:\Users\Catalina\Documents\Universidad\1-2\FC2\Ensamblador\FC2practicasWS\pr4\Debug/../fun_asm.asm:116
	lw s1, 16(sp)
  64:	01012483          	lw	s1,16(sp)
C:\Users\Catalina\Documents\Universidad\1-2\FC2\Ensamblador\FC2practicasWS\pr4\Debug/../fun_asm.asm:117
	lw s2, 12(sp)
  68:	00c12903          	lw	s2,12(sp)
C:\Users\Catalina\Documents\Universidad\1-2\FC2\Ensamblador\FC2practicasWS\pr4\Debug/../fun_asm.asm:118
	lw s3, 8(sp)
  6c:	00812983          	lw	s3,8(sp)
C:\Users\Catalina\Documents\Universidad\1-2\FC2\Ensamblador\FC2practicasWS\pr4\Debug/../fun_asm.asm:119
	lw s4, 4(sp)
  70:	00412a03          	lw	s4,4(sp)
C:\Users\Catalina\Documents\Universidad\1-2\FC2\Ensamblador\FC2practicasWS\pr4\Debug/../fun_asm.asm:120
	lw s5, 0(sp)
  74:	00012a83          	lw	s5,0(sp)
C:\Users\Catalina\Documents\Universidad\1-2\FC2\Ensamblador\FC2practicasWS\pr4\Debug/../fun_asm.asm:121
	addi sp, sp, 28
  78:	01c10113          	addi	sp,sp,28
C:\Users\Catalina\Documents\Universidad\1-2\FC2\Ensamblador\FC2practicasWS\pr4\Debug/../fun_asm.asm:123

	ret
  7c:	00008067          	ret

00000080 <i_sqrt>:
i_sqrt():
C:\Users\Catalina\Documents\Universidad\1-2\FC2\Ensamblador\FC2practicasWS\pr4\Debug/../fun_asm.asm:126

i_sqrt:
	addi sp, sp, -28		// PRÓLOGO
  80:	fe410113          	addi	sp,sp,-28
C:\Users\Catalina\Documents\Universidad\1-2\FC2\Ensamblador\FC2practicasWS\pr4\Debug/../fun_asm.asm:127
	sw ra, 24(sp)
  84:	00112c23          	sw	ra,24(sp)
C:\Users\Catalina\Documents\Universidad\1-2\FC2\Ensamblador\FC2practicasWS\pr4\Debug/../fun_asm.asm:128
	sw s0, 20(sp)
  88:	00812a23          	sw	s0,20(sp)
C:\Users\Catalina\Documents\Universidad\1-2\FC2\Ensamblador\FC2practicasWS\pr4\Debug/../fun_asm.asm:129
	sw s1, 16(sp)
  8c:	00912823          	sw	s1,16(sp)
C:\Users\Catalina\Documents\Universidad\1-2\FC2\Ensamblador\FC2practicasWS\pr4\Debug/../fun_asm.asm:130
	sw s2, 12(sp)
  90:	01212623          	sw	s2,12(sp)
C:\Users\Catalina\Documents\Universidad\1-2\FC2\Ensamblador\FC2practicasWS\pr4\Debug/../fun_asm.asm:131
	sw s3, 8(sp)
  94:	01312423          	sw	s3,8(sp)
C:\Users\Catalina\Documents\Universidad\1-2\FC2\Ensamblador\FC2practicasWS\pr4\Debug/../fun_asm.asm:132
	sw s4, 4(sp)
  98:	01412223          	sw	s4,4(sp)
C:\Users\Catalina\Documents\Universidad\1-2\FC2\Ensamblador\FC2practicasWS\pr4\Debug/../fun_asm.asm:133
	sw s5, 0(sp)
  9c:	01512023          	sw	s5,0(sp)
C:\Users\Catalina\Documents\Universidad\1-2\FC2\Ensamblador\FC2practicasWS\pr4\Debug/../fun_asm.asm:135

	li s0, 0		//root = s0
  a0:	00000413          	li	s0,0
C:\Users\Catalina\Documents\Universidad\1-2\FC2\Ensamblador\FC2practicasWS\pr4\Debug/../fun_asm.asm:136
	mv s2, a0		//s2=a
  a4:	00050913          	mv	s2,a0

000000a8 <wh>:
wh():
C:\Users\Catalina\Documents\Universidad\1-2\FC2\Ensamblador\FC2practicasWS\pr4\Debug/../fun_asm.asm:140


	wh:
		mv a0, s0
  a8:	00040513          	mv	a0,s0
C:\Users\Catalina\Documents\Universidad\1-2\FC2\Ensamblador\FC2practicasWS\pr4\Debug/../fun_asm.asm:141
		mv a1, s0
  ac:	00040593          	mv	a1,s0
C:\Users\Catalina\Documents\Universidad\1-2\FC2\Ensamblador\FC2practicasWS\pr4\Debug/../fun_asm.asm:142
		call mul
  b0:	f51ff0ef          	jal	ra,0 <mul>
C:\Users\Catalina\Documents\Universidad\1-2\FC2\Ensamblador\FC2practicasWS\pr4\Debug/../fun_asm.asm:143
		mv s3, a0
  b4:	00050993          	mv	s3,a0
C:\Users\Catalina\Documents\Universidad\1-2\FC2\Ensamblador\FC2practicasWS\pr4\Debug/../fun_asm.asm:144
		mv s4, a1
  b8:	00058a13          	mv	s4,a1
C:\Users\Catalina\Documents\Universidad\1-2\FC2\Ensamblador\FC2practicasWS\pr4\Debug/../fun_asm.asm:145
		bge s3, s2, ewhile 	//condicion
  bc:	0129d663          	bge	s3,s2,c8 <ewhile>
C:\Users\Catalina\Documents\Universidad\1-2\FC2\Ensamblador\FC2practicasWS\pr4\Debug/../fun_asm.asm:146
		addi s0, s0, 1		//root++
  c0:	00140413          	addi	s0,s0,1
C:\Users\Catalina\Documents\Universidad\1-2\FC2\Ensamblador\FC2practicasWS\pr4\Debug/../fun_asm.asm:147
		j wh
  c4:	fe5ff06f          	j	a8 <wh>

000000c8 <ewhile>:
ewhile():
C:\Users\Catalina\Documents\Universidad\1-2\FC2\Ensamblador\FC2practicasWS\pr4\Debug/../fun_asm.asm:149
	ewhile:
	mv a0, s0
  c8:	00040513          	mv	a0,s0
C:\Users\Catalina\Documents\Universidad\1-2\FC2\Ensamblador\FC2practicasWS\pr4\Debug/../fun_asm.asm:150
	lw ra, 24(sp)			// EPÍLOGO
  cc:	01812083          	lw	ra,24(sp)
C:\Users\Catalina\Documents\Universidad\1-2\FC2\Ensamblador\FC2practicasWS\pr4\Debug/../fun_asm.asm:151
	lw s0, 20(sp)
  d0:	01412403          	lw	s0,20(sp)
C:\Users\Catalina\Documents\Universidad\1-2\FC2\Ensamblador\FC2practicasWS\pr4\Debug/../fun_asm.asm:152
	lw s1, 16(sp)
  d4:	01012483          	lw	s1,16(sp)
C:\Users\Catalina\Documents\Universidad\1-2\FC2\Ensamblador\FC2practicasWS\pr4\Debug/../fun_asm.asm:153
	lw s2, 12(sp)
  d8:	00c12903          	lw	s2,12(sp)
C:\Users\Catalina\Documents\Universidad\1-2\FC2\Ensamblador\FC2practicasWS\pr4\Debug/../fun_asm.asm:154
	lw s3, 8(sp)
  dc:	00812983          	lw	s3,8(sp)
C:\Users\Catalina\Documents\Universidad\1-2\FC2\Ensamblador\FC2practicasWS\pr4\Debug/../fun_asm.asm:155
	lw s4, 4(sp)
  e0:	00412a03          	lw	s4,4(sp)
C:\Users\Catalina\Documents\Universidad\1-2\FC2\Ensamblador\FC2practicasWS\pr4\Debug/../fun_asm.asm:156
	lw s5, 0(sp)
  e4:	00012a83          	lw	s5,0(sp)
C:\Users\Catalina\Documents\Universidad\1-2\FC2\Ensamblador\FC2practicasWS\pr4\Debug/../fun_asm.asm:157
	addi sp, sp, 28
  e8:	01c10113          	addi	sp,sp,28
C:\Users\Catalina\Documents\Universidad\1-2\FC2\Ensamblador\FC2practicasWS\pr4\Debug/../fun_asm.asm:158
	ret
  ec:	00008067          	ret

Disassembly of section .text.guardar:

000000f0 <guardar>:
guardar():
C:\Users\Catalina\Documents\Universidad\1-2\FC2\Ensamblador\FC2practicasWS\pr4\Debug/../pr4.c:27
char mayor_u;

/**
 * Función que guarda un valor en el puntero proporcionado
 */
void guardar(char valor, char * ubicación) {
  f0:	fe010113          	addi	sp,sp,-32
  f4:	00812e23          	sw	s0,28(sp)
  f8:	02010413          	addi	s0,sp,32
  fc:	00050793          	mv	a5,a0
 100:	feb42423          	sw	a1,-24(s0)
 104:	fef407a3          	sb	a5,-17(s0)
C:\Users\Catalina\Documents\Universidad\1-2\FC2\Ensamblador\FC2practicasWS\pr4\Debug/../pr4.c:28
	*ubicación = valor;
 108:	fe842783          	lw	a5,-24(s0)
 10c:	fef44703          	lbu	a4,-17(s0)
 110:	00e78023          	sb	a4,0(a5)
C:\Users\Catalina\Documents\Universidad\1-2\FC2\Ensamblador\FC2practicasWS\pr4\Debug/../pr4.c:29
}
 114:	00000013          	nop
 118:	01c12403          	lw	s0,28(sp)
 11c:	02010113          	addi	sp,sp,32
 120:	00008067          	ret

Disassembly of section .text.eucl_dist:

00000124 <eucl_dist>:
eucl_dist():
C:\Users\Catalina\Documents\Universidad\1-2\FC2\Ensamblador\FC2practicasWS\pr4\Debug/../pr4.c:67
*/
/**
 * Calculamos distancia euclídea. Sumamos todos los cuadrados
 * y terminamos sacando la raíz cuadrada (entera)
 */
int eucl_dist(int w [], int size) {
 124:	fd010113          	addi	sp,sp,-48
 128:	02112623          	sw	ra,44(sp)
 12c:	02812423          	sw	s0,40(sp)
 130:	03010413          	addi	s0,sp,48
 134:	fca42e23          	sw	a0,-36(s0)
 138:	fcb42c23          	sw	a1,-40(s0)
C:\Users\Catalina\Documents\Universidad\1-2\FC2\Ensamblador\FC2practicasWS\pr4\Debug/../pr4.c:68
	int acc = 0;
 13c:	fe042623          	sw	zero,-20(s0)
C:\Users\Catalina\Documents\Universidad\1-2\FC2\Ensamblador\FC2practicasWS\pr4\Debug/../pr4.c:69
	for (int i = 0; i < size; i++) {
 140:	fe042423          	sw	zero,-24(s0)
 144:	0540006f          	j	198 <eucl_dist+0x74>
C:\Users\Catalina\Documents\Universidad\1-2\FC2\Ensamblador\FC2practicasWS\pr4\Debug/../pr4.c:70 (discriminator 3)
		acc += mul(w[i], w[i]);
 148:	fe842783          	lw	a5,-24(s0)
 14c:	00279793          	slli	a5,a5,0x2
 150:	fdc42703          	lw	a4,-36(s0)
 154:	00f707b3          	add	a5,a4,a5
 158:	0007a683          	lw	a3,0(a5)
 15c:	fe842783          	lw	a5,-24(s0)
 160:	00279793          	slli	a5,a5,0x2
 164:	fdc42703          	lw	a4,-36(s0)
 168:	00f707b3          	add	a5,a4,a5
 16c:	0007a783          	lw	a5,0(a5)
 170:	00078593          	mv	a1,a5
 174:	00068513          	mv	a0,a3
 178:	e89ff0ef          	jal	ra,0 <mul>
 17c:	00050713          	mv	a4,a0
 180:	fec42783          	lw	a5,-20(s0)
 184:	00e787b3          	add	a5,a5,a4
 188:	fef42623          	sw	a5,-20(s0)
C:\Users\Catalina\Documents\Universidad\1-2\FC2\Ensamblador\FC2practicasWS\pr4\Debug/../pr4.c:69 (discriminator 3)
	for (int i = 0; i < size; i++) {
 18c:	fe842783          	lw	a5,-24(s0)
 190:	00178793          	addi	a5,a5,1
 194:	fef42423          	sw	a5,-24(s0)
C:\Users\Catalina\Documents\Universidad\1-2\FC2\Ensamblador\FC2practicasWS\pr4\Debug/../pr4.c:69 (discriminator 1)
 198:	fe842703          	lw	a4,-24(s0)
 19c:	fd842783          	lw	a5,-40(s0)
 1a0:	faf744e3          	blt	a4,a5,148 <eucl_dist+0x24>
C:\Users\Catalina\Documents\Universidad\1-2\FC2\Ensamblador\FC2practicasWS\pr4\Debug/../pr4.c:72
	}
	return i_sqrt(acc);
 1a4:	fec42503          	lw	a0,-20(s0)
 1a8:	ed9ff0ef          	jal	ra,80 <i_sqrt>
 1ac:	00050793          	mv	a5,a0
C:\Users\Catalina\Documents\Universidad\1-2\FC2\Ensamblador\FC2practicasWS\pr4\Debug/../pr4.c:73
}
 1b0:	00078513          	mv	a0,a5
 1b4:	02c12083          	lw	ra,44(sp)
 1b8:	02812403          	lw	s0,40(sp)
 1bc:	03010113          	addi	sp,sp,48
 1c0:	00008067          	ret

Disassembly of section .text.main:

000001c4 <main>:
main():
C:\Users\Catalina\Documents\Universidad\1-2\FC2\Ensamblador\FC2practicasWS\pr4\Debug/../pr4.c:78

/**
 * Punto de entrada al programa
 */
void main() {
 1c4:	fe010113          	addi	sp,sp,-32
 1c8:	00112e23          	sw	ra,28(sp)
 1cc:	00812c23          	sw	s0,24(sp)
 1d0:	02010413          	addi	s0,sp,32
C:\Users\Catalina\Documents\Universidad\1-2\FC2\Ensamblador\FC2practicasWS\pr4\Debug/../pr4.c:80
	//calculamos la distancia euclídea al origen
	int d_u = eucl_dist(U, N);
 1d4:	00500593          	li	a1,5
 1d8:	000107b7          	lui	a5,0x10
 1dc:	00078513          	mv	a0,a5
 1e0:	f45ff0ef          	jal	ra,124 <eucl_dist>
 1e4:	fea42623          	sw	a0,-20(s0)
C:\Users\Catalina\Documents\Universidad\1-2\FC2\Ensamblador\FC2practicasWS\pr4\Debug/../pr4.c:81
	int d_v = eucl_dist(V, N);
 1e8:	00500593          	li	a1,5
 1ec:	000107b7          	lui	a5,0x10
 1f0:	01478513          	addi	a0,a5,20 # 10014 <V>
 1f4:	f31ff0ef          	jal	ra,124 <eucl_dist>
 1f8:	fea42423          	sw	a0,-24(s0)
C:\Users\Catalina\Documents\Universidad\1-2\FC2\Ensamblador\FC2practicasWS\pr4\Debug/../pr4.c:83
	//vemos si U estaba más lejos
	char mayor = d_u > d_v;
 1fc:	fec42703          	lw	a4,-20(s0)
 200:	fe842783          	lw	a5,-24(s0)
 204:	00e7a7b3          	slt	a5,a5,a4
 208:	0ff7f793          	andi	a5,a5,255
 20c:	fef403a3          	sb	a5,-25(s0)
C:\Users\Catalina\Documents\Universidad\1-2\FC2\Ensamblador\FC2practicasWS\pr4\Debug/../pr4.c:84
	guardar(mayor, &mayor_u);
 210:	fe740703          	lb	a4,-25(s0)
 214:	000107b7          	lui	a5,0x10
 218:	02878593          	addi	a1,a5,40 # 10028 <mayor_u>
 21c:	00070513          	mv	a0,a4
 220:	ed1ff0ef          	jal	ra,f0 <guardar>
C:\Users\Catalina\Documents\Universidad\1-2\FC2\Ensamblador\FC2practicasWS\pr4\Debug/../pr4.c:86 (discriminator 1)

	while(1); //quedo en un bucle infinito
 224:	0000006f          	j	224 <main+0x60>
