
Discarded input sections

 .group         0x0000000000000000        0xc ./pr4.o

Memory Configuration

Name             Origin             Length             Attributes
*default*        0x0000000000000000 0xffffffffffffffff

Linker script and memory map

LOAD ./fun_asm.o
LOAD ./pr4.o
LOAD c:/eclipse/sysgcc/bin/../lib/gcc/riscv64-unknown-elf/10.1.0/rv32im/ilp32\libgcc.a
START GROUP
LOAD c:/eclipse/sysgcc/bin/../lib/gcc/riscv64-unknown-elf/10.1.0/../../../../riscv64-unknown-elf/lib/rv32im/ilp32\libc.a
LOAD c:/eclipse/sysgcc/bin/../lib/gcc/riscv64-unknown-elf/10.1.0/../../../../riscv64-unknown-elf/lib/rv32im/ilp32\libgloss.a
END GROUP
LOAD c:/eclipse/sysgcc/bin/../lib/gcc/riscv64-unknown-elf/10.1.0/rv32im/ilp32\libgcc.a
                0x0000000000000000                . = 0x0

.text           0x0000000000000000        0x0
 *(.text)
 .text          0x0000000000000000        0x0 ./fun_asm.o
 .text          0x0000000000000000        0x0 ./pr4.o

.text.guardar   0x0000000000000000       0x34
 .text.guardar  0x0000000000000000       0x34 ./pr4.o
                0x0000000000000000                guardar

.text.mul       0x0000000000000034       0x84
 .text.mul      0x0000000000000034       0x84 ./pr4.o
                0x0000000000000034                mul

.text.i_sqrt    0x00000000000000b8       0x58
 .text.i_sqrt   0x00000000000000b8       0x58 ./pr4.o
                0x00000000000000b8                i_sqrt

.text.eucl_dist
                0x0000000000000110       0xa0
 .text.eucl_dist
                0x0000000000000110       0xa0 ./pr4.o
                0x0000000000000110                eucl_dist

.text.main      0x00000000000001b0       0x64
 .text.main     0x00000000000001b0       0x64 ./pr4.o
                0x00000000000001b0                main
                0x0000000000010000                . = 0x10000

.data           0x0000000000010000        0x0
 *(.data)
 .data          0x0000000000010000        0x0 ./fun_asm.o
 .data          0x0000000000010000        0x0 ./pr4.o

.data.U         0x0000000000010000       0x14
 .data.U        0x0000000000010000       0x14 ./pr4.o
                0x0000000000010000                U

.data.V         0x0000000000010014       0x14
 .data.V        0x0000000000010014       0x14 ./pr4.o
                0x0000000000010014                V

.bss            0x0000000000010028        0x0
 *(.bss)
 .bss           0x0000000000010028        0x0 ./fun_asm.o
 .bss           0x0000000000010028        0x0 ./pr4.o

.sbss.mayor_u   0x0000000000010028        0x1
 .sbss.mayor_u  0x0000000000010028        0x1 ./pr4.o
                0x0000000000010028                mayor_u

.rodata
 *(.rodata)
                0x0000000000020000                _stack = 0x20000
OUTPUT(pr4.elf elf32-littleriscv)

.riscv.attributes
                0x0000000000000000       0x21
 .riscv.attributes
                0x0000000000000000       0x1f ./fun_asm.o
 .riscv.attributes
                0x000000000000001f       0x21 ./pr4.o

.comment        0x0000000000000000       0x12
 .comment       0x0000000000000000       0x12 ./pr4.o
                                         0x13 (size before relaxing)

.debug_info     0x0000000000000000      0x1ed
 .debug_info    0x0000000000000000      0x1ed ./pr4.o

.debug_abbrev   0x0000000000000000      0x12d
 .debug_abbrev  0x0000000000000000      0x12d ./pr4.o

.debug_aranges  0x0000000000000000       0x40
 .debug_aranges
                0x0000000000000000       0x40 ./pr4.o

.debug_ranges   0x0000000000000000       0x30
 .debug_ranges  0x0000000000000000       0x30 ./pr4.o

.debug_macro    0x0000000000000000      0x6ff
 .debug_macro   0x0000000000000000       0x17 ./pr4.o
 .debug_macro   0x0000000000000017      0x6e8 ./pr4.o

.debug_line     0x0000000000000000      0x1ec
 .debug_line    0x0000000000000000      0x1ec ./pr4.o

.debug_str      0x0000000000000000     0x242c
 .debug_str     0x0000000000000000     0x242c ./pr4.o
                                       0x243e (size before relaxing)

.debug_frame    0x0000000000000000       0xc4
 .debug_frame   0x0000000000000000       0xc4 ./pr4.o
