22:18:09 **** Incremental Build of configuration Debug for project pr5 ****
make all 
'Building file: ../fun_c.c'
'Invoking: GNU RISC-V Cross C Compiler'
riscv64-unknown-elf-gcc -march=rv32im -mabi=ilp32 -msmall-data-limit=8 -mno-save-restore -O0 -fmessage-length=0 -fsigned-char -ffunction-sections -fdata-sections  -g3 -std=gnu11 -MMD -MP -MF"fun_c.d" -MT"fun_c.o" -c -o "fun_c.o" "../fun_c.c"
../fun_c.c: In function 'merge':
../fun_c.c:34:21: warning: implicit declaration of function 'malloc' [-Wimplicit-function-declaration]
   34 |     int *b = (int *)malloc(n * sizeof(int)); /* dynamic memory must be freed */
      |                     ^~~~~~
../fun_c.c:34:21: warning: incompatible implicit declaration of built-in function 'malloc'
../fun_c.c:1:1: note: include '<stdlib.h>' or provide a declaration of 'malloc'
  +++ |+#include <stdlib.h>
    1 | /**
../fun_c.c: In function 'main':
../fun_c.c:103:14: warning: initialization of 'int *' from 'int' makes pointer from integer without a cast [-Wint-conversion]
  103 |     int *a= {3, 5, -1, 9, 7, 4, 8};
      |              ^
../fun_c.c:103:14: note: (near initialization for 'a')
../fun_c.c:103:17: warning: excess elements in scalar initializer
  103 |     int *a= {3, 5, -1, 9, 7, 4, 8};
      |                 ^
../fun_c.c:103:17: note: (near initialization for 'a')
../fun_c.c:103:20: warning: excess elements in scalar initializer
  103 |     int *a= {3, 5, -1, 9, 7, 4, 8};
      |                    ^
../fun_c.c:103:20: note: (near initialization for 'a')
../fun_c.c:103:24: warning: excess elements in scalar initializer
  103 |     int *a= {3, 5, -1, 9, 7, 4, 8};
      |                        ^
../fun_c.c:103:24: note: (near initialization for 'a')
../fun_c.c:103:27: warning: excess elements in scalar initializer
  103 |     int *a= {3, 5, -1, 9, 7, 4, 8};
      |                           ^
../fun_c.c:103:27: note: (near initialization for 'a')
../fun_c.c:103:30: warning: excess elements in scalar initializer
  103 |     int *a= {3, 5, -1, 9, 7, 4, 8};
      |                              ^
../fun_c.c:103:30: note: (near initialization for 'a')
../fun_c.c:103:33: warning: excess elements in scalar initializer
  103 |     int *a= {3, 5, -1, 9, 7, 4, 8};
      |                                 ^
../fun_c.c:103:33: note: (near initialization for 'a')
'Finished building: ../fun_c.c'
' '
'Building target: pr5.elf'
'Invoking: GNU RISC-V Cross C Linker'
riscv64-unknown-elf-gcc -march=rv32im -mabi=ilp32 -msmall-data-limit=8 -mno-save-restore -O0 -fmessage-length=0 -fsigned-char -ffunction-sections -fdata-sections  -g3 -T ../ldscript.ld -nostartfiles -Wl,-Map,"pr5.map" -o "pr5.elf"  ./fun_asm.o ./fun_c.o   
'Finished building target: pr5.elf'
' '
'Invoking: GNU RISC-V Cross Create Flash Image'
riscv64-unknown-elf-objcopy -O ihex "pr5.elf"  "pr5.hex"
'Finished building: pr5.hex'
' '
'Invoking: GNU RISC-V Cross Create Listing'
riscv64-unknown-elf-objdump --source --all-headers --demangle --disassemble --line-numbers --wide "pr5.elf" > "pr5.lst"
'Finished building: pr5.lst'
' '
'Invoking: GNU RISC-V Cross Print Size'
riscv64-unknown-elf-size --format=berkeley "pr5.elf"
   text	   data	    bss	    dec	    hex	filename
   4900	   2108	     60	   7068	   1b9c	pr5.elf
'Finished building: pr5.siz'
' '
22:18:12 **** Incremental Build of configuration Debug for project pr5 ****
make all 
'Invoking: GNU RISC-V Cross Print Size'
riscv64-unknown-elf-size --format=berkeley "pr5.elf"
   text	   data	    bss	    dec	    hex	filename
   4900	   2108	     60	   7068	   1b9c	pr5.elf
'Finished building: pr5.siz'
' '
22:18:58 **** Incremental Build of configuration Debug for project pr5 ****
make all 
'Invoking: GNU RISC-V Cross Print Size'
riscv64-unknown-elf-size --format=berkeley "pr5.elf"
   text	   data	    bss	    dec	    hex	filename
   4900	   2108	     60	   7068	   1b9c	pr5.elf
'Finished building: pr5.siz'
' '
22:19:09 **** Incremental Build of configuration Debug for project pr5 ****
make all 
'Invoking: GNU RISC-V Cross Print Size'
riscv64-unknown-elf-size --format=berkeley "pr5.elf"
   text	   data	    bss	    dec	    hex	filename
   4900	   2108	     60	   7068	   1b9c	pr5.elf
'Finished building: pr5.siz'
' '
22:19:55 **** Incremental Build of configuration Debug for project pr5 ****
make all 
'Building file: ../fun_c.c'
'Invoking: GNU RISC-V Cross C Compiler'
riscv64-unknown-elf-gcc -march=rv32im -mabi=ilp32 -msmall-data-limit=8 -mno-save-restore -O0 -fmessage-length=0 -fsigned-char -ffunction-sections -fdata-sections  -g3 -std=gnu11 -MMD -MP -MF"fun_c.d" -MT"fun_c.o" -c -o "fun_c.o" "../fun_c.c"
../fun_c.c: In function 'merge':
../fun_c.c:34:21: warning: implicit declaration of function 'malloc' [-Wimplicit-function-declaration]
   34 |     int *b = (int *)malloc(n * sizeof(int)); /* dynamic memory must be freed */
      |                     ^~~~~~
../fun_c.c:34:21: warning: incompatible implicit declaration of built-in function 'malloc'
../fun_c.c:1:1: note: include '<stdlib.h>' or provide a declaration of 'malloc'
  +++ |+#include <stdlib.h>
    1 | /**
../fun_c.c:73:5: warning: implicit declaration of function 'free' [-Wimplicit-function-declaration]
   73 |     free(b);
      |     ^~~~
../fun_c.c:73:5: warning: incompatible implicit declaration of built-in function 'free'
../fun_c.c:73:5: note: include '<stdlib.h>' or provide a declaration of 'free'
../fun_c.c: In function 'main':
../fun_c.c:103:14: warning: initialization of 'int *' from 'int' makes pointer from integer without a cast [-Wint-conversion]
  103 |     int *a= {3, 5, -1, 9, 7, 4, 8};
      |              ^
../fun_c.c:103:14: note: (near initialization for 'a')
../fun_c.c:103:17: warning: excess elements in scalar initializer
  103 |     int *a= {3, 5, -1, 9, 7, 4, 8};
      |                 ^
../fun_c.c:103:17: note: (near initialization for 'a')
../fun_c.c:103:20: warning: excess elements in scalar initializer
  103 |     int *a= {3, 5, -1, 9, 7, 4, 8};
      |                    ^
../fun_c.c:103:20: note: (near initialization for 'a')
../fun_c.c:103:24: warning: excess elements in scalar initializer
  103 |     int *a= {3, 5, -1, 9, 7, 4, 8};
      |                        ^
../fun_c.c:103:24: note: (near initialization for 'a')
../fun_c.c:103:27: warning: excess elements in scalar initializer
  103 |     int *a= {3, 5, -1, 9, 7, 4, 8};
      |                           ^
../fun_c.c:103:27: note: (near initialization for 'a')
../fun_c.c:103:30: warning: excess elements in scalar initializer
  103 |     int *a= {3, 5, -1, 9, 7, 4, 8};
      |                              ^
../fun_c.c:103:30: note: (near initialization for 'a')
../fun_c.c:103:33: warning: excess elements in scalar initializer
  103 |     int *a= {3, 5, -1, 9, 7, 4, 8};
      |                                 ^
../fun_c.c:103:33: note: (near initialization for 'a')
'Finished building: ../fun_c.c'
' '
'Building target: pr5.elf'
'Invoking: GNU RISC-V Cross C Linker'
riscv64-unknown-elf-gcc -march=rv32im -mabi=ilp32 -msmall-data-limit=8 -mno-save-restore -O0 -fmessage-length=0 -fsigned-char -ffunction-sections -fdata-sections  -g3 -T ../ldscript.ld -nostartfiles -Wl,-Map,"pr5.map" -o "pr5.elf"  ./fun_asm.o ./fun_c.o   
'Finished building target: pr5.elf'
' '
'Invoking: GNU RISC-V Cross Create Flash Image'
riscv64-unknown-elf-objcopy -O ihex "pr5.elf"  "pr5.hex"
'Finished building: pr5.hex'
' '
'Invoking: GNU RISC-V Cross Create Listing'
riscv64-unknown-elf-objdump --source --all-headers --demangle --disassemble --line-numbers --wide "pr5.elf" > "pr5.lst"
'Finished building: pr5.lst'
' '
'Invoking: GNU RISC-V Cross Print Size'
riscv64-unknown-elf-size --format=berkeley "pr5.elf"
   text	   data	    bss	    dec	    hex	filename
   4904	   2108	     60	   7072	   1ba0	pr5.elf
'Finished building: pr5.siz'
' '
22:20:07 **** Incremental Build of configuration Debug for project pr5 ****
make all 
'Invoking: GNU RISC-V Cross Print Size'
riscv64-unknown-elf-size --format=berkeley "pr5.elf"
   text	   data	    bss	    dec	    hex	filename
   4904	   2108	     60	   7072	   1ba0	pr5.elf
'Finished building: pr5.siz'
' '
22:20:32 **** Incremental Build of configuration Debug for project pr5 ****
make all 
'Building file: ../fun_c.c'
'Invoking: GNU RISC-V Cross C Compiler'
riscv64-unknown-elf-gcc -march=rv32im -mabi=ilp32 -msmall-data-limit=8 -mno-save-restore -O0 -fmessage-length=0 -fsigned-char -ffunction-sections -fdata-sections  -g3 -std=gnu11 -MMD -MP -MF"fun_c.d" -MT"fun_c.o" -c -o "fun_c.o" "../fun_c.c"
../fun_c.c: In function 'main':
../fun_c.c:103:14: warning: initialization of 'int *' from 'int' makes pointer from integer without a cast [-Wint-conversion]
  103 |     int *a= {3, 5, -1, 9, 7, 4, 8};
      |              ^
../fun_c.c:103:14: note: (near initialization for 'a')
../fun_c.c:103:17: warning: excess elements in scalar initializer
  103 |     int *a= {3, 5, -1, 9, 7, 4, 8};
      |                 ^
../fun_c.c:103:17: note: (near initialization for 'a')
../fun_c.c:103:20: warning: excess elements in scalar initializer
  103 |     int *a= {3, 5, -1, 9, 7, 4, 8};
      |                    ^
../fun_c.c:103:20: note: (near initialization for 'a')
../fun_c.c:103:24: warning: excess elements in scalar initializer
  103 |     int *a= {3, 5, -1, 9, 7, 4, 8};
      |                        ^
../fun_c.c:103:24: note: (near initialization for 'a')
../fun_c.c:103:27: warning: excess elements in scalar initializer
  103 |     int *a= {3, 5, -1, 9, 7, 4, 8};
      |                           ^
../fun_c.c:103:27: note: (near initialization for 'a')
../fun_c.c:103:30: warning: excess elements in scalar initializer
  103 |     int *a= {3, 5, -1, 9, 7, 4, 8};
      |                              ^
../fun_c.c:103:30: note: (near initialization for 'a')
../fun_c.c:103:33: warning: excess elements in scalar initializer
  103 |     int *a= {3, 5, -1, 9, 7, 4, 8};
      |                                 ^
../fun_c.c:103:33: note: (near initialization for 'a')
'Finished building: ../fun_c.c'
' '
'Building target: pr5.elf'
'Invoking: GNU RISC-V Cross C Linker'
riscv64-unknown-elf-gcc -march=rv32im -mabi=ilp32 -msmall-data-limit=8 -mno-save-restore -O0 -fmessage-length=0 -fsigned-char -ffunction-sections -fdata-sections  -g3 -T ../ldscript.ld -nostartfiles -Wl,-Map,"pr5.map" -o "pr5.elf"  ./fun_asm.o ./fun_c.o   
'Finished building target: pr5.elf'
' '
'Invoking: GNU RISC-V Cross Create Flash Image'
riscv64-unknown-elf-objcopy -O ihex "pr5.elf"  "pr5.hex"
'Finished building: pr5.hex'
' '
'Invoking: GNU RISC-V Cross Create Listing'
riscv64-unknown-elf-objdump --source --all-headers --demangle --disassemble --line-numbers --wide "pr5.elf" > "pr5.lst"
'Finished building: pr5.lst'
' '
'Invoking: GNU RISC-V Cross Print Size'
riscv64-unknown-elf-size --format=berkeley "pr5.elf"
   text	   data	    bss	    dec	    hex	filename
   1048	      0	      0	   1048	    418	pr5.elf
'Finished building: pr5.siz'
' '
22:20:45 **** Incremental Build of configuration Debug for project pr5 ****
make all 
'Invoking: GNU RISC-V Cross Print Size'
riscv64-unknown-elf-size --format=berkeley "pr5.elf"
   text	   data	    bss	    dec	    hex	filename
   1048	      0	      0	   1048	    418	pr5.elf
'Finished building: pr5.siz'
' '
22:21:00 **** Incremental Build of configuration Debug for project pr5 ****
make all 
'Invoking: GNU RISC-V Cross Print Size'
riscv64-unknown-elf-size --format=berkeley "pr5.elf"
   text	   data	    bss	    dec	    hex	filename
   1048	      0	      0	   1048	    418	pr5.elf
'Finished building: pr5.siz'
' '
22:22:20 **** Incremental Build of configuration Debug for project pr5 ****
make all 
'Building file: ../fun_c.c'
'Invoking: GNU RISC-V Cross C Compiler'
riscv64-unknown-elf-gcc -march=rv32im -mabi=ilp32 -msmall-data-limit=8 -mno-save-restore -O0 -fmessage-length=0 -fsigned-char -ffunction-sections -fdata-sections  -g3 -std=gnu11 -MMD -MP -MF"fun_c.d" -MT"fun_c.o" -c -o "fun_c.o" "../fun_c.c"
../fun_c.c: In function 'main':
../fun_c.c:104:11: warning: initialization of 'int *' from 'int' makes pointer from integer without a cast [-Wint-conversion]
  104 |  int *a= {3, 5, -1, 9, 7, 4, 8};
      |           ^
../fun_c.c:104:11: note: (near initialization for 'a')
../fun_c.c:104:14: warning: excess elements in scalar initializer
  104 |  int *a= {3, 5, -1, 9, 7, 4, 8};
      |              ^
../fun_c.c:104:14: note: (near initialization for 'a')
../fun_c.c:104:17: warning: excess elements in scalar initializer
  104 |  int *a= {3, 5, -1, 9, 7, 4, 8};
      |                 ^
../fun_c.c:104:17: note: (near initialization for 'a')
../fun_c.c:104:21: warning: excess elements in scalar initializer
  104 |  int *a= {3, 5, -1, 9, 7, 4, 8};
      |                     ^
../fun_c.c:104:21: note: (near initialization for 'a')
../fun_c.c:104:24: warning: excess elements in scalar initializer
  104 |  int *a= {3, 5, -1, 9, 7, 4, 8};
      |                        ^
../fun_c.c:104:24: note: (near initialization for 'a')
../fun_c.c:104:27: warning: excess elements in scalar initializer
  104 |  int *a= {3, 5, -1, 9, 7, 4, 8};
      |                           ^
../fun_c.c:104:27: note: (near initialization for 'a')
../fun_c.c:104:30: warning: excess elements in scalar initializer
  104 |  int *a= {3, 5, -1, 9, 7, 4, 8};
      |                              ^
../fun_c.c:104:30: note: (near initialization for 'a')
'Finished building: ../fun_c.c'
' '
'Building target: pr5.elf'
'Invoking: GNU RISC-V Cross C Linker'
riscv64-unknown-elf-gcc -march=rv32im -mabi=ilp32 -msmall-data-limit=8 -mno-save-restore -O0 -fmessage-length=0 -fsigned-char -ffunction-sections -fdata-sections  -g3 -T ../ldscript.ld -nostartfiles -Wl,-Map,"pr5.map" -o "pr5.elf"  ./fun_asm.o ./fun_c.o   
'Finished building target: pr5.elf'
' '
'Invoking: GNU RISC-V Cross Create Flash Image'
riscv64-unknown-elf-objcopy -O ihex "pr5.elf"  "pr5.hex"
'Finished building: pr5.hex'
' '
'Invoking: GNU RISC-V Cross Create Listing'
riscv64-unknown-elf-objdump --source --all-headers --demangle --disassemble --line-numbers --wide "pr5.elf" > "pr5.lst"
'Finished building: pr5.lst'
' '
'Invoking: GNU RISC-V Cross Print Size'
riscv64-unknown-elf-size --format=berkeley "pr5.elf"
   text	   data	    bss	    dec	    hex	filename
   1048	      0	      0	   1048	    418	pr5.elf
'Finished building: pr5.siz'
' '
22:23:44 **** Incremental Build of configuration Debug for project pr5 ****
make all 
'Invoking: GNU RISC-V Cross Print Size'
riscv64-unknown-elf-size --format=berkeley "pr5.elf"
   text	   data	    bss	    dec	    hex	filename
   1048	      0	      0	   1048	    418	pr5.elf
'Finished building: pr5.siz'
' '
