21:30:07 **** Incremental Build of configuration Debug for project pr3_a ****
make all 
'Invoking: GNU RISC-V Cross Print Size'
riscv64-unknown-elf-size --format=berkeley "pr3_a.elf"
   text	   data	    bss	    dec	    hex	filename
      0	     32	    180	    212	     d4	pr3_a.elf
'Finished building: pr3_a.siz'
' '
21:30:14 **** Incremental Build of configuration Debug for project pr3_a ****
make all 
'Invoking: GNU RISC-V Cross Print Size'
riscv64-unknown-elf-size --format=berkeley "pr3_a.elf"
   text	   data	    bss	    dec	    hex	filename
      0	     32	    180	    212	     d4	pr3_a.elf
'Finished building: pr3_a.siz'
' '
21:30:22 **** Incremental Build of configuration Debug for project pr3_a ****
make all 
'Invoking: GNU RISC-V Cross Print Size'
riscv64-unknown-elf-size --format=berkeley "pr3_a.elf"
   text	   data	    bss	    dec	    hex	filename
      0	     32	    180	    212	     d4	pr3_a.elf
'Finished building: pr3_a.siz'
' '
21:30:23 **** Incremental Build of configuration Debug for project pr3_a ****
make all 
'Invoking: GNU RISC-V Cross Print Size'
riscv64-unknown-elf-size --format=berkeley "pr3_a.elf"
   text	   data	    bss	    dec	    hex	filename
      0	     32	    180	    212	     d4	pr3_a.elf
'Finished building: pr3_a.siz'
' '
21:30:50 **** Incremental Build of configuration Debug for project pr3_a ****
make all 
'Invoking: GNU RISC-V Cross Print Size'
riscv64-unknown-elf-size --format=berkeley "pr3_a.elf"
   text	   data	    bss	    dec	    hex	filename
      0	     32	    180	    212	     d4	pr3_a.elf
'Finished building: pr3_a.siz'
' '
21:31:40 **** Incremental Build of configuration Debug for project pr3_a ****
make all 
'Invoking: GNU RISC-V Cross Print Size'
riscv64-unknown-elf-size --format=berkeley "pr3_a.elf"
   text	   data	    bss	    dec	    hex	filename
      0	     32	    180	    212	     d4	pr3_a.elf
'Finished building: pr3_a.siz'
' '
