22:42:48 **** Incremental Build of configuration Debug for project pr2_a ****
make all 
'Building file: ../pr2_a.asm'
'Invoking: GNU RISC-V Cross Assembler'
riscv64-unknown-elf-gcc -march=rv32im -mabi=ilp32 -msmall-data-limit=8 -mno-save-restore -O0 -fmessage-length=0 -fsigned-char -ffunction-sections -fdata-sections  -g3 -x assembler-with-cpp -MMD -MP -MF"pr2_a.d" -MT"pr2_a.o" -c -o "pr2_a.o" "../pr2_a.asm"
'Finished building: ../pr2_a.asm'
' '
'Building target: pr2_a.elf'
'Invoking: GNU RISC-V Cross C Linker'
riscv64-unknown-elf-gcc -march=rv32im -mabi=ilp32 -msmall-data-limit=8 -mno-save-restore -O0 -fmessage-length=0 -fsigned-char -ffunction-sections -fdata-sections  -g3 -T "C:\Users\Catalina\Documents\Universidad\1-2\FC2\Ensamblador\FC2practicasWS\pr2_a\ldscript.ld" -nostartfiles -Xlinker --gc-sections -Wl,-Map,"pr2_a.map" -o "pr2_a.elf"  ./pr2_a.o   
'Finished building target: pr2_a.elf'
' '
'Invoking: GNU RISC-V Cross Create Flash Image'
riscv64-unknown-elf-objcopy -O ihex "pr2_a.elf"  "pr2_a.hex"
'Finished building: pr2_a.hex'
' '
'Invoking: GNU RISC-V Cross Create Listing'
riscv64-unknown-elf-objdump --source --all-headers --demangle --disassemble --line-numbers --wide "pr2_a.elf" > "pr2_a.lst"
'Finished building: pr2_a.lst'
' '
'Invoking: GNU RISC-V Cross Print Size'
riscv64-unknown-elf-size --format=berkeley "pr2_a.elf"
   text	   data	    bss	    dec	    hex	filename
     48	      0	      4	     52	     34	pr2_a.elf
'Finished building: pr2_a.siz'
' '
22:44:06 **** Build of configuration Debug for project pr1_lab ****
make all 
'Building file: ../pr1_lab.asm'
'Invoking: GNU RISC-V Cross Assembler'
riscv64-unknown-elf-gcc -march=rv32im -mabi=ilp32 -msmall-data-limit=8 -mno-save-restore -O0 -fmessage-length=0 -fsigned-char -ffunction-sections -fdata-sections  -g3 -x assembler-with-cpp -MMD -MP -MF"pr1_lab.d" -MT"pr1_lab.o" -c -o "pr1_lab.o" "../pr1_lab.asm"
'Finished building: ../pr1_lab.asm'
' '
'Building target: pr1_lab.elf'
'Invoking: GNU RISC-V Cross C Linker'
riscv64-unknown-elf-gcc -march=rv32im -mabi=ilp32 -msmall-data-limit=8 -mno-save-restore -O0 -fmessage-length=0 -fsigned-char -ffunction-sections -fdata-sections  -g3 -T "C:\Users\Catalina\Documents\Universidad\1-2\FC2\Ensamblador\FC2practicasWS\pr1_lab\ldscript.ld" -nostartfiles -Xlinker --gc-sections -Wl,-Map,"pr1_lab.map" -o "pr1_lab.elf"  ./pr1_lab.o   
'Finished building target: pr1_lab.elf'
' '
'Invoking: GNU RISC-V Cross Create Flash Image'
riscv64-unknown-elf-objcopy -O ihex "pr1_lab.elf"  "pr1_lab.hex"
'Finished building: pr1_lab.hex'
' '
'Invoking: GNU RISC-V Cross Create Listing'
riscv64-unknown-elf-objdump --source --all-headers --demangle --disassemble --line-numbers --wide "pr1_lab.elf" > "pr1_lab.lst"
'Finished building: pr1_lab.lst'
' '
'Invoking: GNU RISC-V Cross Print Size'
riscv64-unknown-elf-size --format=berkeley "pr1_lab.elf"
   text	   data	    bss	    dec	    hex	filename
     68	      8	      4	     80	     50	pr1_lab.elf
'Finished building: pr1_lab.siz'
' '
22:44:38 **** Incremental Build of configuration Debug for project pr2_a ****
make all 
'Invoking: GNU RISC-V Cross Print Size'
riscv64-unknown-elf-size --format=berkeley "pr2_a.elf"
   text	   data	    bss	    dec	    hex	filename
     48	      0	      4	     52	     34	pr2_a.elf
'Finished building: pr2_a.siz'
' '
22:45:03 **** Incremental Build of configuration Debug for project pr2_a ****
make all 
'Invoking: GNU RISC-V Cross Print Size'
riscv64-unknown-elf-size --format=berkeley "pr2_a.elf"
   text	   data	    bss	    dec	    hex	filename
     48	      0	      4	     52	     34	pr2_a.elf
'Finished building: pr2_a.siz'
' '
