22:44:06 **** Build of configuration Debug for project pr1_lab ****
make all 
'Building file: ../pr1_lab.asm'
'Invoking: GNU RISC-V Cross Assembler'
riscv64-unknown-elf-gcc -march=rv32im -mabi=ilp32 -msmall-data-limit=8 -mno-save-restore -O0 -fmessage-length=0 -fsigned-char -ffunction-sections -fdata-sections  -g3 -x assembler-with-cpp -MMD -MP -MF"pr1_lab.d" -MT"pr1_lab.o" -c -o "pr1_lab.o" "../pr1_lab.asm"
'Finished building: ../pr1_lab.asm'
' '
'Building target: pr1_lab.elf'
'Invoking: GNU RISC-V Cross C Linker'
riscv64-unknown-elf-gcc -march=rv32im -mabi=ilp32 -msmall-data-limit=8 -mno-save-restore -O0 -fmessage-length=0 -fsigned-char -ffunction-sections -fdata-sections  -g3 -T "C:\Users\Catalina\Documents\Universidad\1-2\FC2\Ensamblador\FC2practicasWS\pr1_lab\ldscript.ld" -nostartfiles -Xlinker --gc-sections -Wl,-Map,"pr1_lab.map" -o "pr1_lab.elf"  ./pr1_lab.o   
'Finished building target: pr1_lab.elf'
' '
'Invoking: GNU RISC-V Cross Create Flash Image'
riscv64-unknown-elf-objcopy -O ihex "pr1_lab.elf"  "pr1_lab.hex"
'Finished building: pr1_lab.hex'
' '
'Invoking: GNU RISC-V Cross Create Listing'
riscv64-unknown-elf-objdump --source --all-headers --demangle --disassemble --line-numbers --wide "pr1_lab.elf" > "pr1_lab.lst"
'Finished building: pr1_lab.lst'
' '
'Invoking: GNU RISC-V Cross Print Size'
riscv64-unknown-elf-size --format=berkeley "pr1_lab.elf"
   text	   data	    bss	    dec	    hex	filename
     68	      8	      4	     80	     50	pr1_lab.elf
'Finished building: pr1_lab.siz'
' '

22:44:09 Build Finished. 0 errors, 0 warnings. (took 2s.467ms)

